C51 COMPILER V9.54   PCA                                                                   05/27/2025 22:18:17 PAGE 1   


C51 COMPILER V9.54, COMPILATION OF MODULE PCA
OBJECT MODULE PLACED IN .\Objects\pca.obj
COMPILER INVOKED BY: D:\Keil5\C51\BIN\C51.EXE pca.c OPTIMIZE(8,SPEED) BROWSE DEBUG OBJECTEXTEND PRINT(.\Listings\pca.lst
                    -) OBJECT(.\Objects\pca.obj)

line level    source

   1          #include "reg51.h"
   2          #include "intrins.h"
   3          #include "pca.h"     // 包含头文件
   4          #include "flowmeter.h" // 添加flowmeter.h以获取FLOW_MODE_OFF定义
   5          #include "keyboard_control.h" // 添加按键控制头文件
   6          
   7          #define FOSC    11059200L
   8          #define T100Hz  (FOSC / 12 / 100)
   9          #define T1000Hz (FOSC / 12 / 1000)
  10          
  11          // typedef unsigned char BYTE;
  12          // typedef unsigned int WORD;
  13          
  14          /*Declare SFR associated with the PCA */
  15          sfr CCON        =   0xD8;           //PCA control register
  16          sbit CCF0       =   CCON^0;         //PCA module-0 interrupt flag
  17          sbit CCF1       =   CCON^1;         //PCA module-1 interrupt flag
  18          sbit CR         =   CCON^6;         //PCA timer run control bit
  19          sbit CF         =   CCON^7;         //PCA timer overflow flag
  20          sfr CMOD        =   0xD9;           //PCA mode register
  21          sfr CL          =   0xE9;           //PCA base timer LOW
  22          sfr CH          =   0xF9;           //PCA base timer HIGH
  23          sfr CCAPM0      =   0xDA;           //PCA module-0 mode register
  24          sfr CCAP0L      =   0xEA;           //PCA module-0 capture register LOW
  25          sfr CCAP0H      =   0xFA;           //PCA module-0 capture register HIGH
  26          sfr CCAPM1      =   0xDB;           //PCA module-1 mode registers
  27          sfr CCAP1L      =   0xEB;           //PCA module-1 capture register LOW
  28          sfr CCAP1H      =   0xFB;           //PCA module-1 capture register HIGH
  29          sfr PCAPWM0     =   0xf2;
  30          sfr PCAPWM1     =   0xf3;
  31          
  32          sbit PCA_LED    =   P1^0;           //PCA test LED
  33          
  34          BYTE cnt;
  35          WORD xdata value;
  36          WORD xdata value1;
  37          
  38          // 支持年月日的系统参数 - 初始化为2025年1月1日 00:00:00
  39          SYS_PARAMS SysPara1 = {2025, 1, 1, 0, 0, 0};
  40          
  41          // 显示相关引脚定义
  42          sbit DATA = DISP_PORT^0;  // 串行数据输入
  43          sbit SCK  = DISP_PORT^1;  // 移位时钟
  44          sbit RCK  = DISP_PORT^2;  // 存储时钟
  45          sbit OE   = DISP_PORT^3;  // 输出使能(低有效)
  46          
  47          #define CURRENTFLOW_MODE 0x39 // 当前流量模式
  48          #define TOTALFLOW_MODE 0X71   // 累计流量模式
  49          
  50          /* 共阴极数码管段码定义 */
  51          static code const unsigned char LED[] = {0x3F,0x06,0x5B,0x4F,0x66,0x6D,0x7D,0x07,0x7F,0x6F,CURRENTFLOW_MOD
             -E,TOTALFLOW_MODE};
  52          
  53          // 显示缓冲区
C51 COMPILER V9.54   PCA                                                                   05/27/2025 22:18:17 PAGE 2   

  54          unsigned char xdata dispbuff[8] = {SEG_OFF,SEG_OFF,SEG_OFF,SEG_OFF,SEG_OFF,SEG_OFF,SEG_OFF,SEG_OFF};
  55          
  56          // 日期时间显示模式
  57          BYTE datetime_display_mode = DISPLAY_TIME_MODE;  // 默认显示时间
  58          
  59          // 实现显示相关函数
  60          void delay_ms(unsigned int ms) {
  61   1          unsigned int i, j;
  62   1          for (i = 0; i < ms; i++)
  63   1              for (j = 0; j < 120; j++);
  64   1      }
  65          
  66          void Resetdispbuff() {
  67   1          unsigned char i;
  68   1          for(i = 0; i < 8; i++) dispbuff[i] = SEG_OFF;
  69   1      }
  70          
  71          void FillDispBuf(BYTE hour, BYTE min, BYTE sec) {
  72   1          Resetdispbuff();
  73   1          // 秒部分（右起0-1位）
  74   1          dispbuff[0] = LED[sec % 10]; // 秒个位
  75   1          dispbuff[1] = LED[sec / 10]; // 秒十位
  76   1          
  77   1          // 分钟部分（右起2-3位）
  78   1          dispbuff[2] = LED[min % 10];
  79   1          dispbuff[3] = LED[min / 10];
  80   1          
  81   1          // 小时部分（右起4-5位）
  82   1          dispbuff[4] = LED[hour % 10];
  83   1          dispbuff[5] = LED[hour / 10];
  84   1          
  85   1          // 时间显示时，左边两位不显示
  86   1          dispbuff[6] = SEG_OFF;
  87   1          dispbuff[7] = SEG_OFF;
  88   1      }
  89          
  90          // 修改：填充日期显示缓冲区 (YYYYMMDD格式，使用全部8位数码管)
  91          void FillDateBuf(WORD year, BYTE month, BYTE day) {
  92   1          Resetdispbuff();
  93   1          
  94   1          // 日期部分（右起0-1位）
  95   1          dispbuff[0] = LED[day % 10];   // 日个位
  96   1          dispbuff[1] = LED[day / 10];   // 日十位
  97   1          
  98   1          // 月份部分（右起2-3位）
  99   1          dispbuff[2] = LED[month % 10]; // 月个位
 100   1          dispbuff[3] = LED[month / 10]; // 月十位
 101   1          
 102   1          // 年份部分（右起4-7位，显示完整4位年份）
 103   1          dispbuff[4] = LED[year % 10];           // 年个位
 104   1          dispbuff[5] = LED[(year / 10) % 10];    // 年十位
 105   1          dispbuff[6] = LED[(year / 100) % 10];   // 年百位
 106   1          dispbuff[7] = LED[(year / 1000) % 10];  // 年千位
 107   1      }
 108          
 109          // 自定义显示缓冲区填充函数
 110          void FillCustomDispBuf(BYTE val1, BYTE val2, BYTE val3, BYTE val4, BYTE val5, BYTE val6) {
 111   1          Resetdispbuff();
 112   1          
 113   1          // 填充6个数字位（右侧6位）
 114   1          dispbuff[0] = LED[val1];
 115   1          dispbuff[1] = LED[val2];
C51 COMPILER V9.54   PCA                                                                   05/27/2025 22:18:17 PAGE 3   

 116   1          dispbuff[2] = LED[val3];
 117   1          dispbuff[3] = LED[val4];
 118   1          dispbuff[4] = LED[val5];
 119   1          dispbuff[5] = LED[val6];
 120   1          
 121   1          // 左侧2位关闭
 122   1          dispbuff[6] = SEG_OFF;
 123   1          dispbuff[7] = SEG_OFF;
 124   1      }
 125          
 126          // 新增：8位自定义显示缓冲区填充函数
 127          void FillCustomDispBuf8(BYTE val1, BYTE val2, BYTE val3, BYTE val4, BYTE val5, BYTE val6, BYTE val7, BYTE 
             -val8) {
 128   1          Resetdispbuff();
 129   1          
 130   1          // 填充8个数字位
 131   1          dispbuff[0] = LED[val1];  // 最右位
 132   1          dispbuff[1] = LED[val2];
 133   1          dispbuff[2] = LED[val3];
 134   1          dispbuff[3] = LED[val4];
 135   1          dispbuff[4] = LED[val5];
 136   1          dispbuff[5] = LED[val6];
 137   1          dispbuff[6] = LED[val7];
 138   1          dispbuff[7] = LED[val8];  // 最左位
 139   1      }
 140          
 141          void disp(void) {
 142   1          unsigned char i;
 143   1          static unsigned char pos = 0;  // 当前扫描的位置
 144   1          static unsigned char mark = 0x01;  // 位选掩码
 145   1          unsigned char tmpdata;
 146   1          
 147   1          // 设置输出使能为高，准备数据传输
 148   1          OE = 1;
 149   1          
 150   1          // 准备位选数据（低电平有效）
 151   1          tmpdata = ~mark;
 152   1          
 153   1          // 发送位选数据到74HC595
 154   1          for(i = 0; i < 8; i++) {
 155   2              // 从最高位开始发送
 156   2              DATA = (tmpdata & 0x80) ? 1 : 0;
 157   2              SCK = 0;
 158   2              SCK = 1;
 159   2              tmpdata <<= 1;
 160   2          }
 161   1          
 162   1          // 发送段码数据到74HC595
 163   1          tmpdata = dispbuff[pos];
 164   1          for(i = 0; i < 8; i++) {
 165   2              // 从最高位开始发送
 166   2              DATA = (tmpdata & 0x80) ? 1 : 0;
 167   2              SCK = 0;
 168   2              SCK = 1;
 169   2              tmpdata <<= 1;
 170   2          }
 171   1          
 172   1          // 锁存数据并输出
 173   1          RCK = 0;
 174   1          RCK = 1;
 175   1          
 176   1          // 使能输出
C51 COMPILER V9.54   PCA                                                                   05/27/2025 22:18:17 PAGE 4   

 177   1          OE = 0;
 178   1          
 179   1          // 移动到下一位
 180   1          pos = (pos + 1) % 8;
 181   1          mark = (mark << 1) | (mark >> 7);  // 循环左移
 182   1          if(mark == 0) mark = 0x01;  // 确保非零
 183   1      }
 184          
 185          // 时间编辑相关变量
 186          static BYTE timeEditMode = 0;  // 0: 正常显示, 1-6: 编辑年月日时分秒
 187          static BYTE blinkState = 0;    // 闪烁状态: 0 显示, 1 不显示
 188          
 189          // 新增：自动轮换显示相关变量
 190          static BYTE xdata autoToggleCounter = 0;  // 自动切换计数器
 191          #define AUTO_TOGGLE_INTERVAL 5       // 每5秒切换一次显示模式
 192          
 193          // 设置时间编辑模式
 194          void PCA_SetTimeEditMode(BYTE position) {
 195   1          timeEditMode = position;
 196   1          blinkState = 0;  // 开始时处于显示状态
 197   1      }
 198          
 199          // 退出时间编辑模式
 200          void PCA_ExitTimeEditMode(void) {
 201   1          timeEditMode = 0;
 202   1          // 根据当前显示模式更新显示
 203   1          if(datetime_display_mode == DISPLAY_TIME_MODE) {
 204   2              FillDispBuf(SysPara1.hour, SysPara1.min, SysPara1.sec);
 205   2          } else {
 206   2              FillDateBuf(SysPara1.year, SysPara1.month, SysPara1.day);
 207   2          }
 208   1      }
 209          
 210          // 增加时间值
 211          void PCA_IncreaseTimeValue(BYTE position) {
 212   1          switch (position) {
 213   2              case YEAR_POS:
 214   2                  SysPara1.year++;
 215   2                  if(SysPara1.year > 2099) SysPara1.year = 2000;  // 年份范围2000-2099
 216   2                  break;
 217   2              case MONTH_POS:
 218   2                  SysPara1.month++;
 219   2                  if(SysPara1.month > 12) SysPara1.month = 1;
 220   2                  // 检查日期是否超出当月最大天数
 221   2                  if(SysPara1.day > PCA_GetDaysInMonth(SysPara1.year, SysPara1.month)) {
 222   3                      SysPara1.day = PCA_GetDaysInMonth(SysPara1.year, SysPara1.month);
 223   3                  }
 224   2                  break;
 225   2              case DAY_POS:
 226   2                  SysPara1.day++;
 227   2                  if(SysPara1.day > PCA_GetDaysInMonth(SysPara1.year, SysPara1.month)) {
 228   3                      SysPara1.day = 1;
 229   3                  }
 230   2                  break;
 231   2              case HOUR_POS:
 232   2                  SysPara1.hour = (SysPara1.hour + 1) % 24;
 233   2                  break;
 234   2              case MIN_POS:
 235   2                  SysPara1.min = (SysPara1.min + 1) % 60;
 236   2                  break;
 237   2              case SEC_POS:
 238   2                  SysPara1.sec = (SysPara1.sec + 1) % 60;
C51 COMPILER V9.54   PCA                                                                   05/27/2025 22:18:17 PAGE 5   

 239   2                  break;
 240   2          }
 241   1          
 242   1          // 更新显示
 243   1          if(datetime_display_mode == DISPLAY_TIME_MODE) {
 244   2              FillDispBuf(SysPara1.hour, SysPara1.min, SysPara1.sec);
 245   2          } else {
 246   2              FillDateBuf(SysPara1.year, SysPara1.month, SysPara1.day);
 247   2          }
 248   1      }
 249          
 250          // 设置时分秒
 251          void PCA_SetTime(BYTE hour, BYTE min, BYTE sec) {
 252   1          // 验证输入时间是否有效
 253   1          if(hour < 24 && min < 60 && sec < 60) {
 254   2              SysPara1.hour = hour;
 255   2              SysPara1.min = min;
 256   2              SysPara1.sec = sec;
 257   2              
 258   2              // 时间修改后重新计算今日触发标志
 259   2              if(timed_watering.enabled) {
 260   3                  // 重新判断今天的浇水时间是否已过
 261   3                  if(SysPara1.hour > timed_watering.start_hour || 
 262   3                     (SysPara1.hour == timed_watering.start_hour && SysPara1.min > timed_watering.start_min) ||
 263   3                     (SysPara1.hour == timed_watering.start_hour && SysPara1.min == timed_watering.start_min && 
             -SysPara1.sec > timed_watering.start_sec)) {
 264   4                      timed_watering.triggered_today = 1;  // 今天的浇水时间已过
 265   4                  } else {
 266   4                      timed_watering.triggered_today = 0;  // 今天的浇水时间还没到，可以触发
 267   4                  }
 268   3              }
 269   2              
 270   2              // 如果当前是时钟显示模式，更新显示
 271   2              if(FlowMeter_GetMode() == FLOW_MODE_OFF && timeEditMode == 0) {
 272   3                  if(datetime_display_mode == DISPLAY_TIME_MODE) {
 273   4                      FillDispBuf(SysPara1.hour, SysPara1.min, SysPara1.sec);
 274   4                  }
 275   3              }
 276   2          }
 277   1      }
 278          
 279          // 新增：设置年月日
 280          void PCA_SetDate(WORD year, BYTE month, BYTE day) {
 281   1          // 验证输入日期是否有效
 282   1          if(year >= 2000 && year <= 2099 && month >= 1 && month <= 12 && 
 283   1             day >= 1 && day <= PCA_GetDaysInMonth(year, month)) {
 284   2              SysPara1.year = year;
 285   2              SysPara1.month = month;
 286   2              SysPara1.day = day;
 287   2              
 288   2              // 如果当前是日期显示模式，更新显示
 289   2              if(FlowMeter_GetMode() == FLOW_MODE_OFF && timeEditMode == 0) {
 290   3                  if(datetime_display_mode == DISPLAY_DATE_MODE) {
 291   4                      FillDateBuf(SysPara1.year, SysPara1.month, SysPara1.day);
 292   4                  }
 293   3              }
 294   2          }
 295   1      }
 296          
 297          // 新增：设置完整日期时间
 298          void PCA_SetDateTime(WORD year, BYTE month, BYTE day, BYTE hour, BYTE min, BYTE sec) {
 299   1          PCA_SetDate(year, month, day);
C51 COMPILER V9.54   PCA                                                                   05/27/2025 22:18:17 PAGE 6   

 300   1          PCA_SetTime(hour, min, sec);
 301   1      }
 302          
 303          // 新增：获取时间相关函数
 304          WORD PCA_GetYear(void) { return SysPara1.year; }
 305          BYTE PCA_GetMonth(void) { return SysPara1.month; }
 306          BYTE PCA_GetDay(void) { return SysPara1.day; }
 307          BYTE PCA_GetHour(void) { return SysPara1.hour; }
 308          BYTE PCA_GetMin(void) { return SysPara1.min; }
 309          BYTE PCA_GetSec(void) { return SysPara1.sec; }
 310          
 311          // 新增：显示模式控制函数
 312          void PCA_SetDisplayMode(BYTE mode) {
 313   1          datetime_display_mode = mode;
 314   1          if(timeEditMode == 0) {  // 非编辑模式下立即更新显示
 315   2              if(mode == DISPLAY_TIME_MODE) {
 316   3                  FillDispBuf(SysPara1.hour, SysPara1.min, SysPara1.sec);
 317   3              } else {
 318   3                  FillDateBuf(SysPara1.year, SysPara1.month, SysPara1.day);
 319   3              }
 320   2          }
 321   1      }
 322          
 323          BYTE PCA_GetDisplayMode(void) {
 324   1          return datetime_display_mode;
 325   1      }
 326          
 327          void PCA_ToggleDisplayMode(void) {
 328   1          datetime_display_mode = (datetime_display_mode == DISPLAY_TIME_MODE) ? DISPLAY_DATE_MODE : DISPLAY_TIM
             -E_MODE;
 329   1          PCA_SetDisplayMode(datetime_display_mode);
 330   1      }
 331          
 332          // 新增：日期计算辅助函数
 333          bit PCA_IsLeapYear(WORD year) {
 334   1          return (year % 4 == 0 && year % 100 != 0) || (year % 400 == 0);
 335   1      }
 336          
 337          BYTE PCA_GetDaysInMonth(WORD year, BYTE month) {
 338   1          static code BYTE daysInMonth[12] = {31, 28, 31, 30, 31, 30, 31, 31, 30, 31, 30, 31};
 339   1          
 340   1          if(month == 2 && PCA_IsLeapYear(year)) {
 341   2              return 29;  // 闰年2月有29天
 342   2          }
 343   1          return daysInMonth[month - 1];
 344   1      }
 345          
 346          // 新增：更新日期时间（处理日期跨越）
 347          void PCA_UpdateDateTime(void) {
 348   1          // 秒进位
 349   1          SysPara1.sec++;
 350   1          if(SysPara1.sec >= 60) {
 351   2              SysPara1.sec = 0;
 352   2              
 353   2              // 分钟进位
 354   2              SysPara1.min++;
 355   2              if(SysPara1.min >= 60) {
 356   3                  SysPara1.min = 0;
 357   3                  
 358   3                  // 小时进位
 359   3                  SysPara1.hour++;
 360   3                  if(SysPara1.hour >= 24) {
C51 COMPILER V9.54   PCA                                                                   05/27/2025 22:18:17 PAGE 7   

 361   4                      SysPara1.hour = 0;
 362   4                      
 363   4                      // 日期进位
 364   4                      SysPara1.day++;
 365   4                      if(SysPara1.day > PCA_GetDaysInMonth(SysPara1.year, SysPara1.month)) {
 366   5                          SysPara1.day = 1;
 367   5                          
 368   5                          // 月份进位
 369   5                          SysPara1.month++;
 370   5                          if(SysPara1.month > 12) {
 371   6                              SysPara1.month = 1;
 372   6                              
 373   6                              // 年份进位
 374   6                              SysPara1.year++;
 375   6                              if(SysPara1.year > 2099) {
 376   7                                  SysPara1.year = 2000; // 年份超限后回到2000年
 377   7                              }
 378   6                          }
 379   5                      }
 380   4                  }
 381   3              }
 382   2          }
 383   1      }
 384          
 385          // 修改PCA中断服务函数，添加自动轮换显示逻辑
 386          void PCA_isr() interrupt 7
 387          {
 388   1          if(CCF1){
 389   2              CCF1 = 0;
 390   2              CCAP1L = value1;
 391   2              CCAP1H = value1 >> 8;
 392   2              value1 += T1000Hz;
 393   2              disp();
 394   2          }
 395   1      
 396   1          if(CCF0){
 397   2              CCF0 = 0;
 398   2              CCAP0L = value;
 399   2              CCAP0H = value >> 8;
 400   2              value += T100Hz;
 401   2              cnt++;
 402   2              
 403   2              if(cnt >= 100) {
 404   3                  cnt = 0;
 405   3                  PCA_LED = !PCA_LED;
 406   3                  
 407   3                  // 确保每1秒调用一次流量计算
 408   3                  FlowMeter_CalcFlow();  // 每秒调用一次，统计过去1秒的脉冲数
 409   3                  
 410   3                  // 使用新的日期时间更新函数
 411   3                  PCA_UpdateDateTime();
 412   3                  
 413   3                  // 更新定时浇水状态 - 确保在时钟更新后立即调用
 414   3                  TimedWatering_Update();
 415   3                  
 416   3                  // 时间编辑模式闪烁控制
 417   3                  if (timeEditMode > 0) {
 418   4                      blinkState = !blinkState;
 419   4                      
 420   4                      // 根据编辑的是日期还是时间来更新显示
 421   4                      if(timeEditMode <= DAY_POS) {
 422   5                          // 编辑日期 (年月日) - 使用完整8位显示
C51 COMPILER V9.54   PCA                                                                   05/27/2025 22:18:17 PAGE 8   

 423   5                          FillDateBuf(SysPara1.year, SysPara1.month, SysPara1.day);
 424   5                          if (blinkState) {
 425   6                              switch (timeEditMode) {
 426   7                                  case YEAR_POS:
 427   7                                      // 年份闪烁 - 4位全部闪烁
 428   7                                      dispbuff[4] = SEG_OFF;  // 年个位
 429   7                                      dispbuff[5] = SEG_OFF;  // 年十位
 430   7                                      dispbuff[6] = SEG_OFF;  // 年百位
 431   7                                      dispbuff[7] = SEG_OFF;  // 年千位
 432   7                                      break;
 433   7                                  case MONTH_POS:
 434   7                                      // 月份闪烁
 435   7                                      dispbuff[2] = SEG_OFF;  // 月个位
 436   7                                      dispbuff[3] = SEG_OFF;  // 月十位
 437   7                                      break;
 438   7                                  case DAY_POS:
 439   7                                      // 日期闪烁
 440   7                                      dispbuff[0] = SEG_OFF;  // 日个位
 441   7                                      dispbuff[1] = SEG_OFF;  // 日十位
 442   7                                      break;
 443   7                              }
 444   6                          }
 445   5                      } else {
 446   5                          // 编辑时间 (时分秒) - 保持原来的6位显示
 447   5                          FillDispBuf(SysPara1.hour, SysPara1.min, SysPara1.sec);
 448   5                          if (blinkState) {
 449   6                              switch (timeEditMode) {
 450   7                                  case HOUR_POS:
 451   7                                      // 小时闪烁
 452   7                                      dispbuff[4] = SEG_OFF;  // 小时个位
 453   7                                      dispbuff[5] = SEG_OFF;  // 小时十位
 454   7                                      break;
 455   7                                  case MIN_POS:
 456   7                                      // 分钟闪烁
 457   7                                      dispbuff[2] = SEG_OFF;  // 分钟个位
 458   7                                      dispbuff[3] = SEG_OFF;  // 分钟十位
 459   7                                      break;
 460   7                                  case SEC_POS:
 461   7                                      // 秒闪烁
 462   7                                      dispbuff[0] = SEG_OFF;  // 秒个位
 463   7                                      dispbuff[1] = SEG_OFF;  // 秒十位
 464   7                                      break;
 465   7                              }
 466   6                          }
 467   5                      }
 468   4                  }
 469   3                  // 正常显示模式的逻辑
 470   3                  else if (FlowMeter_GetMode() == FLOW_MODE_OFF) {
 471   4                      // 时钟显示模式：实现自动轮换显示
 472   4                      if(auto_display_mode == DISPLAY_MODE_CLOCK) {
 473   5                          // 自动轮换计数器递增
 474   5                          autoToggleCounter++;
 475   5                          
 476   5                          // 每AUTO_TOGGLE_INTERVAL秒切换一次显示模式
 477   5                          if(autoToggleCounter >= AUTO_TOGGLE_INTERVAL) {
 478   6                              autoToggleCounter = 0;
 479   6                              PCA_ToggleDisplayMode();
 480   6                          }
 481   5                          
 482   5                          // 根据当前显示模式更新显示
 483   5                          if(datetime_display_mode == DISPLAY_TIME_MODE) {
 484   6                              FillDispBuf(SysPara1.hour, SysPara1.min, SysPara1.sec);
C51 COMPILER V9.54   PCA                                                                   05/27/2025 22:18:17 PAGE 9   

 485   6                          } else {
 486   6                              FillDateBuf(SysPara1.year, SysPara1.month, SysPara1.day);
 487   6                          }
 488   5                      }
 489   4                      // 自动浇水参数显示模式：设置更新标志
 490   4                      else if(auto_display_mode == DISPLAY_MODE_AUTO) {
 491   5                          display_update_flag = 1;  // 设置标志，在主循环中更新显示
 492   5                      }
 493   4                  }
 494   3              }
 495   2              else if(cnt % 50 == 0 && timeEditMode > 0) {
 496   3                  // 0.5秒闪烁一次
 497   3                  blinkState = !blinkState;
 498   3                  
 499   3                  // 根据编辑的是日期还是时间来更新显示
 500   3                  if(timeEditMode <= DAY_POS) {
 501   4                      // 编辑日期 (年月日) - 使用完整8位显示
 502   4                      FillDateBuf(SysPara1.year, SysPara1.month, SysPara1.day);
 503   4                      if (blinkState) {
 504   5                          switch (timeEditMode) {
 505   6                              case YEAR_POS:
 506   6                                  // 年份闪烁 - 4位全部闪烁
 507   6                                  dispbuff[4] = SEG_OFF;  // 年个位
 508   6                                  dispbuff[5] = SEG_OFF;  // 年十位
 509   6                                  dispbuff[6] = SEG_OFF;  // 年百位
 510   6                                  dispbuff[7] = SEG_OFF;  // 年千位
 511   6                                  break;
 512   6                              case MONTH_POS:
 513   6                                  // 月份闪烁
 514   6                                  dispbuff[2] = SEG_OFF;  // 月个位
 515   6                                  dispbuff[3] = SEG_OFF;  // 月十位
 516   6                                  break;
 517   6                              case DAY_POS:
 518   6                                  // 日期闪烁
 519   6                                  dispbuff[0] = SEG_OFF;  // 日个位
 520   6                                  dispbuff[1] = SEG_OFF;  // 日十位
 521   6                                  break;
 522   6                          }
 523   5                      }
 524   4                  } else {
 525   4                      // 编辑时间 (时分秒) - 保持原来的6位显示
 526   4                      FillDispBuf(SysPara1.hour, SysPara1.min, SysPara1.sec);
 527   4                      if (blinkState) {
 528   5                          switch (timeEditMode) {
 529   6                              case HOUR_POS:
 530   6                                  // 小时闪烁
 531   6                                  dispbuff[4] = SEG_OFF;  // 小时个位
 532   6                                  dispbuff[5] = SEG_OFF;  // 小时十位
 533   6                                  break;
 534   6                              case MIN_POS:
 535   6                                  // 分钟闪烁
 536   6                                  dispbuff[2] = SEG_OFF;  // 分钟个位
 537   6                                  dispbuff[3] = SEG_OFF;  // 分钟十位
 538   6                                  break;
 539   6                              case SEC_POS:
 540   6                                  // 秒闪烁
 541   6                                  dispbuff[0] = SEG_OFF;  // 秒个位
 542   6                                  dispbuff[1] = SEG_OFF;  // 秒十位
 543   6                                  break;
 544   6                          }
 545   5                      }
 546   4                  }
C51 COMPILER V9.54   PCA                                                                   05/27/2025 22:18:17 PAGE 10  

 547   3              }
 548   2          }
 549   1      }
 550          
 551          void PCA_Init(void)
 552          {
 553   1          CCON = 0;                       // Initial PCA control register
 554   1                                          // PCA timer stop running
 555   1                                          // Clear CF flag
 556   1                                          // Clear all module interrupt flag
 557   1          CL = 0;                         // Reset PCA base timer
 558   1          CH = 0;
 559   1          CMOD = 0x00;                    // Set PCA timer clock source as Fosc/12
 560   1                                          // Disable PCA timer overflow interrupt
 561   1          
 562   1          // 初始化PCA模块1 (1000Hz)
 563   1          value1 = T1000Hz;
 564   1          CCAP1L = value1;
 565   1          CCAP1H = value1 >> 8;           // Initial PCA module-1
 566   1          value1 += T1000Hz;
 567   1          CCAPM1 = 0x49;                  // PCA module-1 work in 16-bit timer mode
 568   1                                          // and enable PCA interrupt
 569   1          
 570   1          // 初始化PCA模块0 (100Hz)
 571   1          value = T100Hz;
 572   1          CCAP0L = value;
 573   1          CCAP0H = value >> 8;            // Initial PCA module-0
 574   1          value += T100Hz;
 575   1          CCAPM0 = 0x49;                  // PCA module-0 work in 16-bit timer mode
 576   1                                          // and enable PCA interrupt
 577   1          
 578   1          CR = 1;                         // PCA timer start run
 579   1          EA = 1;                         // Enable global interrupt
 580   1          cnt = 0;
 581   1      
 582   1          // 初始化显示 - 根据默认显示模式
 583   1          datetime_display_mode = DISPLAY_TIME_MODE;  // 默认显示时间
 584   1          autoToggleCounter = 0;          // 初始化自动轮换计数器
 585   1          
 586   1          if(datetime_display_mode == DISPLAY_TIME_MODE) {
 587   2              FillDispBuf(SysPara1.hour, SysPara1.min, SysPara1.sec);
 588   2          } else {
 589   2              FillDateBuf(SysPara1.year, SysPara1.month, SysPara1.day);
 590   2          }
 591   1      }
 592          
 593          // 新增：重置自动轮换计数器（在进入设置模式时调用）
 594          void PCA_ResetAutoToggle(void) {
 595   1          autoToggleCounter = 0;
 596   1      }
 597          
 598          // 新增：手动切换显示模式（同时重置自动轮换）
 599          void PCA_ManualToggleDisplay(void) {
 600   1          datetime_display_mode = (datetime_display_mode == DISPLAY_TIME_MODE) ? 
 601   1                                 DISPLAY_DATE_MODE : DISPLAY_TIME_MODE;
 602   1          autoToggleCounter = 0;  // 重置计数器
 603   1          
 604   1          // 立即更新显示
 605   1          if(datetime_display_mode == DISPLAY_TIME_MODE) {
 606   2              FillDispBuf(SysPara1.hour, SysPara1.min, SysPara1.sec);
 607   2          } else {
 608   2              FillDateBuf(SysPara1.year, SysPara1.month, SysPara1.day);
C51 COMPILER V9.54   PCA                                                                   05/27/2025 22:18:17 PAGE 11  

 609   2          }
 610   1      }
 611          


MODULE INFORMATION:   STATIC OVERLAYABLE
   CODE SIZE        =   1764    ----
   CONSTANT SIZE    =     24    ----
   XDATA SIZE       =     13    ----
   PDATA SIZE       =   ----    ----
   DATA SIZE        =     13      27
   IDATA SIZE       =   ----    ----
   BIT SIZE         =   ----    ----
END OF MODULE INFORMATION.


C51 COMPILATION COMPLETE.  0 WARNING(S),  0 ERROR(S)
