BL51 BANKED LINKER/LOCATER V6.22                                                        05/27/2025  20:54:43  PAGE 1


BL51 BANKED LINKER/LOCATER V6.22, INVOKED BY:
D:\KEIL5\C51\BIN\BL51.EXE .\Objects\main.obj, .\Objects\pca.obj, .\Objects\relay.obj, .\Objects\wavegen.obj, .\Objects\f
>> lowmeter.obj, .\Objects\uart.obj, .\Objects\keyboard_control.obj, .\Objects\i2c.obj TO .\Objects\Project PRINT (.\Lis
>> tings\Project.m51) RAMSIZE (256)


MEMORY MODEL: SMALL


INPUT MODULES INCLUDED:
  .\Objects\main.obj (MAIN)
  .\Objects\pca.obj (PCA)
  .\Objects\relay.obj (RELAY)
  .\Objects\wavegen.obj (WAVEGEN)
  .\Objects\flowmeter.obj (FLOWMETER)
  .\Objects\uart.obj (UART)
  .\Objects\keyboard_control.obj (KEYBOARD_CONTROL)
  .\Objects\i2c.obj (I2C)
  D:\KEIL5\C51\LIB\C51S.LIB (?C_STARTUP)
  D:\KEIL5\C51\LIB\C51S.LIB (?C?CLDPTR)
  D:\KEIL5\C51\LIB\C51S.LIB (?C?CLDOPTR)
  D:\KEIL5\C51\LIB\C51S.LIB (?C?IMUL)
  D:\KEIL5\C51\LIB\C51S.LIB (?C?UIDIV)
  D:\KEIL5\C51\LIB\C51S.LIB (?C?ULDIV)
  D:\KEIL5\C51\LIB\C51S.LIB (?C?ULCMP)
  D:\KEIL5\C51\LIB\C51S.LIB (?C?ULSHR)
  D:\KEIL5\C51\LIB\C51S.LIB (?C?LSHL)
  D:\KEIL5\C51\LIB\C51S.LIB (STRNCMP)
  D:\KEIL5\C51\LIB\C51S.LIB (STRLEN)
  D:\KEIL5\C51\LIB\C51S.LIB (?C?MEMSET)
  D:\KEIL5\C51\LIB\C51S.LIB (?C_INIT)


LINK MAP OF MODULE:  .\Objects\Project (MAIN)


            TYPE    BASE      LENGTH    RELOCATION   SEGMENT NAME
            -----------------------------------------------------

            * * * * * * *   D A T A   M E M O R Y   * * * * * * *
            REG     0000H     0008H     ABSOLUTE     "REG BANK 0"
            DATA    0008H     0012H     UNIT         ?DT?PCA
            DATA    001AH     0004H     UNIT         ?DT?LOADTOTALFLOWFROMEEPROM?FLOWMETER
            DATA    001EH     0001H     UNIT         ?DT?UART
                    001FH     0001H                  *** GAP ***
            BIT     0020H.0   0000H.3   UNIT         ?BI?FLOWMETER
            BIT     0020H.3   0000H.2   UNIT         ?BI?MAIN
            BIT     0020H.5   0000H.2   UNIT         ?BI?WAVEGEN
            BIT     0020H.7   0000H.2   UNIT         _BIT_GROUP_
            BIT     0021H.1   0000H.1   UNIT         ?BI?UART
            BIT     0021H.2   0000H.1   UNIT         ?BI?KEYBOARD_CONTROL
            BIT     0021H.3   0000H.1   UNIT         ?BI?I2C_RECEIVEBYTE?I2C
                    0021H.4   0000H.4                *** GAP ***
            DATA    0022H     0034H     UNIT         _DATA_GROUP_
            DATA    0056H     000DH     UNIT         ?DT?FLOWMETER
            DATA    0063H     0007H     UNIT         ?DT?KEYBOARD_CONTROL
            DATA    006AH     0004H     UNIT         ?DT?I2C
            DATA    006EH     0003H     UNIT         ?DT?MAIN
BL51 BANKED LINKER/LOCATER V6.22                                                      05/27/2025  20:54:43  PAGE 2


            IDATA   0071H     0001H     UNIT         ?STACK

            * * * * * * *  X D A T A   M E M O R Y  * * * * * * *
            XDATA   0000H     0020H     UNIT         ?XD?UART
            XDATA   0020H     000AH     UNIT         ?XD?KEYBOARD_CONTROL
            XDATA   002AH     0008H     UNIT         ?XD?PCA

            * * * * * * *   C O D E   M E M O R Y   * * * * * * *
            CODE    0000H     0003H     ABSOLUTE     
            CODE    0003H     0003H     ABSOLUTE     
            CODE    0006H     0005H     UNIT         ?PR?PCA_GETYEAR?PCA
            CODE    000BH     0003H     ABSOLUTE     
            CODE    000EH     0015H     UNIT         ?PR?WAVEGEN_INIT?WAVEGEN
            CODE    0023H     0003H     ABSOLUTE     
            CODE    0026H     0015H     UNIT         ?CO?FLOWMETER
            CODE    003BH     0003H     ABSOLUTE     
            CODE    003EH     058DH     UNIT         ?PR?UART_COMMANDHANDLER?UART
            CODE    05CBH     0488H     UNIT         ?CO?UART
            CODE    0A53H     01DEH     UNIT         ?C?LIB_CODE
            CODE    0C31H     0188H     UNIT         ?PR?PCA_ISR?PCA
            CODE    0DB9H     0157H     UNIT         ?PR?PROCESSKEY?MAIN
            CODE    0F10H     0156H     UNIT         ?PR?KEYBOARDCONTROL_SCAN?KEYBOARD_CONTROL
            CODE    1066H     012DH     UNIT         ?PR?DISPLAYAUTOWATERINGPARAMS?KEYBOARD_CONTROL
            CODE    1193H     0100H     UNIT         ?PR?FLOWMETER_INIT?FLOWMETER
            CODE    1293H     00FCH     UNIT         ?PR?TIMEDWATERING_UPDATE?KEYBOARD_CONTROL
            CODE    138FH     00C7H     UNIT         ?PR?FLOWMETER_CALCFLOW?FLOWMETER
            CODE    1456H     00ACH     UNIT         ?PR?UPDATETOTALFLOWDISPLAY?FLOWMETER
            CODE    1502H     00A7H     UNIT         ?CO?MAIN
            CODE    15A9H     00A0H     UNIT         ?PR?_PCA_INCREASETIMEVALUE?PCA
            CODE    1649H     00A0H     UNIT         ?PR?_EEPROM_READULONG?I2C
            CODE    16E9H     008CH     UNIT         ?C_C51STARTUP
            CODE    1775H     0082H     UNIT         ?C_INITSEG
            CODE    17F7H     0074H     UNIT         ?PR?UPDATECURRENTFLOWDISPLAY?FLOWMETER
            CODE    186BH     0072H     UNIT         ?PR?UART_INIT?UART
            CODE    18DDH     006FH     UNIT         ?PR?_STRNCMP?STRNCMP
            CODE    194CH     006BH     UNIT         ?PR?_FILLDATEBUF?PCA
            CODE    19B7H     0069H     UNIT         ?PR?_PARSENUMBER?UART
            CODE    1A20H     0068H     UNIT         ?PR?_PCA_SETTIME?PCA
            CODE    1A88H     0068H     UNIT         ?PR?UART_ISR?UART
            CODE    1AF0H     0066H     UNIT         ?PR?DISP?PCA
            CODE    1B56H     0060H     UNIT         ?PR?_FILLDISPBUF?PCA
            CODE    1BB6H     005CH     UNIT         ?PR?PCA_INIT?PCA
            CODE    1C12H     005BH     UNIT         ?PR?_PCA_SETDATE?PCA
            CODE    1C6DH     0059H     UNIT         ?PR?MAIN?MAIN
            CODE    1CC6H     0052H     UNIT         ?PR?PCA_UPDATEDATETIME?PCA
            CODE    1D18H     003FH     UNIT         ?PR?_FILLCUSTOMDISPBUF?PCA
            CODE    1D57H     003AH     UNIT         ?PR?LOADTOTALFLOWFROMEEPROM?FLOWMETER
            CODE    1D91H     0039H     UNIT         ?PR?_EEPROM_WRITEULONG?I2C
            CODE    1DCAH     002BH     UNIT         ?PR?_UART_SENDSTRING?UART
            CODE    1DF5H     002AH     UNIT         ?PR?KEYBOARDCONTROL_INIT?KEYBOARD_CONTROL
            CODE    1E1FH     0028H     UNIT         ?PR?_I2C_WRITEBYTE?I2C
            CODE    1E47H     0027H     UNIT         ?PR?_PCA_ISLEAPYEAR?PCA
            CODE    1E6EH     0021H     UNIT         ?PR?I2C_READBYTE?I2C
            CODE    1E8FH     0020H     UNIT         ?PR?_DELAY_MS?PCA
            CODE    1EAFH     0020H     UNIT         ?PR?PCA_MANUALTOGGLEDISPLAY?PCA
            CODE    1ECFH     0020H     UNIT         ?PR?_EEPROM_READ?I2C
            CODE    1EEFH     001EH     UNIT         ?PR?_EEPROM_WRITE?I2C
BL51 BANKED LINKER/LOCATER V6.22                                                      05/27/2025  20:54:43  PAGE 3


            CODE    1F0DH     001DH     UNIT         ?PR?TIMEDWATERING_STOP?KEYBOARD_CONTROL
            CODE    1F2AH     001CH     UNIT         ?PR?_PCA_GETDAYSINMONTH?PCA
            CODE    1F46H     001CH     UNIT         ?PR?TIMEDWATERING_START?KEYBOARD_CONTROL
            CODE    1F62H     001AH     UNIT         ?PR?SAVETOTALFLOWTOEEPROM?FLOWMETER
            CODE    1F7CH     0019H     UNIT         ?PR?UART_PROCESSCOMMAND?UART
            CODE    1F95H     0018H     UNIT         ?CO?PCA
            CODE    1FADH     0016H     UNIT         ?PR?_PCA_SETDISPLAYMODE?PCA
            CODE    1FC3H     0016H     UNIT         ?PR?FLOWMETER_START?FLOWMETER
            CODE    1FD9H     0016H     UNIT         ?PR?FLOWMETER_UPDATEDISPLAY?FLOWMETER
            CODE    1FEFH     0015H     UNIT         ?PR?_AT24C02_WRITETOTALFLOW?I2C
            CODE    2004H     0015H     UNIT         ?PR?_STRLEN?STRLEN
            CODE    2019H     0014H     UNIT         ?PR?PCA_EXITTIMEEDITMODE?PCA
            CODE    202DH     0013H     UNIT         ?PR?I2C_WAITACK?I2C
            CODE    2040H     0011H     UNIT         ?PR?SAVEWATERINGTOEEPROM?I2C
            CODE    2051H     0010H     UNIT         ?PR?FLOWMETER_RESETTOTAL?FLOWMETER
            CODE    2061H     000FH     UNIT         ?PR?PCA_TOGGLEDISPLAYMODE?PCA
            CODE    2070H     000FH     UNIT         ?PR?I2C_SENDACK?I2C
            CODE    207FH     000FH     UNIT         ?PR?ISFIRSTPOWERON?I2C
            CODE    208EH     000EH     UNIT         ?PR?WAVEGEN_START?WAVEGEN
            CODE    209CH     000EH     UNIT         ?PR?T0_ISR?WAVEGEN
            CODE    20AAH     000EH     UNIT         ?PR?CHECKANDUPDATEAUTODISPLAY?KEYBOARD_CONTROL
            CODE    20B8H     000EH     UNIT         ?PR?READWATERINGFROMEEPROM?I2C
            CODE    20C6H     000DH     UNIT         ?PR?INT0_ISR?FLOWMETER
            CODE    20D3H     000DH     UNIT         ?PR?I2C_START?I2C
            CODE    20E0H     000CH     UNIT         ?PR?_PCA_SETDATETIME?PCA
            CODE    20ECH     000BH     UNIT         ?PR?RESETDISPBUFF?PCA
            CODE    20F7H     000AH     UNIT         ?PR?RELAY_GETSTATE?RELAY
            CODE    2101H     000AH     UNIT         ?PR?FLOWMETER_RESET?FLOWMETER
            CODE    210BH     000AH     UNIT         ?PR?I2C_STOP?I2C
            CODE    2115H     0009H     UNIT         ?PR?FLOWMETER_GETLASTSAVEDFLOW?FLOWMETER
            CODE    211EH     0009H     UNIT         ?PR?FLOWMETER_GETTOTALFLOW?FLOWMETER
            CODE    2127H     0009H     UNIT         ?PR?KEYDELAY?KEYBOARD_CONTROL
            CODE    2130H     0008H     UNIT         ?PR?_UART_SENDBYTE?UART
            CODE    2138H     0008H     UNIT         ?PR?I2C_RECEIVEBYTE?I2C
            CODE    2140H     0007H     UNIT         ?PR?RELAY_INIT?RELAY
            CODE    2147H     0007H     UNIT         ?PR?WAVEGEN_STOP?WAVEGEN
            CODE    214EH     0007H     UNIT         ?PR?SETINITIALIZEDFLAG?I2C
            CODE    2155H     0006H     UNIT         ?PR?_PCA_SETTIMEEDITMODE?PCA
            CODE    215BH     0006H     UNIT         ?PR?WAVEGEN_GETSTATE?WAVEGEN
            CODE    2161H     0006H     UNIT         ?PR?AT24C02_READTOTALFLOW?I2C
            CODE    2167H     0005H     UNIT         ?PR?_FLOWMETER_SETMODE?FLOWMETER
            CODE    216CH     0005H     UNIT         ?PR?FLOWMETER_GETCURRENTFLOW?FLOWMETER
            CODE    2171H     0005H     UNIT         ?PR?I2C_INIT?I2C
            CODE    2176H     0005H     UNIT         ?PR?_I2C_SENDBYTE?I2C
            CODE    217BH     0004H     UNIT         ?PR?PCA_RESETAUTOTOGGLE?PCA
            CODE    217FH     0004H     UNIT         ?PR?_AT24C02_READBYTE?I2C
            CODE    2183H     0003H     UNIT         ?PR?PCA_GETMONTH?PCA
            CODE    2186H     0003H     UNIT         ?PR?PCA_GETDAY?PCA
            CODE    2189H     0003H     UNIT         ?PR?PCA_GETHOUR?PCA
            CODE    218CH     0003H     UNIT         ?PR?PCA_GETMIN?PCA
            CODE    218FH     0003H     UNIT         ?PR?PCA_GETSEC?PCA
            CODE    2192H     0003H     UNIT         ?PR?PCA_GETDISPLAYMODE?PCA
            CODE    2195H     0003H     UNIT         ?PR?RELAY_ON?RELAY
            CODE    2198H     0003H     UNIT         ?PR?RELAY_OFF?RELAY
            CODE    219BH     0003H     UNIT         ?PR?FLOWMETER_STOP?FLOWMETER
            CODE    219EH     0003H     UNIT         ?PR?FLOWMETER_FORCESAVE?FLOWMETER
            CODE    21A1H     0003H     UNIT         ?PR?FLOWMETER_HASUNSAVEDCHANGES?FLOWMETER
BL51 BANKED LINKER/LOCATER V6.22                                                      05/27/2025  20:54:43  PAGE 4


            CODE    21A4H     0003H     UNIT         ?PR?FLOWMETER_DISPLAYCURRENT?FLOWMETER
            CODE    21A7H     0003H     UNIT         ?PR?FLOWMETER_DISPLAYTOTAL?FLOWMETER
            CODE    21AAH     0003H     UNIT         ?PR?FLOWMETER_GETMODE?FLOWMETER
            CODE    21ADH     0003H     UNIT         ?PR?_AT24C02_WRITEBYTE?I2C
            CODE    21B0H     0001H     UNIT         ?PR?SAVEALARMTOEEPROM?I2C
            CODE    21B1H     0001H     UNIT         ?PR?READALARMFROMEEPROM?I2C



OVERLAY MAP OF MODULE:   .\Objects\Project (MAIN)


SEGMENT                                             BIT_GROUP          DATA_GROUP 
  +--> CALLED SEGMENT                            START    LENGTH     START    LENGTH
------------------------------------------------------------------------------------
?PR?PCA_ISR?PCA                                  -----    -----      -----    -----
  +--> ?PR?DISP?PCA
  +--> ?PR?FLOWMETER_CALCFLOW?FLOWMETER
  +--> ?PR?PCA_UPDATEDATETIME?PCA
  +--> ?PR?TIMEDWATERING_UPDATE?KEYBOARD_CON...
  +--> ?PR?_FILLDATEBUF?PCA
  +--> ?PR?_FILLDISPBUF?PCA
  +--> ?PR?FLOWMETER_GETMODE?FLOWMETER

?PR?FLOWMETER_CALCFLOW?FLOWMETER                 -----    -----      0022H    0004H
  +--> ?PR?SAVETOTALFLOWTOEEPROM?FLOWMETER

?PR?SAVETOTALFLOWTOEEPROM?FLOWMETER              -----    -----      -----    -----
  +--> ?PR?_AT24C02_WRITETOTALFLOW?I2C

?PR?_AT24C02_WRITETOTALFLOW?I2C                  -----    -----      002AH    0004H
  +--> ?PR?_EEPROM_WRITEULONG?I2C

?PR?_EEPROM_WRITEULONG?I2C                       -----    -----      002EH    0005H
  +--> ?PR?I2C_START?I2C
  +--> ?PR?_I2C_WRITEBYTE?I2C
  +--> ?PR?I2C_STOP?I2C
  +--> ?PR?_DELAY_MS?PCA

?PR?_I2C_WRITEBYTE?I2C                           -----    -----      -----    -----
  +--> ?PR?I2C_WAITACK?I2C

?PR?PCA_UPDATEDATETIME?PCA                       -----    -----      -----    -----
  +--> ?PR?_PCA_GETDAYSINMONTH?PCA

?PR?_PCA_GETDAYSINMONTH?PCA                      -----    -----      -----    -----
  +--> ?PR?_PCA_ISLEAPYEAR?PCA
  +--> ?CO?PCA

?PR?TIMEDWATERING_UPDATE?KEYBOARD_CON...         -----    -----      0022H    0008H
  +--> ?PR?FLOWMETER_GETTOTALFLOW?FLOWMETER
  +--> ?PR?RELAY_OFF?RELAY
  +--> ?PR?FLOWMETER_STOP?FLOWMETER
  +--> ?PR?_FLOWMETER_SETMODE?FLOWMETER
  +--> ?PR?_AT24C02_WRITETOTALFLOW?I2C
  +--> ?PR?_FILLDISPBUF?PCA
  +--> ?PR?RELAY_ON?RELAY
BL51 BANKED LINKER/LOCATER V6.22                                                      05/27/2025  20:54:43  PAGE 5


  +--> ?PR?FLOWMETER_START?FLOWMETER

?PR?_FILLDISPBUF?PCA                             -----    -----      -----    -----
  +--> ?PR?RESETDISPBUFF?PCA
  +--> ?CO?PCA

?PR?_FILLDATEBUF?PCA                             -----    -----      -----    -----
  +--> ?PR?RESETDISPBUFF?PCA
  +--> ?CO?PCA

*** NEW ROOT ***************************************************

?PR?UART_ISR?UART                                -----    -----      0033H    0001H
  +--> ?PR?_UART_SENDBYTE?UART

*** NEW ROOT ***************************************************

?C_C51STARTUP                                    -----    -----      -----    -----
  +--> ?PR?MAIN?MAIN
  +--> ?C_INITSEG

?PR?MAIN?MAIN                                    -----    -----      -----    -----
  +--> ?PR?PCA_INIT?PCA
  +--> ?PR?RELAY_INIT?RELAY
  +--> ?PR?WAVEGEN_INIT?WAVEGEN
  +--> ?PR?WAVEGEN_START?WAVEGEN
  +--> ?PR?UART_INIT?UART
  +--> ?PR?I2C_INIT?I2C
  +--> ?PR?FLOWMETER_INIT?FLOWMETER
  +--> ?PR?KEYBOARDCONTROL_INIT?KEYBOARD_CON...
  +--> ?CO?MAIN
  +--> ?PR?_UART_SENDSTRING?UART
  +--> ?PR?PROCESSKEY?MAIN
  +--> ?PR?KEYBOARDCONTROL_SCAN?KEYBOARD_CON...
  +--> ?PR?CHECKANDUPDATEAUTODISPLAY?KEYBOAR...
  +--> ?PR?FLOWMETER_UPDATEDISPLAY?FLOWMETER
  +--> ?PR?UART_PROCESSCOMMAND?UART
  +--> ?PR?_DELAY_MS?PCA

?PR?PCA_INIT?PCA                                 -----    -----      -----    -----
  +--> ?PR?_FILLDISPBUF?PCA
  +--> ?PR?_FILLDATEBUF?PCA

?PR?UART_INIT?UART                               -----    -----      -----    -----
  +--> ?CO?UART
  +--> ?PR?_UART_SENDSTRING?UART

?PR?_UART_SENDSTRING?UART                        -----    -----      0052H    0003H
  +--> ?CO?UART
  +--> ?PR?_UART_SENDBYTE?UART

?PR?FLOWMETER_INIT?FLOWMETER                     -----    -----      0034H    001EH
  +--> ?PR?AT24C02_READTOTALFLOW?I2C
  +--> ?CO?FLOWMETER
  +--> ?PR?_UART_SENDSTRING?UART

?PR?AT24C02_READTOTALFLOW?I2C                    -----    -----      -----    -----
BL51 BANKED LINKER/LOCATER V6.22                                                      05/27/2025  20:54:43  PAGE 6


  +--> ?PR?_EEPROM_READULONG?I2C

?PR?_EEPROM_READULONG?I2C                        -----    -----      0052H    0004H
  +--> ?PR?I2C_START?I2C
  +--> ?PR?_I2C_WRITEBYTE?I2C
  +--> ?PR?I2C_READBYTE?I2C
  +--> ?PR?I2C_STOP?I2C

?PR?I2C_READBYTE?I2C                             0020H.7  0000H.1    -----    -----
  +--> ?PR?I2C_SENDACK?I2C

?PR?I2C_SENDACK?I2C                              0021H.0  0000H.1    -----    -----

?PR?KEYBOARDCONTROL_INIT?KEYBOARD_CON...         -----    -----      -----    -----
  +--> ?PR?I2C_INIT?I2C

?PR?PROCESSKEY?MAIN                              -----    -----      -----    -----
  +--> ?PR?_PCA_SETTIMEEDITMODE?PCA
  +--> ?PR?_PCA_SETDISPLAYMODE?PCA
  +--> ?PR?PCA_RESETAUTOTOGGLE?PCA
  +--> ?PR?RELAY_ON?RELAY
  +--> ?PR?FLOWMETER_RESET?FLOWMETER
  +--> ?PR?FLOWMETER_START?FLOWMETER
  +--> ?PR?_FLOWMETER_SETMODE?FLOWMETER
  +--> ?PR?FLOWMETER_UPDATEDISPLAY?FLOWMETER
  +--> ?PR?RELAY_OFF?RELAY
  +--> ?PR?FLOWMETER_STOP?FLOWMETER
  +--> ?PR?_PCA_INCREASETIMEVALUE?PCA
  +--> ?PR?PCA_EXITTIMEEDITMODE?PCA
  +--> ?PR?_DELAY_MS?PCA

?PR?_PCA_SETDISPLAYMODE?PCA                      -----    -----      -----    -----
  +--> ?PR?_FILLDISPBUF?PCA
  +--> ?PR?_FILLDATEBUF?PCA

?PR?FLOWMETER_UPDATEDISPLAY?FLOWMETER            -----    -----      -----    -----
  +--> ?PR?UPDATECURRENTFLOWDISPLAY?FLOWMETER
  +--> ?PR?UPDATETOTALFLOWDISPLAY?FLOWMETER

?PR?UPDATECURRENTFLOWDISPLAY?FLOWMETER           -----    -----      0034H    0005H
  +--> ?PR?_FILLCUSTOMDISPBUF?PCA

?PR?_FILLCUSTOMDISPBUF?PCA                       -----    -----      003DH    0006H
  +--> ?PR?RESETDISPBUFF?PCA
  +--> ?CO?PCA

?PR?UPDATETOTALFLOWDISPLAY?FLOWMETER             -----    -----      0034H    0009H
  +--> ?PR?_FILLCUSTOMDISPBUF?PCA

?PR?_PCA_INCREASETIMEVALUE?PCA                   -----    -----      -----    -----
  +--> ?PR?_PCA_GETDAYSINMONTH?PCA
  +--> ?PR?_FILLDISPBUF?PCA
  +--> ?PR?_FILLDATEBUF?PCA

?PR?PCA_EXITTIMEEDITMODE?PCA                     -----    -----      -----    -----
  +--> ?PR?_FILLDISPBUF?PCA
  +--> ?PR?_FILLDATEBUF?PCA
BL51 BANKED LINKER/LOCATER V6.22                                                      05/27/2025  20:54:43  PAGE 7



?PR?KEYBOARDCONTROL_SCAN?KEYBOARD_CON...         -----    -----      0034H    0002H
  +--> ?PR?KEYDELAY?KEYBOARD_CONTROL
  +--> ?PR?TIMEDWATERING_STOP?KEYBOARD_CONTROL
  +--> ?PR?_FILLDISPBUF?PCA
  +--> ?PR?TIMEDWATERING_START?KEYBOARD_CONTROL

?PR?TIMEDWATERING_STOP?KEYBOARD_CONTROL          -----    -----      -----    -----
  +--> ?PR?RELAY_OFF?RELAY
  +--> ?PR?FLOWMETER_STOP?FLOWMETER
  +--> ?PR?_FLOWMETER_SETMODE?FLOWMETER

?PR?TIMEDWATERING_START?KEYBOARD_CONTROL         -----    -----      -----    -----
  +--> ?PR?_FILLDISPBUF?PCA

?PR?CHECKANDUPDATEAUTODISPLAY?KEYBOAR...         -----    -----      -----    -----
  +--> ?PR?DISPLAYAUTOWATERINGPARAMS?KEYBOAR...

?PR?DISPLAYAUTOWATERINGPARAMS?KEYBOAR...         -----    -----      0034H    0006H
  +--> ?PR?_FILLCUSTOMDISPBUF?PCA

?PR?UART_PROCESSCOMMAND?UART                     -----    -----      -----    -----
  +--> ?PR?UART_COMMANDHANDLER?UART

?PR?UART_COMMANDHANDLER?UART                     -----    -----      0034H    0007H
  +--> ?CO?UART
  +--> ?PR?_STRNCMP?STRNCMP
  +--> ?PR?_STRLEN?STRLEN
  +--> ?PR?_PARSENUMBER?UART
  +--> ?PR?_PCA_GETDAYSINMONTH?PCA
  +--> ?PR?_PCA_SETDATETIME?PCA
  +--> ?PR?_UART_SENDSTRING?UART
  +--> ?PR?_PCA_SETDATE?PCA
  +--> ?PR?_PCA_SETTIME?PCA
  +--> ?PR?_PCA_SETDISPLAYMODE?PCA
  +--> ?PR?TIMEDWATERING_STOP?KEYBOARD_CONTROL

?PR?_STRNCMP?STRNCMP                             -----    -----      003BH    0008H

?PR?_PARSENUMBER?UART                            -----    -----      003BH    0007H

?PR?_PCA_SETDATETIME?PCA                         -----    -----      003BH    0007H
  +--> ?PR?_PCA_SETDATE?PCA
  +--> ?PR?_PCA_SETTIME?PCA

?PR?_PCA_SETDATE?PCA                             -----    -----      0042H    0004H
  +--> ?PR?_PCA_GETDAYSINMONTH?PCA
  +--> ?PR?FLOWMETER_GETMODE?FLOWMETER
  +--> ?PR?_FILLDATEBUF?PCA

?PR?_PCA_SETTIME?PCA                             -----    -----      -----    -----
  +--> ?PR?FLOWMETER_GETMODE?FLOWMETER
  +--> ?PR?_FILLDISPBUF?PCA



SYMBOL TABLE OF MODULE:  .\Objects\Project (MAIN)
BL51 BANKED LINKER/LOCATER V6.22                                                      05/27/2025  20:54:43  PAGE 8



  VALUE           TYPE          NAME
  ----------------------------------

  -------         MODULE        MAIN
  C:0000H         SYMBOL        _ICE_DUMMY_
  D:0080H         PUBLIC        P0
  D:0090H         PUBLIC        P1
  D:00A0H         PUBLIC        P2
  D:00B0H         PUBLIC        P3
  B:00A8H.7       PUBLIC        EA
  B:0020H.3       PUBLIC        keyPressed
  C:1C6DH         PUBLIC        main
  C:0DB9H         PUBLIC        processKey
  B:0020H.4       PUBLIC        justEnteredSetMode
  D:006EH         PUBLIC        sysState
  B:00B0H.3       PUBLIC        KEY
  D:006FH         PUBLIC        keyPressTime
  -------         PROC          PROCESSKEY
  C:0DB9H         LINE#         34
  C:0DB9H         LINE#         35
  C:0DBFH         LINE#         36
  C:0DC1H         LINE#         37
  C:0DC6H         LINE#         38
  C:0DC7H         LINE#         39
  C:0DCDH         LINE#         40
  C:0DD5H         LINE#         43
  C:0DE5H         LINE#         44
  C:0DE8H         LINE#         45
  C:0DEDH         LINE#         46
  C:0DF2H         LINE#         47
  C:0DF5H         LINE#         48
  C:0DF7H         LINE#         49
  C:0DF7H         LINE#         50
  C:0DF8H         LINE#         51
  C:0E04H         LINE#         52
  C:0E0FH         LINE#         54
  C:0E38H         LINE#         55
  C:0E38H         LINE#         57
  C:0E41H         LINE#         58
  C:0E44H         LINE#         59
  C:0E47H         LINE#         60
  C:0E4AH         LINE#         61
  C:0E4DH         LINE#         62
  C:0E52H         LINE#         63
  C:0E55H         LINE#         64
  C:0E58H         LINE#         65
  C:0E58H         LINE#         66
  C:0E5BH         LINE#         68
  C:0E5BH         LINE#         69
  C:0E5EH         LINE#         70
  C:0E61H         LINE#         71
  C:0E64H         LINE#         72
  C:0E69H         LINE#         73
  C:0E6CH         LINE#         75
  C:0E6CH         LINE#         76
  C:0E6EH         LINE#         77
BL51 BANKED LINKER/LOCATER V6.22                                                      05/27/2025  20:54:43  PAGE 9


  C:0E70H         LINE#         79
  C:0E70H         LINE#         80
  C:0E72H         LINE#         81
  C:0E74H         LINE#         83
  C:0E74H         LINE#         84
  C:0E76H         LINE#         85
  C:0E78H         LINE#         87
  C:0E78H         LINE#         88
  C:0E7AH         LINE#         89
  C:0E7CH         LINE#         91
  C:0E7CH         LINE#         92
  C:0E7EH         LINE#         93
  C:0E80H         LINE#         95
  C:0E80H         LINE#         96
  C:0E85H         LINE#         97
  C:0E87H         LINE#         98
  C:0E87H         LINE#         99
  C:0E87H         LINE#         100
  C:0E92H         LINE#         102
  C:0E95H         LINE#         103
  C:0E97H         LINE#         104
  C:0E99H         LINE#         105
  C:0EA7H         LINE#         106
  C:0EA9H         LINE#         109
  C:0EAFH         LINE#         110
  C:0EB2H         LINE#         111
  C:0EB5H         LINE#         113
  C:0EBAH         LINE#         114
  C:0EBDH         LINE#         115
  C:0EBFH         LINE#         117
  C:0ED5H         LINE#         118
  C:0ED5H         LINE#         119
  C:0ED7H         LINE#         120
  C:0ED7H         LINE#         121
  C:0ED9H         LINE#         122
  C:0ED9H         LINE#         123
  C:0EDBH         LINE#         124
  C:0EDBH         LINE#         125
  C:0EDDH         LINE#         126
  C:0EDDH         LINE#         127
  C:0EE2H         LINE#         128
  C:0EE4H         LINE#         129
  C:0EE6H         LINE#         130
  C:0EE6H         LINE#         131
  C:0EEBH         LINE#         132
  C:0EEDH         LINE#         133
  C:0EEFH         LINE#         134
  C:0EEFH         LINE#         135
  C:0EF4H         LINE#         136
  C:0EF6H         LINE#         137
  C:0EF8H         LINE#         138
  C:0EF8H         LINE#         139
  C:0EFDH         LINE#         140
  C:0F02H         LINE#         141
  C:0F02H         LINE#         142
  C:0F02H         LINE#         143
  C:0F02H         LINE#         144
BL51 BANKED LINKER/LOCATER V6.22                                                      05/27/2025  20:54:43  PAGE 10


  C:0F02H         LINE#         145
  C:0F02H         LINE#         147
  C:0F04H         LINE#         148
  C:0F09H         LINE#         149
  C:0F0FH         LINE#         150
  C:0F0FH         LINE#         151
  -------         ENDPROC       PROCESSKEY
  -------         PROC          MAIN
  C:1C6DH         LINE#         153
  C:1C6DH         LINE#         154
  C:1C6FH         LINE#         155
  C:1C72H         LINE#         249
  C:1C75H         LINE#         250
  C:1C78H         LINE#         251
  C:1C7BH         LINE#         252
  C:1C7EH         LINE#         253
  C:1C81H         LINE#         254
  C:1C84H         LINE#         255
  C:1C87H         LINE#         256
  C:1C8AH         LINE#         259
  C:1C93H         LINE#         260
  C:1C9CH         LINE#         261
  C:1CA5H         LINE#         262
  C:1CAEH         LINE#         264
  C:1CAEH         LINE#         265
  C:1CB1H         LINE#         266
  C:1CB4H         LINE#         267
  C:1CB7H         LINE#         268
  C:1CBAH         LINE#         269
  C:1CBDH         LINE#         271
  C:1CC4H         LINE#         272
  -------         ENDPROC       MAIN
  -------         ENDMOD        MAIN

  -------         MODULE        PCA
  C:0000H         SYMBOL        _ICE_DUMMY_
  C:2061H         PUBLIC        PCA_ToggleDisplayMode
  D:0090H         PUBLIC        P1
  D:00A0H         PUBLIC        P2
  C:0C31H         PUBLIC        PCA_isr
  C:2155H         PUBLIC        _PCA_SetTimeEditMode
  B:00A8H.7       PUBLIC        EA
  D:000AH         SYMBOL        autoToggleCounter
  B:0090H.0       PUBLIC        PCA_LED
  D:00F9H         PUBLIC        CH
  C:1E47H         PUBLIC        _PCA_IsLeapYear
  D:00E9H         PUBLIC        CL
  D:00FAH         PUBLIC        CCAP0H
  D:00FBH         PUBLIC        CCAP1H
  B:00A0H.3       PUBLIC        OE
  D:00EAH         PUBLIC        CCAP0L
  B:00D8H.6       PUBLIC        CR
  D:00EBH         PUBLIC        CCAP1L
  D:00DAH         PUBLIC        CCAPM0
  D:00DBH         PUBLIC        CCAPM1
  D:000BH         SYMBOL        blinkState
  B:00A0H.0       PUBLIC        DATA
BL51 BANKED LINKER/LOCATER V6.22                                                      05/27/2025  20:54:43  PAGE 11


  D:000CH         PUBLIC        value
  D:00D9H         PUBLIC        CMOD
  D:00D8H         PUBLIC        CCON
  C:1954H         PUBLIC        _FillDateBuf
  C:1F32H         PUBLIC        _PCA_GetDaysInMonth
  C:1CC6H         PUBLIC        PCA_UpdateDateTime
  C:1AF0H         PUBLIC        disp
  D:000EH         PUBLIC        datetime_display_mode
  C:2192H         PUBLIC        PCA_GetDisplayMode
  C:1D18H         PUBLIC        _FillCustomDispBuf
  C:1B5CH         PUBLIC        _FillDispBuf
  C:217BH         PUBLIC        PCA_ResetAutoToggle
  D:000FH         SYMBOL        timeEditMode
  D:0010H         PUBLIC        cnt
  C:1FADH         PUBLIC        _PCA_SetDisplayMode
  C:1BB6H         PUBLIC        PCA_Init
  D:0011H         PUBLIC        value1
  C:1E8FH         PUBLIC        _delay_ms
  C:1F95H         SYMBOL        LED
  X:002AH         PUBLIC        dispbuff
  C:1EAFH         PUBLIC        PCA_ManualToggleDisplay
  C:20ECH         PUBLIC        Resetdispbuff
  B:00A0H.2       PUBLIC        RCK
  C:2183H         PUBLIC        PCA_GetMonth
  B:00A0H.1       PUBLIC        SCK
  C:1C12H         PUBLIC        _PCA_SetDate
  C:0006H         PUBLIC        PCA_GetYear
  C:218FH         PUBLIC        PCA_GetSec
  C:1A20H         PUBLIC        _PCA_SetTime
  C:2019H         PUBLIC        PCA_ExitTimeEditMode
  C:20E0H         PUBLIC        _PCA_SetDateTime
  C:2186H         PUBLIC        PCA_GetDay
  C:2189H         PUBLIC        PCA_GetHour
  C:15A9H         PUBLIC        _PCA_IncreaseTimeValue
  D:0013H         PUBLIC        SysPara1
  B:00D8H.0       PUBLIC        CCF0
  C:218CH         PUBLIC        PCA_GetMin
  B:00D8H.1       PUBLIC        CCF1
  -------         PROC          _DELAY_MS
  D:0006H         SYMBOL        ms
  -------         DO            
  D:0004H         SYMBOL        i
  D:0002H         SYMBOL        j
  -------         ENDDO         
  C:1E8FH         LINE#         60
  C:1E8FH         LINE#         62
  C:1E99H         LINE#         63
  C:1EAEH         LINE#         64
  -------         ENDPROC       _DELAY_MS
  -------         PROC          RESETDISPBUFF
  -------         DO            
  D:0007H         SYMBOL        i
  -------         ENDDO         
  C:20ECH         LINE#         66
  C:20ECH         LINE#         68
  C:20F6H         LINE#         69
  -------         ENDPROC       RESETDISPBUFF
BL51 BANKED LINKER/LOCATER V6.22                                                      05/27/2025  20:54:43  PAGE 12


  C:1B56H         SYMBOL        L?0162
  -------         PROC          L?0161
  -------         ENDPROC       L?0161
  C:1B56H         SYMBOL        L?0162
  -------         PROC          _FILLDISPBUF
  D:0006H         SYMBOL        hour
  D:0005H         SYMBOL        min
  D:0003H         SYMBOL        sec
  C:1B5CH         LINE#         71
  C:1B5EH         LINE#         72
  C:1B61H         LINE#         74
  C:1B70H         LINE#         75
  C:1B7DH         LINE#         78
  C:1B8CH         LINE#         79
  C:1B99H         LINE#         82
  C:1BA8H         LINE#         83
  C:1BB5H         LINE#         84
  -------         ENDPROC       _FILLDISPBUF
  C:194CH         SYMBOL        L?0158
  -------         PROC          L?0157
  -------         ENDPROC       L?0157
  C:194CH         SYMBOL        L?0158
  -------         PROC          _FILLDATEBUF
  D:0006H         SYMBOL        year
  D:0002H         SYMBOL        month
  D:0003H         SYMBOL        day
  -------         DO            
  D:0006H         SYMBOL        year_2digit
  -------         ENDDO         
  C:1954H         LINE#         87
  C:1956H         LINE#         88
  C:195FH         LINE#         90
  C:1962H         LINE#         92
  C:1971H         LINE#         93
  C:197EH         LINE#         96
  C:198DH         LINE#         97
  C:199AH         LINE#         100
  C:19A9H         LINE#         101
  C:19B6H         LINE#         102
  -------         ENDPROC       _FILLDATEBUF
  -------         PROC          _FILLCUSTOMDISPBUF
  D:0006H         SYMBOL        val1
  D:0005H         SYMBOL        val2
  D:0003H         SYMBOL        val3
  D:0040H         SYMBOL        val4
  D:0041H         SYMBOL        val5
  D:0042H         SYMBOL        val6
  C:1D18H         LINE#         105
  C:1D1AH         LINE#         106
  C:1D1DH         LINE#         109
  C:1D26H         LINE#         110
  C:1D2FH         LINE#         111
  C:1D38H         LINE#         112
  C:1D42H         LINE#         113
  C:1D4CH         LINE#         114
  C:1D56H         LINE#         115
  -------         ENDPROC       _FILLCUSTOMDISPBUF
BL51 BANKED LINKER/LOCATER V6.22                                                      05/27/2025  20:54:43  PAGE 13


  -------         PROC          DISP
  -------         DO            
  D:0006H         SYMBOL        i
  D:0008H         SYMBOL        pos
  D:0009H         SYMBOL        mark
  D:0007H         SYMBOL        tmpdata
  -------         ENDDO         
  C:1AF0H         LINE#         117
  C:1AF0H         LINE#         124
  C:1AF2H         LINE#         127
  C:1AF6H         LINE#         130
  C:1AF8H         LINE#         132
  C:1B02H         LINE#         133
  C:1B04H         LINE#         134
  C:1B06H         LINE#         135
  C:1B0AH         LINE#         136
  C:1B0EH         LINE#         139
  C:1B1BH         LINE#         140
  C:1B1DH         LINE#         142
  C:1B27H         LINE#         143
  C:1B29H         LINE#         144
  C:1B2BH         LINE#         145
  C:1B2FH         LINE#         146
  C:1B33H         LINE#         149
  C:1B35H         LINE#         150
  C:1B37H         LINE#         153
  C:1B39H         LINE#         156
  C:1B40H         LINE#         157
  C:1B50H         LINE#         158
  C:1B55H         LINE#         159
  -------         ENDPROC       DISP
  -------         PROC          _PCA_SETTIMEEDITMODE
  D:0007H         SYMBOL        position
  C:2155H         LINE#         170
  C:2155H         LINE#         171
  C:2157H         LINE#         172
  C:215AH         LINE#         173
  -------         ENDPROC       _PCA_SETTIMEEDITMODE
  -------         PROC          PCA_EXITTIMEEDITMODE
  C:2019H         LINE#         176
  C:2019H         LINE#         177
  C:201CH         LINE#         179
  C:2020H         LINE#         180
  C:2029H         LINE#         181
  C:2029H         LINE#         182
  C:202CH         LINE#         183
  C:202CH         LINE#         184
  -------         ENDPROC       PCA_EXITTIMEEDITMODE
  -------         PROC          _PCA_INCREASETIMEVALUE
  D:0007H         SYMBOL        position
  C:15A9H         LINE#         187
  C:15A9H         LINE#         188
  C:15BEH         LINE#         189
  C:15BEH         LINE#         190
  C:15C6H         LINE#         191
  C:15D5H         LINE#         192
  C:15D7H         LINE#         193
BL51 BANKED LINKER/LOCATER V6.22                                                      05/27/2025  20:54:43  PAGE 14


  C:15D7H         LINE#         194
  C:15D9H         LINE#         195
  C:15E3H         LINE#         197
  C:15ECH         LINE#         198
  C:15F1H         LINE#         199
  C:15F1H         LINE#         200
  C:15F3H         LINE#         201
  C:15F3H         LINE#         202
  C:15F3H         LINE#         203
  C:15FCH         LINE#         204
  C:15FFH         LINE#         205
  C:15FFH         LINE#         206
  C:1601H         LINE#         207
  C:1601H         LINE#         208
  C:1612H         LINE#         209
  C:1614H         LINE#         210
  C:1614H         LINE#         211
  C:1625H         LINE#         212
  C:1627H         LINE#         213
  C:1627H         LINE#         214
  C:1638H         LINE#         215
  C:1638H         LINE#         216
  C:1638H         LINE#         219
  C:163CH         LINE#         220
  C:1645H         LINE#         221
  C:1645H         LINE#         222
  C:1648H         LINE#         223
  C:1648H         LINE#         224
  -------         ENDPROC       _PCA_INCREASETIMEVALUE
  -------         PROC          _PCA_SETTIME
  D:0007H         SYMBOL        hour
  D:0005H         SYMBOL        min
  D:0003H         SYMBOL        sec
  C:1A20H         LINE#         227
  C:1A20H         LINE#         229
  C:1A32H         LINE#         230
  C:1A34H         LINE#         231
  C:1A36H         LINE#         232
  C:1A38H         LINE#         235
  C:1A3EH         LINE#         237
  C:1A69H         LINE#         239
  C:1A69H         LINE#         240
  C:1A6FH         LINE#         241
  C:1A71H         LINE#         242
  C:1A76H         LINE#         243
  C:1A76H         LINE#         244
  C:1A76H         LINE#         247
  C:1A80H         LINE#         248
  C:1A84H         LINE#         249
  C:1A87H         LINE#         250
  C:1A87H         LINE#         251
  C:1A87H         LINE#         252
  C:1A87H         LINE#         253
  -------         ENDPROC       _PCA_SETTIME
  -------         PROC          _PCA_SETDATE
  D:0042H         SYMBOL        year
  D:0044H         SYMBOL        month
BL51 BANKED LINKER/LOCATER V6.22                                                      05/27/2025  20:54:43  PAGE 15


  D:0045H         SYMBOL        day
  C:1C12H         LINE#         256
  C:1C1AH         LINE#         258
  C:1C4EH         LINE#         259
  C:1C4EH         LINE#         260
  C:1C54H         LINE#         261
  C:1C57H         LINE#         262
  C:1C5AH         LINE#         265
  C:1C64H         LINE#         266
  C:1C69H         LINE#         267
  C:1C6CH         LINE#         268
  C:1C6CH         LINE#         269
  C:1C6CH         LINE#         270
  C:1C6CH         LINE#         271
  -------         ENDPROC       _PCA_SETDATE
  -------         PROC          _PCA_SETDATETIME
  D:0006H         SYMBOL        year
  D:0005H         SYMBOL        month
  D:0003H         SYMBOL        day
  D:003FH         SYMBOL        hour
  D:0040H         SYMBOL        min
  D:0041H         SYMBOL        sec
  C:20E0H         LINE#         274
  C:20E0H         LINE#         275
  C:20E3H         LINE#         276
  -------         ENDPROC       _PCA_SETDATETIME
  -------         PROC          PCA_GETYEAR
  C:0006H         LINE#         280
  -------         ENDPROC       PCA_GETYEAR
  -------         PROC          PCA_GETMONTH
  C:2183H         LINE#         281
  -------         ENDPROC       PCA_GETMONTH
  -------         PROC          PCA_GETDAY
  C:2186H         LINE#         282
  -------         ENDPROC       PCA_GETDAY
  -------         PROC          PCA_GETHOUR
  C:2189H         LINE#         283
  -------         ENDPROC       PCA_GETHOUR
  -------         PROC          PCA_GETMIN
  C:218CH         LINE#         284
  -------         ENDPROC       PCA_GETMIN
  -------         PROC          PCA_GETSEC
  C:218FH         LINE#         285
  -------         ENDPROC       PCA_GETSEC
  -------         PROC          _PCA_SETDISPLAYMODE
  D:0007H         SYMBOL        mode
  C:1FADH         LINE#         288
  C:1FADH         LINE#         289
  C:1FAFH         LINE#         290
  C:1FB3H         LINE#         291
  C:1FB6H         LINE#         292
  C:1FBFH         LINE#         293
  C:1FBFH         LINE#         294
  C:1FC2H         LINE#         295
  C:1FC2H         LINE#         296
  C:1FC2H         LINE#         297
  -------         ENDPROC       _PCA_SETDISPLAYMODE
BL51 BANKED LINKER/LOCATER V6.22                                                      05/27/2025  20:54:43  PAGE 16


  -------         PROC          PCA_GETDISPLAYMODE
  C:2192H         LINE#         299
  C:2192H         LINE#         300
  C:2194H         LINE#         301
  -------         ENDPROC       PCA_GETDISPLAYMODE
  -------         PROC          PCA_TOGGLEDISPLAYMODE
  C:2061H         LINE#         303
  C:2061H         LINE#         304
  C:206DH         LINE#         305
  -------         ENDPROC       PCA_TOGGLEDISPLAYMODE
  -------         PROC          _PCA_ISLEAPYEAR
  D:0002H         SYMBOL        year
  C:1E47H         LINE#         309
  C:1E4BH         LINE#         310
  C:1E6DH         LINE#         311
  -------         ENDPROC       _PCA_ISLEAPYEAR
  C:1F2CH         SYMBOL        L?0160
  -------         PROC          L?0159
  -------         ENDPROC       L?0159
  C:1F2CH         SYMBOL        L?0160
  -------         PROC          _PCA_GETDAYSINMONTH
  D:0006H         SYMBOL        year
  D:0001H         SYMBOL        month
  -------         DO            
  C:1FA1H         SYMBOL        daysInMonth
  -------         ENDDO         
  C:1F32H         LINE#         313
  C:1F34H         LINE#         316
  C:1F3CH         LINE#         317
  C:1F3FH         LINE#         318
  C:1F3FH         LINE#         319
  C:1F45H         LINE#         320
  -------         ENDPROC       _PCA_GETDAYSINMONTH
  -------         PROC          PCA_UPDATEDATETIME
  C:1CC6H         LINE#         323
  C:1CC6H         LINE#         325
  C:1CC8H         LINE#         326
  C:1CCFH         LINE#         327
  C:1CD2H         LINE#         330
  C:1CD4H         LINE#         331
  C:1CDAH         LINE#         332
  C:1CDDH         LINE#         335
  C:1CDFH         LINE#         336
  C:1CE5H         LINE#         337
  C:1CE8H         LINE#         340
  C:1CE8H         LINE#         341
  C:1CF1H         LINE#         342
  C:1CF4H         LINE#         345
  C:1CF6H         LINE#         346
  C:1CFDH         LINE#         347
  C:1D00H         LINE#         350
  C:1D08H         LINE#         351
  C:1D11H         LINE#         352
  C:1D17H         LINE#         353
  C:1D17H         LINE#         354
  C:1D17H         LINE#         355
  C:1D17H         LINE#         356
BL51 BANKED LINKER/LOCATER V6.22                                                      05/27/2025  20:54:43  PAGE 17


  C:1D17H         LINE#         357
  C:1D17H         LINE#         358
  C:1D17H         LINE#         359
  -------         ENDPROC       PCA_UPDATEDATETIME
  -------         PROC          PCA_ISR
  C:0C31H         LINE#         362
  C:0C4EH         LINE#         364
  C:0C51H         LINE#         365
  C:0C53H         LINE#         366
  C:0C56H         LINE#         367
  C:0C5AH         LINE#         368
  C:0C66H         LINE#         369
  C:0C69H         LINE#         370
  C:0C69H         LINE#         372
  C:0C6FH         LINE#         373
  C:0C71H         LINE#         374
  C:0C74H         LINE#         375
  C:0C78H         LINE#         376
  C:0C83H         LINE#         377
  C:0C85H         LINE#         379
  C:0C8FH         LINE#         380
  C:0C92H         LINE#         381
  C:0C94H         LINE#         384
  C:0C97H         LINE#         387
  C:0C9AH         LINE#         390
  C:0C9DH         LINE#         393
  C:0CA4H         LINE#         394
  C:0CB0H         LINE#         397
  C:0CB7H         LINE#         399
  C:0CBAH         LINE#         400
  C:0CC1H         LINE#         401
  C:0CD1H         LINE#         402
  C:0CD1H         LINE#         403
  C:0CD1H         LINE#         404
  C:0CD1H         LINE#         405
  C:0CD4H         LINE#         406
  C:0CD4H         LINE#         407
  C:0CD4H         LINE#         408
  C:0CD4H         LINE#         409
  C:0CD7H         LINE#         410
  C:0CD7H         LINE#         411
  C:0CD7H         LINE#         412
  C:0CD7H         LINE#         413
  C:0CDAH         LINE#         414
  C:0CDAH         LINE#         415
  C:0CDAH         LINE#         416
  C:0CDAH         LINE#         418
  C:0CDDH         LINE#         419
  C:0CE4H         LINE#         420
  C:0CF4H         LINE#         421
  C:0CF4H         LINE#         422
  C:0CF4H         LINE#         423
  C:0CF4H         LINE#         424
  C:0CF7H         LINE#         425
  C:0CF7H         LINE#         426
  C:0CF7H         LINE#         427
  C:0CF7H         LINE#         428
BL51 BANKED LINKER/LOCATER V6.22                                                      05/27/2025  20:54:43  PAGE 18


  C:0CFAH         LINE#         429
  C:0CFAH         LINE#         430
  C:0CFAH         LINE#         431
  C:0CFAH         LINE#         432
  C:0CFDH         LINE#         433
  C:0CFDH         LINE#         434
  C:0CFDH         LINE#         435
  C:0CFDH         LINE#         436
  C:0CFDH         LINE#         438
  C:0D06H         LINE#         440
  C:0D0AH         LINE#         442
  C:0D0CH         LINE#         445
  C:0D13H         LINE#         446
  C:0D16H         LINE#         448
  C:0D22H         LINE#         450
  C:0D22H         LINE#         453
  C:0D26H         LINE#         454
  C:0D29H         LINE#         455
  C:0D2CH         LINE#         456
  C:0D2FH         LINE#         457
  C:0D2FH         LINE#         458
  C:0D31H         LINE#         460
  C:0D37H         LINE#         461
  C:0D39H         LINE#         462
  C:0D39H         LINE#         463
  C:0D39H         LINE#         464
  C:0D3BH         LINE#         465
  C:0D4CH         LINE#         467
  C:0D58H         LINE#         470
  C:0D5FH         LINE#         472
  C:0D62H         LINE#         473
  C:0D66H         LINE#         474
  C:0D73H         LINE#         475
  C:0D73H         LINE#         476
  C:0D73H         LINE#         477
  C:0D73H         LINE#         478
  C:0D75H         LINE#         479
  C:0D75H         LINE#         480
  C:0D75H         LINE#         481
  C:0D75H         LINE#         482
  C:0D77H         LINE#         483
  C:0D77H         LINE#         484
  C:0D77H         LINE#         485
  C:0D77H         LINE#         486
  C:0D79H         LINE#         487
  C:0D79H         LINE#         488
  C:0D79H         LINE#         489
  C:0D79H         LINE#         491
  C:0D7CH         LINE#         492
  C:0D80H         LINE#         493
  C:0D8DH         LINE#         494
  C:0D8DH         LINE#         495
  C:0D90H         LINE#         496
  C:0D90H         LINE#         497
  C:0D92H         LINE#         498
  C:0D92H         LINE#         499
  C:0D95H         LINE#         500
BL51 BANKED LINKER/LOCATER V6.22                                                      05/27/2025  20:54:43  PAGE 19


  C:0D95H         LINE#         501
  C:0D97H         LINE#         502
  C:0D97H         LINE#         503
  C:0D9CH         LINE#         504
  C:0D9EH         LINE#         505
  C:0D9EH         LINE#         506
  C:0D9EH         LINE#         507
  C:0D9EH         LINE#         508
  C:0D9EH         LINE#         509
  C:0D9EH         LINE#         510
  C:0D9EH         LINE#         511
  -------         ENDPROC       PCA_ISR
  -------         PROC          PCA_INIT
  C:1BB6H         LINE#         513
  C:1BB6H         LINE#         514
  C:1BB6H         LINE#         515
  C:1BB9H         LINE#         519
  C:1BBBH         LINE#         520
  C:1BBDH         LINE#         521
  C:1BBFH         LINE#         525
  C:1BC5H         LINE#         526
  C:1BC8H         LINE#         527
  C:1BCCH         LINE#         528
  C:1BD8H         LINE#         529
  C:1BDBH         LINE#         533
  C:1BE1H         LINE#         534
  C:1BE4H         LINE#         535
  C:1BE8H         LINE#         536
  C:1BF3H         LINE#         537
  C:1BF6H         LINE#         540
  C:1BF8H         LINE#         541
  C:1BFAH         LINE#         542
  C:1BFDH         LINE#         545
  C:1BFFH         LINE#         546
  C:1C01H         LINE#         548
  C:1C05H         LINE#         549
  C:1C0EH         LINE#         550
  C:1C0EH         LINE#         551
  C:1C11H         LINE#         552
  C:1C11H         LINE#         553
  -------         ENDPROC       PCA_INIT
  -------         PROC          PCA_RESETAUTOTOGGLE
  C:217BH         LINE#         556
  C:217BH         LINE#         557
  C:217EH         LINE#         558
  -------         ENDPROC       PCA_RESETAUTOTOGGLE
  -------         PROC          PCA_MANUALTOGGLEDISPLAY
  C:1EAFH         LINE#         561
  C:1EAFH         LINE#         562
  C:1EBBH         LINE#         564
  C:1EBEH         LINE#         567
  C:1EC2H         LINE#         568
  C:1ECBH         LINE#         569
  C:1ECBH         LINE#         570
  C:1ECEH         LINE#         571
  C:1ECEH         LINE#         572
  -------         ENDPROC       PCA_MANUALTOGGLEDISPLAY
BL51 BANKED LINKER/LOCATER V6.22                                                      05/27/2025  20:54:43  PAGE 20


  -------         ENDMOD        PCA

  -------         MODULE        RELAY
  C:0000H         SYMBOL        _ICE_DUMMY_
  D:0090H         PUBLIC        P1
  D:00B0H         PUBLIC        P3
  C:20F7H         PUBLIC        Relay_GetState
  B:0090H.1       PUBLIC        RELAY_CTRL
  C:2195H         PUBLIC        Relay_On
  B:0090H.0       PUBLIC        RELAY_NODE1
  B:00B0H.2       PUBLIC        RELAY_NODE2
  C:2140H         PUBLIC        Relay_Init
  C:2198H         PUBLIC        Relay_Off
  -------         PROC          RELAY_INIT
  C:2140H         LINE#         10
  C:2140H         LINE#         11
  C:2142H         LINE#         12
  C:2144H         LINE#         13
  C:2146H         LINE#         19
  -------         ENDPROC       RELAY_INIT
  -------         PROC          RELAY_ON
  C:2195H         LINE#         21
  C:2195H         LINE#         22
  C:2197H         LINE#         23
  -------         ENDPROC       RELAY_ON
  -------         PROC          RELAY_OFF
  C:2198H         LINE#         25
  C:2198H         LINE#         26
  C:219AH         LINE#         27
  -------         ENDPROC       RELAY_OFF
  -------         PROC          RELAY_GETSTATE
  C:20F7H         LINE#         29
  C:20F7H         LINE#         31
  C:2100H         LINE#         32
  -------         ENDPROC       RELAY_GETSTATE
  -------         ENDMOD        RELAY

  -------         MODULE        WAVEGEN
  C:0000H         SYMBOL        _ICE_DUMMY_
  D:0090H         PUBLIC        P1
  B:0090H.0       PUBLIC        WAVE_OUT
  C:208EH         PUBLIC        WaveGen_Start
  C:000EH         PUBLIC        WaveGen_Init
  D:0089H         PUBLIC        TMOD
  C:215BH         PUBLIC        WaveGen_GetState
  C:2147H         PUBLIC        WaveGen_Stop
  B:0020H.6       SYMBOL        isRunning
  B:00A8H.1       PUBLIC        ET0
  D:008CH         PUBLIC        TH0
  D:008AH         PUBLIC        TL0
  C:209CH         PUBLIC        T0_ISR
  B:0088H.4       PUBLIC        TR0
  -------         PROC          WAVEGEN_INIT
  C:000EH         LINE#         13
  C:000EH         LINE#         14
  C:0011H         LINE#         15
  C:0014H         LINE#         16
BL51 BANKED LINKER/LOCATER V6.22                                                      05/27/2025  20:54:43  PAGE 21


  C:0017H         LINE#         17
  C:001AH         LINE#         18
  C:001CH         LINE#         19
  C:001EH         LINE#         20
  C:0020H         LINE#         21
  C:0022H         LINE#         33
  -------         ENDPROC       WAVEGEN_INIT
  -------         PROC          WAVEGEN_START
  C:208EH         LINE#         36
  C:208EH         LINE#         37
  C:2091H         LINE#         38
  C:2094H         LINE#         39
  C:2097H         LINE#         40
  C:2099H         LINE#         41
  C:209BH         LINE#         42
  C:209BH         LINE#         43
  -------         ENDPROC       WAVEGEN_START
  -------         PROC          WAVEGEN_STOP
  C:2147H         LINE#         46
  C:2147H         LINE#         47
  C:2149H         LINE#         48
  C:214BH         LINE#         49
  C:214DH         LINE#         50
  -------         ENDPROC       WAVEGEN_STOP
  -------         PROC          WAVEGEN_GETSTATE
  C:215BH         LINE#         53
  C:215BH         LINE#         54
  C:2160H         LINE#         55
  -------         ENDPROC       WAVEGEN_GETSTATE
  -------         PROC          T0_ISR
  -------         DO            
  B:0020H.5       SYMBOL        divider
  -------         ENDDO         
  C:209CH         LINE#         58
  C:209CH         LINE#         62
  C:209FH         LINE#         63
  C:20A2H         LINE#         66
  C:20A4H         LINE#         67
  C:20A7H         LINE#         68
  C:20A9H         LINE#         69
  C:20A9H         LINE#         70
  -------         ENDPROC       T0_ISR
  -------         ENDMOD        WAVEGEN

  -------         MODULE        FLOWMETER
  C:0000H         SYMBOL        _ICE_DUMMY_
  C:219EH         PUBLIC        FlowMeter_ForceSave
  C:2101H         PUBLIC        FlowMeter_Reset
  D:00A0H         PUBLIC        P2
  C:1D57H         PUBLIC        LoadTotalFlowFromEEPROM
  C:2051H         PUBLIC        FlowMeter_ResetTotal
  C:138FH         PUBLIC        FlowMeter_CalcFlow
  C:1FC3H         PUBLIC        FlowMeter_Start
  C:1193H         PUBLIC        FlowMeter_Init
  D:0058H         SYMBOL        saveCounter
  C:216CH         PUBLIC        FlowMeter_GetCurrentFlow
  D:0059H         SYMBOL        currentFlow
BL51 BANKED LINKER/LOCATER V6.22                                                      05/27/2025  20:54:43  PAGE 22


  C:219BH         PUBLIC        FlowMeter_Stop
  C:21AAH         PUBLIC        FlowMeter_GetMode
  C:2167H         PUBLIC        _FlowMeter_SetMode
  C:21A1H         PUBLIC        FlowMeter_HasUnsavedChanges
  D:005BH         SYMBOL        pulseCount
  D:005DH         SYMBOL        initialDisplayDelay
  C:1FD9H         PUBLIC        FlowMeter_UpdateDisplay
  C:21A4H         PUBLIC        FlowMeter_DisplayCurrent
  C:211EH         PUBLIC        FlowMeter_GetTotalFlow
  D:005EH         SYMBOL        flowMode
  B:0020H.0       SYMBOL        isRunning
  C:1F62H         PUBLIC        SaveTotalFlowToEEPROM
  C:2115H         PUBLIC        FlowMeter_GetLastSavedFlow
  C:17F7H         PUBLIC        UpdateCurrentFlowDisplay
  D:005FH         SYMBOL        lastSavedFlow
  B:00A8H.0       PUBLIC        EX0
  B:0088H.0       PUBLIC        IT0
  C:21A7H         PUBLIC        FlowMeter_DisplayTotal
  B:0020H.1       SYMBOL        needUpdateDisplay
  C:1456H         PUBLIC        UpdateTotalFlowDisplay
  C:20C6H         PUBLIC        INT0_ISR
  B:0020H.2       SYMBOL        totalFlowChanged
  -------         PROC          FLOWMETER_INIT
  -------         DO            
  D:0034H         SYMBOL        flowStr
  D:0040H         SYMBOL        temp
  D:004CH         SYMBOL        i
  D:004DH         SYMBOL        j
  D:004EH         SYMBOL        tempFlow
  -------         ENDDO         
  C:1193H         LINE#         182
  C:1193H         LINE#         194
  C:1198H         LINE#         197
  C:119AH         LINE#         198
  C:119CH         LINE#         199
  C:11A0H         LINE#         200
  C:11A4H         LINE#         205
  C:11AFH         LINE#         207
  C:11B7H         LINE#         210
  C:11C0H         LINE#         212
  C:11D3H         LINE#         213
  C:11D9H         LINE#         214
  C:11DCH         LINE#         215
  C:11E8H         LINE#         216
  C:11EBH         LINE#         219
  C:1204H         LINE#         220
  C:1223H         LINE#         221
  C:123CH         LINE#         222
  C:123EH         LINE#         225
  C:1242H         LINE#         226
  C:124CH         LINE#         227
  C:124CH         LINE#         230
  C:124FH         LINE#         231
  C:125CH         LINE#         232
  C:126FH         LINE#         233
  C:1271H         LINE#         234
  C:1278H         LINE#         236
BL51 BANKED LINKER/LOCATER V6.22                                                      05/27/2025  20:54:43  PAGE 23


  C:1280H         LINE#         237
  C:1280H         LINE#         239
  C:1289H         LINE#         241
  C:128BH         LINE#         242
  C:128EH         LINE#         243
  C:1290H         LINE#         244
  C:1292H         LINE#         245
  -------         ENDPROC       FLOWMETER_INIT
  -------         PROC          FLOWMETER_START
  C:1FC3H         LINE#         248
  C:1FC3H         LINE#         249
  C:1FC6H         LINE#         250
  C:1FCBH         LINE#         251
  C:1FCDH         LINE#         252
  C:1FCFH         LINE#         255
  C:1FD3H         LINE#         258
  C:1FD5H         LINE#         259
  C:1FD8H         LINE#         260
  C:1FD8H         LINE#         261
  -------         ENDPROC       FLOWMETER_START
  -------         PROC          FLOWMETER_STOP
  C:219BH         LINE#         264
  C:219BH         LINE#         265
  C:219DH         LINE#         267
  -------         ENDPROC       FLOWMETER_STOP
  -------         PROC          FLOWMETER_RESET
  C:2101H         LINE#         270
  C:2101H         LINE#         271
  C:2106H         LINE#         272
  C:210AH         LINE#         275
  -------         ENDPROC       FLOWMETER_RESET
  -------         PROC          FLOWMETER_RESETTOTAL
  C:2051H         LINE#         278
  C:2051H         LINE#         279
  C:205AH         LINE#         280
  -------         ENDPROC       FLOWMETER_RESETTOTAL
  -------         PROC          FLOWMETER_CALCFLOW
  -------         DO            
  D:0057H         SYMBOL        updateCounter
  -------         DO            
  D:0022H         SYMBOL        oldTotalFlow
  -------         ENDDO         
  -------         DO            
  D:0056H         SYMBOL        displayToggle
  -------         ENDDO         
  -------         ENDDO         
  C:138FH         LINE#         374
  C:138FH         LINE#         377
  C:1396H         LINE#         378
  C:1399H         LINE#         379
  C:1399H         LINE#         380
  C:139BH         LINE#         381
  C:139BH         LINE#         382
  C:139BH         LINE#         385
  C:13A7H         LINE#         386
  C:13AAH         LINE#         388
  C:13ADH         LINE#         389
BL51 BANKED LINKER/LOCATER V6.22                                                      05/27/2025  20:54:43  PAGE 24


  C:13B3H         LINE#         392
  C:13BEH         LINE#         393
  C:13CAH         LINE#         394
  C:13E3H         LINE#         397
  C:13F8H         LINE#         398
  C:13FAH         LINE#         399
  C:13FAH         LINE#         402
  C:141BH         LINE#         403
  C:141EH         LINE#         404
  C:141EH         LINE#         405
  C:141EH         LINE#         406
  C:141EH         LINE#         409
  C:1427H         LINE#         410
  C:142AH         LINE#         413
  C:142DH         LINE#         414
  C:1430H         LINE#         415
  C:1430H         LINE#         416
  C:1430H         LINE#         419
  C:1435H         LINE#         420
  C:1437H         LINE#         421
  C:1437H         LINE#         424
  C:143AH         LINE#         427
  C:1443H         LINE#         428
  C:1446H         LINE#         429
  C:1453H         LINE#         430
  C:1455H         LINE#         431
  C:1455H         LINE#         432
  C:1455H         LINE#         433
  -------         ENDPROC       FLOWMETER_CALCFLOW
  -------         PROC          SAVETOTALFLOWTOEEPROM
  C:1F62H         LINE#         462
  C:1F62H         LINE#         464
  C:1F6DH         LINE#         467
  C:1F79H         LINE#         468
  C:1F7BH         LINE#         476
  -------         ENDPROC       SAVETOTALFLOWTOEEPROM
  -------         PROC          LOADTOTALFLOWFROMEEPROM
  -------         DO            
  D:001AH         SYMBOL        loadedFlow
  -------         ENDDO         
  C:1D57H         LINE#         479
  C:1D57H         LINE#         480
  C:1D62H         LINE#         483
  C:1D78H         LINE#         484
  C:1D81H         LINE#         485
  C:1D88H         LINE#         486
  C:1D88H         LINE#         488
  C:1D90H         LINE#         489
  -------         ENDPROC       LOADTOTALFLOWFROMEEPROM
  -------         PROC          FLOWMETER_FORCESAVE
  C:219EH         LINE#         492
  C:219EH         LINE#         493
  -------         ENDPROC       FLOWMETER_FORCESAVE
  -------         PROC          FLOWMETER_GETLASTSAVEDFLOW
  C:2115H         LINE#         497
  C:2115H         LINE#         498
  C:211DH         LINE#         499
BL51 BANKED LINKER/LOCATER V6.22                                                      05/27/2025  20:54:43  PAGE 25


  -------         ENDPROC       FLOWMETER_GETLASTSAVEDFLOW
  -------         PROC          FLOWMETER_HASUNSAVEDCHANGES
  C:21A1H         LINE#         502
  C:21A1H         LINE#         503
  C:21A3H         LINE#         504
  -------         ENDPROC       FLOWMETER_HASUNSAVEDCHANGES
  -------         PROC          FLOWMETER_UPDATEDISPLAY
  C:1FD9H         LINE#         507
  C:1FD9H         LINE#         508
  C:1FDCH         LINE#         509
  C:1FDEH         LINE#         512
  C:1FE3H         LINE#         513
  C:1FE6H         LINE#         514
  C:1FEBH         LINE#         515
  C:1FEEH         LINE#         516
  C:1FEEH         LINE#         517
  C:1FEEH         LINE#         518
  -------         ENDPROC       FLOWMETER_UPDATEDISPLAY
  -------         PROC          UPDATECURRENTFLOWDISPLAY
  -------         DO            
  D:0034H         SYMBOL        val1
  D:0035H         SYMBOL        val2
  D:0036H         SYMBOL        val3
  D:0037H         SYMBOL        val4
  D:0038H         SYMBOL        val5
  D:0007H         SYMBOL        val6
  D:0002H         SYMBOL        flow_display
  -------         ENDDO         
  C:17F7H         LINE#         521
  C:17F7H         LINE#         525
  C:17FBH         LINE#         528
  C:17FEH         LINE#         529
  C:1812H         LINE#         530
  C:1826H         LINE#         531
  C:183AH         LINE#         532
  C:184EH         LINE#         533
  C:185BH         LINE#         536
  -------         ENDPROC       UPDATECURRENTFLOWDISPLAY
  -------         PROC          UPDATETOTALFLOWDISPLAY
  -------         DO            
  D:0034H         SYMBOL        val1
  D:0035H         SYMBOL        val2
  D:0036H         SYMBOL        val3
  D:0037H         SYMBOL        val4
  D:0038H         SYMBOL        val5
  D:0007H         SYMBOL        val6
  D:0039H         SYMBOL        flow_ml
  -------         ENDDO         
  C:1456H         LINE#         540
  C:1456H         LINE#         544
  C:1462H         LINE#         547
  C:1465H         LINE#         548
  C:1484H         LINE#         549
  C:14A3H         LINE#         550
  C:14C1H         LINE#         551
  C:14DFH         LINE#         552
  C:14F2H         LINE#         555
BL51 BANKED LINKER/LOCATER V6.22                                                      05/27/2025  20:54:43  PAGE 26


  -------         ENDPROC       UPDATETOTALFLOWDISPLAY
  -------         PROC          FLOWMETER_DISPLAYCURRENT
  C:21A4H         LINE#         559
  C:21A4H         LINE#         560
  -------         ENDPROC       FLOWMETER_DISPLAYCURRENT
  -------         PROC          FLOWMETER_DISPLAYTOTAL
  C:21A7H         LINE#         564
  C:21A7H         LINE#         565
  -------         ENDPROC       FLOWMETER_DISPLAYTOTAL
  -------         PROC          _FLOWMETER_SETMODE
  D:0007H         SYMBOL        mode
  C:2167H         LINE#         569
  C:2167H         LINE#         570
  C:2169H         LINE#         573
  C:216BH         LINE#         574
  -------         ENDPROC       _FLOWMETER_SETMODE
  -------         PROC          FLOWMETER_GETMODE
  C:21AAH         LINE#         577
  C:21AAH         LINE#         578
  C:21ACH         LINE#         579
  -------         ENDPROC       FLOWMETER_GETMODE
  -------         PROC          FLOWMETER_GETCURRENTFLOW
  C:216CH         LINE#         582
  C:216CH         LINE#         584
  C:2170H         LINE#         585
  -------         ENDPROC       FLOWMETER_GETCURRENTFLOW
  -------         PROC          FLOWMETER_GETTOTALFLOW
  C:211EH         LINE#         588
  C:211EH         LINE#         589
  C:2126H         LINE#         590
  -------         ENDPROC       FLOWMETER_GETTOTALFLOW
  -------         PROC          INT0_ISR
  C:20C6H         LINE#         593
  C:20C8H         LINE#         599
  C:20D0H         LINE#         600
  -------         ENDPROC       INT0_ISR
  -------         ENDMOD        FLOWMETER

  -------         MODULE        UART
  C:0000H         SYMBOL        _ICE_DUMMY_
  D:0090H         PUBLIC        P1
  B:00A8H.7       PUBLIC        EA
  C:1A88H         PUBLIC        UART_ISR
  B:00A8H.4       PUBLIC        ES
  B:0098H.0       PUBLIC        RI
  X:0000H         SYMBOL        uart_buffer
  B:0098H.1       PUBLIC        TI
  C:003EH         SYMBOL        UART_CommandHandler
  C:1DD0H         PUBLIC        _UART_SendString
  D:0099H         PUBLIC        SBUF
  D:0087H         PUBLIC        PCON
  C:186BH         PUBLIC        UART_Init
  D:0098H         PUBLIC        SCON
  D:0089H         PUBLIC        TMOD
  C:2130H         PUBLIC        _UART_SendByte
  C:1F7CH         PUBLIC        UART_ProcessCommand
  D:001EH         SYMBOL        uart_count
BL51 BANKED LINKER/LOCATER V6.22                                                      05/27/2025  20:54:43  PAGE 27


  D:008DH         PUBLIC        TH1
  D:008BH         PUBLIC        TL1
  B:0088H.6       PUBLIC        TR1
  C:19BBH         SYMBOL        _ParseNumber
  B:0021H.1       SYMBOL        uart_complete
  -------         PROC          UART_INIT
  C:186BH         LINE#         12
  C:186BH         LINE#         13
  C:186EH         LINE#         14
  C:1871H         LINE#         17
  C:1874H         LINE#         18
  C:1877H         LINE#         21
  C:187AH         LINE#         22
  C:187DH         LINE#         24
  C:187FH         LINE#         25
  C:1881H         LINE#         26
  C:1883H         LINE#         29
  C:1886H         LINE#         30
  C:1888H         LINE#         31
  C:1895H         LINE#         34
  C:189EH         LINE#         35
  C:18A7H         LINE#         36
  C:18B0H         LINE#         37
  C:18B9H         LINE#         38
  C:18C2H         LINE#         39
  C:18CBH         LINE#         40
  C:18D4H         LINE#         41
  -------         ENDPROC       UART_INIT
  -------         PROC          _UART_SENDBYTE
  D:0007H         SYMBOL        dat
  C:2130H         LINE#         45
  C:2130H         LINE#         46
  C:2132H         LINE#         47
  C:2135H         LINE#         48
  C:2137H         LINE#         49
  -------         ENDPROC       _UART_SENDBYTE
  C:1DCAH         SYMBOL        L?0074
  -------         PROC          L?0073
  -------         ENDPROC       L?0073
  C:1DCAH         SYMBOL        L?0074
  -------         PROC          _UART_SENDSTRING
  D:0052H         SYMBOL        s
  C:1DD0H         LINE#         52
  C:1DD6H         LINE#         53
  C:1DE1H         LINE#         54
  C:1DF2H         LINE#         55
  C:1DF4H         LINE#         56
  -------         ENDPROC       _UART_SENDSTRING
  -------         PROC          L?0072
  -------         ENDPROC       L?0072
  -------         PROC          _PARSENUMBER
  D:003BH         SYMBOL        str
  D:003EH         SYMBOL        len
  -------         DO            
  D:003FH         SYMBOL        result
  D:0041H         SYMBOL        i
  -------         ENDDO         
BL51 BANKED LINKER/LOCATER V6.22                                                      05/27/2025  20:54:43  PAGE 28


  C:19BBH         LINE#         59
  C:19C3H         LINE#         60
  C:19C8H         LINE#         62
  C:19D1H         LINE#         63
  C:19F0H         LINE#         64
  C:1A10H         LINE#         65
  C:1A12H         LINE#         66
  C:1A17H         LINE#         67
  C:1A17H         LINE#         68
  C:1A1BH         LINE#         69
  C:1A1FH         LINE#         70
  -------         ENDPROC       _PARSENUMBER
  -------         PROC          UART_COMMANDHANDLER
  -------         DO            
  D:0034H         SYMBOL        year
  D:0036H         SYMBOL        month
  D:0037H         SYMBOL        day
  D:0038H         SYMBOL        hour
  D:0039H         SYMBOL        min
  D:003AH         SYMBOL        sec
  D:0034H         SYMBOL        year
  D:0036H         SYMBOL        month
  D:0037H         SYMBOL        day
  D:0034H         SYMBOL        hour
  D:0035H         SYMBOL        min
  D:0036H         SYMBOL        sec
  D:0034H         SYMBOL        hour
  D:0035H         SYMBOL        min
  D:0036H         SYMBOL        sec
  D:0037H         SYMBOL        volume
  -------         ENDDO         
  -------         DO            
  D:0034H         SYMBOL        year
  D:0036H         SYMBOL        month
  D:0037H         SYMBOL        day
  D:0034H         SYMBOL        hour
  D:0035H         SYMBOL        min
  D:0036H         SYMBOL        sec
  D:0034H         SYMBOL        hour
  D:0035H         SYMBOL        min
  D:0036H         SYMBOL        sec
  D:0037H         SYMBOL        volume
  -------         ENDDO         
  -------         DO            
  D:0034H         SYMBOL        hour
  D:0035H         SYMBOL        min
  D:0036H         SYMBOL        sec
  D:0034H         SYMBOL        hour
  D:0035H         SYMBOL        min
  D:0036H         SYMBOL        sec
  D:0037H         SYMBOL        volume
  -------         ENDDO         
  -------         DO            
  D:0034H         SYMBOL        hour
  D:0035H         SYMBOL        min
  D:0036H         SYMBOL        sec
  D:0037H         SYMBOL        volume
BL51 BANKED LINKER/LOCATER V6.22                                                      05/27/2025  20:54:43  PAGE 29


  -------         ENDDO         
  C:003EH         LINE#         73
  C:003EH         LINE#         75
  C:005CH         LINE#         79
  C:0071H         LINE#         80
  C:0080H         LINE#         81
  C:0089H         LINE#         82
  C:0092H         LINE#         83
  C:009FH         LINE#         84
  C:00ACH         LINE#         85
  C:00B9H         LINE#         88
  C:0111H         LINE#         90
  C:0111H         LINE#         92
  C:0125H         LINE#         94
  C:012EH         LINE#         95
  C:0137H         LINE#         96
  C:013DH         LINE#         97
  C:0141H         LINE#         98
  C:0147H         LINE#         99
  C:014DH         LINE#         100
  C:0151H         LINE#         101
  C:0156H         LINE#         102
  C:015CH         LINE#         103
  C:015CH         LINE#         104
  C:015FH         LINE#         105
  C:0168H         LINE#         106
  C:016EH         LINE#         107
  C:016EH         LINE#         108
  C:0171H         LINE#         109
  C:0174H         LINE#         110
  C:017DH         LINE#         111
  C:0183H         LINE#         112
  C:0183H         LINE#         113
  C:0186H         LINE#         115
  C:01A4H         LINE#         119
  C:01B9H         LINE#         120
  C:01C8H         LINE#         121
  C:01D5H         LINE#         122
  C:01E2H         LINE#         125
  C:021CH         LINE#         126
  C:021CH         LINE#         128
  C:0227H         LINE#         130
  C:0230H         LINE#         131
  C:0236H         LINE#         132
  C:023AH         LINE#         133
  C:023FH         LINE#         134
  C:0248H         LINE#         135
  C:024EH         LINE#         136
  C:0251H         LINE#         137
  C:025AH         LINE#         138
  C:0260H         LINE#         139
  C:0260H         LINE#         140
  C:0263H         LINE#         141
  C:0266H         LINE#         142
  C:026FH         LINE#         143
  C:0275H         LINE#         144
  C:0275H         LINE#         145
BL51 BANKED LINKER/LOCATER V6.22                                                      05/27/2025  20:54:43  PAGE 30


  C:0278H         LINE#         147
  C:0296H         LINE#         148
  C:029CH         LINE#         151
  C:02B1H         LINE#         152
  C:02C3H         LINE#         153
  C:02D5H         LINE#         154
  C:02E7H         LINE#         157
  C:02FCH         LINE#         159
  C:0305H         LINE#         161
  C:030EH         LINE#         163
  C:0314H         LINE#         164
  C:0318H         LINE#         165
  C:031DH         LINE#         166
  C:0326H         LINE#         167
  C:032CH         LINE#         168
  C:032FH         LINE#         169
  C:032FH         LINE#         170
  C:0338H         LINE#         171
  C:033EH         LINE#         172
  C:033EH         LINE#         173
  C:0341H         LINE#         174
  C:0341H         LINE#         175
  C:0344H         LINE#         176
  C:034DH         LINE#         177
  C:0353H         LINE#         178
  C:0353H         LINE#         179
  C:0356H         LINE#         181
  C:0371H         LINE#         182
  C:0375H         LINE#         183
  C:037BH         LINE#         184
  C:037EH         LINE#         185
  C:0399H         LINE#         186
  C:039EH         LINE#         187
  C:03A4H         LINE#         188
  C:03A7H         LINE#         190
  C:03C5H         LINE#         195
  C:03DAH         LINE#         196
  C:03ECH         LINE#         197
  C:03FEH         LINE#         198
  C:0410H         LINE#         201
  C:0415H         LINE#         202
  C:0437H         LINE#         203
  C:0457H         LINE#         204
  C:0475H         LINE#         205
  C:048EH         LINE#         208
  C:04C2H         LINE#         210
  C:04C8H         LINE#         211
  C:04CCH         LINE#         212
  C:04D0H         LINE#         213
  C:04D8H         LINE#         214
  C:04DEH         LINE#         215
  C:04E3H         LINE#         217
  C:04ECH         LINE#         218
  C:04F5H         LINE#         219
  C:04FBH         LINE#         220
  C:04FFH         LINE#         221
  C:0504H         LINE#         222
BL51 BANKED LINKER/LOCATER V6.22                                                      05/27/2025  20:54:43  PAGE 31


  C:050DH         LINE#         223
  C:0516H         LINE#         224
  C:051BH         LINE#         225
  C:0524H         LINE#         226
  C:052AH         LINE#         227
  C:052DH         LINE#         228
  C:052DH         LINE#         229
  C:0536H         LINE#         230
  C:053FH         LINE#         231
  C:0545H         LINE#         232
  C:0545H         LINE#         233
  C:0548H         LINE#         234
  C:0548H         LINE#         235
  C:054BH         LINE#         236
  C:0554H         LINE#         237
  C:055AH         LINE#         238
  C:055AH         LINE#         239
  C:055CH         LINE#         241
  C:0577H         LINE#         242
  C:057AH         LINE#         243
  C:0580H         LINE#         244
  C:0582H         LINE#         245
  C:0582H         LINE#         246
  C:058BH         LINE#         247
  C:0594H         LINE#         248
  C:059DH         LINE#         249
  C:05A6H         LINE#         250
  C:05AFH         LINE#         251
  C:05B8H         LINE#         252
  C:05C1H         LINE#         253
  C:05CAH         LINE#         254
  C:05CAH         LINE#         255
  -------         ENDPROC       UART_COMMANDHANDLER
  -------         PROC          UART_PROCESSCOMMAND
  C:1F7CH         LINE#         258
  C:1F7CH         LINE#         259
  C:1F7FH         LINE#         260
  C:1F82H         LINE#         261
  C:1F84H         LINE#         262
  C:1F87H         LINE#         263
  C:1F94H         LINE#         264
  C:1F94H         LINE#         265
  -------         ENDPROC       UART_PROCESSCOMMAND
  -------         PROC          UART_ISR
  -------         DO            
  D:0033H         SYMBOL        ch
  -------         ENDDO         
  C:1A88H         LINE#         268
  C:1A95H         LINE#         269
  C:1A98H         LINE#         270
  C:1A9AH         LINE#         272
  C:1A9DH         LINE#         273
  C:1AA0H         LINE#         276
  C:1AA5H         LINE#         278
  C:1AB0H         LINE#         279
  C:1ABDH         LINE#         280
  C:1AC4H         LINE#         281
BL51 BANKED LINKER/LOCATER V6.22                                                      05/27/2025  20:54:43  PAGE 32


  C:1AC6H         LINE#         282
  C:1AC6H         LINE#         283
  C:1AC8H         LINE#         284
  C:1ACFH         LINE#         285
  C:1AE0H         LINE#         286
  C:1AE0H         LINE#         287
  C:1AE0H         LINE#         288
  C:1AE0H         LINE#         290
  C:1AE3H         LINE#         291
  C:1AE5H         LINE#         292
  C:1AE5H         LINE#         293
  -------         ENDPROC       UART_ISR
  -------         ENDMOD        UART

  -------         MODULE        KEYBOARD_CONTROL
  C:0000H         SYMBOL        _ICE_DUMMY_
  B:0090H.3       PUBLIC        KEY_TIME_UP
  D:0090H         PUBLIC        P1
  D:00A0H         PUBLIC        P2
  C:1293H         PUBLIC        TimedWatering_Update
  C:0F10H         PUBLIC        KeyboardControl_Scan
  B:0090H.2       PUBLIC        KEY_AUTO
  C:1DF5H         PUBLIC        KeyboardControl_Init
  B:0090H.4       PUBLIC        KEY_TIME_DOWN
  D:0067H         PUBLIC        param_mode
  C:2127H         SYMBOL        KeyDelay
  D:0068H         PUBLIC        auto_display_mode
  C:1066H         PUBLIC        DisplayAutoWateringParams
  C:1F46H         PUBLIC        TimedWatering_Start
  B:0090H.5       PUBLIC        KEY_VOL_UP
  C:1F0DH         PUBLIC        TimedWatering_Stop
  C:20AAH         PUBLIC        CheckAndUpdateAutoDisplay
  B:0090H.6       PUBLIC        KEY_VOL_DOWN
  X:0020H         PUBLIC        timed_watering
  B:0021H.2       PUBLIC        display_update_flag
  D:0069H         SYMBOL        key_prev_state
  B:0090H.7       PUBLIC        KEY_MODE
  -------         PROC          KEYDELAY
  -------         DO            
  D:0007H         SYMBOL        i
  -------         ENDDO         
  C:2127H         LINE#         22
  C:2127H         LINE#         23
  C:2129H         LINE#         24
  C:212FH         LINE#         25
  -------         ENDPROC       KEYDELAY
  -------         PROC          KEYBOARDCONTROL_INIT
  C:1DF5H         LINE#         28
  C:1DF5H         LINE#         30
  C:1DF8H         LINE#         33
  C:1DFBH         LINE#         36
  C:1E00H         LINE#         37
  C:1E04H         LINE#         38
  C:1E07H         LINE#         39
  C:1E0AH         LINE#         40
  C:1E11H         LINE#         41
  C:1E14H         LINE#         42
BL51 BANKED LINKER/LOCATER V6.22                                                      05/27/2025  20:54:43  PAGE 33


  C:1E18H         LINE#         43
  C:1E1AH         LINE#         45
  C:1E1CH         LINE#         46
  C:1E1EH         LINE#         47
  -------         ENDPROC       KEYBOARDCONTROL_INIT
  -------         PROC          KEYBOARDCONTROL_SCAN
  -------         DO            
  D:0034H         SYMBOL        current_keys
  D:0035H         SYMBOL        key_pressed
  -------         ENDDO         
  C:0F10H         LINE#         154
  C:0F10H         LINE#         155
  C:0F13H         LINE#         159
  C:0F19H         LINE#         160
  C:0F1FH         LINE#         161
  C:0F25H         LINE#         162
  C:0F2BH         LINE#         163
  C:0F31H         LINE#         164
  C:0F37H         LINE#         167
  C:0F3EH         LINE#         169
  C:0F41H         LINE#         170
  C:0F44H         LINE#         171
  C:0F47H         LINE#         172
  C:0F4DH         LINE#         173
  C:0F50H         LINE#         174
  C:0F53H         LINE#         175
  C:0F5CH         LINE#         176
  C:0F5EH         LINE#         177
  C:0F60H         LINE#         178
  C:0F63H         LINE#         179
  C:0F63H         LINE#         180
  C:0F63H         LINE#         181
  C:0F63H         LINE#         183
  C:0F68H         LINE#         184
  C:0F6BH         LINE#         185
  C:0F6EH         LINE#         186
  C:0F75H         LINE#         187
  C:0F78H         LINE#         188
  C:0F7AH         LINE#         189
  C:0F7AH         LINE#         190
  C:0F7AH         LINE#         192
  C:0F7FH         LINE#         193
  C:0F82H         LINE#         194
  C:0F85H         LINE#         195
  C:0F94H         LINE#         196
  C:0F94H         LINE#         197
  C:0FA2H         LINE#         198
  C:0FA4H         LINE#         199
  C:0FA4H         LINE#         200
  C:0FB2H         LINE#         201
  C:0FB4H         LINE#         202
  C:0FB4H         LINE#         203
  C:0FC7H         LINE#         204
  C:0FC9H         LINE#         205
  C:0FC9H         LINE#         206
  C:0FD8H         LINE#         207
  C:0FE4H         LINE#         208
BL51 BANKED LINKER/LOCATER V6.22                                                      05/27/2025  20:54:43  PAGE 34


  C:0FE4H         LINE#         209
  C:0FE4H         LINE#         210
  C:0FE4H         LINE#         211
  C:0FE7H         LINE#         212
  C:0FE9H         LINE#         213
[...]
  -------         ENDPROC       KEYBOARDCONTROL_SCAN
  -------         PROC          TIMEDWATERING_START
  C:1F46H         LINE#         244
  C:1F46H         LINE#         245
  C:1F4CH         LINE#         246
  C:1F51H         LINE#         247
  C:1F55H         LINE#         250
  C:1F57H         LINE#         251
  C:1F59H         LINE#         254
  -------         ENDPROC       TIMEDWATERING_START
  -------         PROC          TIMEDWATERING_STOP
  C:1F0DH         LINE#         258
  C:1F0DH         LINE#         259
  C:1F12H         LINE#         260
  C:1F16H         LINE#         263
  C:1F1CH         LINE#         264
  C:1F1EH         LINE#         265
  C:1F21H         LINE#         266
  C:1F24H         LINE#         267
  C:1F29H         LINE#         268
  C:1F29H         LINE#         269
  -------         ENDPROC       TIMEDWATERING_STOP
  -------         PROC          TIMEDWATERING_UPDATE
  -------         DO            
  D:0022H         SYMBOL        current_total_flow
  D:0063H         SYMBOL        start_total_flow
BL51 BANKED LINKER/LOCATER V6.22                                                      05/27/2025  20:54:43  PAGE 35


  D:0026H         SYMBOL        watered_volume
  -------         ENDDO         
  C:1293H         LINE#         272
  C:1293H         LINE#         277
  C:129CH         LINE#         279
  C:12A5H         LINE#         281
  C:12B0H         LINE#         282
  C:12C9H         LINE#         284
  C:12E2H         LINE#         286
  C:12E7H         LINE#         287
  C:12ECH         LINE#         289
  C:12EFH         LINE#         290
  C:12F2H         LINE#         291
  C:12F7H         LINE#         294
  C:1302H         LINE#         297
  C:1305H         LINE#         298
  C:130EH         LINE#         299
  C:1310H         LINE#         300
  C:1311H         LINE#         302
  C:1326H         LINE#         303
  C:132CH         LINE#         304
  C:132FH         LINE#         305
  C:1331H         LINE#         306
  C:1331H         LINE#         307
  C:1331H         LINE#         308
  C:1332H         LINE#         310
  C:134BH         LINE#         313
  C:134BH         LINE#         316
  C:1351H         LINE#         317
  C:1360H         LINE#         318
  C:136BH         LINE#         320
  C:136EH         LINE#         321
  C:1371H         LINE#         322
  C:1376H         LINE#         324
  C:1379H         LINE#         325
  C:137BH         LINE#         326
  C:137BH         LINE#         331
  C:138DH         LINE#         332
  C:138DH         LINE#         333
  C:138EH         LINE#         334
  C:138EH         LINE#         335
  C:138EH         LINE#         336
  -------         ENDPROC       TIMEDWATERING_UPDATE
  -------         PROC          DISPLAYAUTOWATERINGPARAMS
  -------         DO            
  D:0034H         SYMBOL        val1
  D:0035H         SYMBOL        val2
  D:0036H         SYMBOL        val3
  D:0037H         SYMBOL        val4
  D:0038H         SYMBOL        val5
  D:0039H         SYMBOL        val6
  -------         ENDDO         
  C:1066H         LINE#         339
  C:1066H         LINE#         342
  C:106CH         LINE#         344
  C:107EH         LINE#         345
  C:1092H         LINE#         346
BL51 BANKED LINKER/LOCATER V6.22                                                      05/27/2025  20:54:43  PAGE 36


  C:1095H         LINE#         347
  C:1095H         LINE#         348
  C:1095H         LINE#         349
  C:1095H         LINE#         350
  C:1098H         LINE#         352
  C:10AAH         LINE#         353
  C:10AAH         LINE#         355
  C:10B6H         LINE#         356
  C:10C2H         LINE#         357
  C:10C5H         LINE#         358
  C:10C7H         LINE#         359
  C:10C9H         LINE#         360
  C:10CCH         LINE#         361
  C:10CFH         LINE#         363
  C:10CFH         LINE#         365
  C:10DBH         LINE#         366
  C:10E7H         LINE#         367
  C:10EAH         LINE#         368
  C:10ECH         LINE#         369
  C:10EEH         LINE#         370
  C:10F1H         LINE#         371
  C:10F4H         LINE#         373
  C:10F4H         LINE#         375
  C:1100H         LINE#         376
  C:110CH         LINE#         377
  C:110FH         LINE#         378
  C:1111H         LINE#         379
  C:1113H         LINE#         380
  C:1116H         LINE#         381
  C:1118H         LINE#         383
  C:1118H         LINE#         385
  C:112CH         LINE#         386
  C:1140H         LINE#         387
  C:1158H         LINE#         388
  C:116CH         LINE#         389
  C:116FH         LINE#         390
  C:1172H         LINE#         391
  C:1174H         LINE#         393
  C:1174H         LINE#         394
  C:1181H         LINE#         395
  C:1181H         LINE#         396
  C:1181H         LINE#         402
  C:1181H         LINE#         404
  -------         ENDPROC       DISPLAYAUTOWATERINGPARAMS
  -------         PROC          CHECKANDUPDATEAUTODISPLAY
  C:20AAH         LINE#         408
  C:20AAH         LINE#         409
  C:20ADH         LINE#         410
  C:20AFH         LINE#         412
  C:20B4H         LINE#         413
  C:20B7H         LINE#         414
  C:20B7H         LINE#         415
  C:20B7H         LINE#         416
  -------         ENDPROC       CHECKANDUPDATEAUTODISPLAY
  -------         ENDMOD        KEYBOARD_CONTROL

  -------         MODULE        I2C
BL51 BANKED LINKER/LOCATER V6.22                                                      05/27/2025  20:54:43  PAGE 37


  C:0000H         SYMBOL        _ICE_DUMMY_
  D:00A0H         PUBLIC        P2
  C:21B0H         PUBLIC        SaveAlarmToEEPROM
  C:1649H         PUBLIC        _EEPROM_ReadULong
  C:217FH         PUBLIC        _AT24C02_ReadByte
  C:207FH         PUBLIC        IsFirstPowerOn
  C:1D91H         PUBLIC        _EEPROM_WriteULong
  C:2161H         PUBLIC        AT24C02_ReadTotalFlow
  C:20B8H         PUBLIC        ReadWateringFromEEPROM
  C:21ADH         PUBLIC        _AT24C02_WriteByte
  C:214EH         PUBLIC        SetInitializedFlag
  C:1ECFH         PUBLIC        _EEPROM_Read
  C:20D3H         PUBLIC        I2C_Start
  C:1FEFH         PUBLIC        _AT24C02_WriteTotalFlow
  C:1E6EH         PUBLIC        I2C_ReadByte
  C:2171H         PUBLIC        I2C_Init
  C:1EEFH         PUBLIC        _EEPROM_Write
  C:2070H         PUBLIC        I2C_SendAck
  D:006AH         PUBLIC        totalFlow
  C:2176H         PUBLIC        _I2C_SendByte
  C:1E2AH         PUBLIC        _I2C_WriteByte
  C:202DH         PUBLIC        I2C_WaitAck
  C:210BH         PUBLIC        I2C_Stop
  C:21B1H         PUBLIC        ReadAlarmFromEEPROM
  B:00A0H.5       PUBLIC        SDA
  B:00A0H.6       PUBLIC        SCL
  C:2040H         PUBLIC        SaveWateringToEEPROM
  C:2138H         PUBLIC        I2C_ReceiveByte
  -------         PROC          I2C_START
  C:20D3H         LINE#         13
  C:20D3H         LINE#         14
  C:20D6H         LINE#         15
  C:20D9H         LINE#         16
  C:20DCH         LINE#         17
  C:20DFH         LINE#         18
  -------         ENDPROC       I2C_START
  -------         PROC          I2C_STOP
  C:210BH         LINE#         23
  C:210BH         LINE#         24
  C:210EH         LINE#         25
  C:2111H         LINE#         26
  C:2114H         LINE#         27
  -------         ENDPROC       I2C_STOP
  -------         PROC          I2C_SENDACK
  B:0021H.0       SYMBOL        ack
  C:2070H         LINE#         33
  C:2070H         LINE#         34
  C:2075H         LINE#         35
  C:2078H         LINE#         36
  C:207BH         LINE#         37
  C:207EH         LINE#         38
  -------         ENDPROC       I2C_SENDACK
  -------         PROC          I2C_WAITACK
  C:202DH         LINE#         44
  C:202DH         LINE#         45
  C:2030H         LINE#         46
  C:2033H         LINE#         47
BL51 BANKED LINKER/LOCATER V6.22                                                      05/27/2025  20:54:43  PAGE 38


  C:2036H         LINE#         48
  C:2039H         LINE#         49
  C:203BH         LINE#         50
  C:203BH         LINE#         51
  C:203EH         LINE#         52
  C:203FH         LINE#         53
  -------         ENDPROC       I2C_WAITACK
  -------         PROC          L?0035
  -------         ENDPROC       L?0035
  -------         PROC          _I2C_WRITEBYTE
  D:0007H         SYMBOL        dat
  -------         DO            
  D:0006H         SYMBOL        i
  -------         ENDDO         
  C:1E2AH         LINE#         59
  C:1E2AH         LINE#         61
  C:1E2CH         LINE#         62
  C:1E36H         LINE#         63
  C:1E39H         LINE#         64
  C:1E3CH         LINE#         65
  C:1E40H         LINE#         66
  C:1E44H         LINE#         67
  -------         ENDPROC       _I2C_WRITEBYTE
  -------         PROC          I2C_READBYTE
  B:0020H.7       SYMBOL        ack
  -------         DO            
  D:0006H         SYMBOL        i
  D:0007H         SYMBOL        dat
  -------         ENDDO         
  C:1E6EH         LINE#         75
  C:1E6EH         LINE#         76
  C:1E70H         LINE#         77
  C:1E72H         LINE#         78
  C:1E73H         LINE#         79
  C:1E76H         LINE#         80
  C:1E7AH         LINE#         81
  C:1E80H         LINE#         82
  C:1E83H         LINE#         83
  C:1E87H         LINE#         84
  C:1E8EH         LINE#         85
  C:1E8EH         LINE#         86
  -------         ENDPROC       I2C_READBYTE
  -------         PROC          _EEPROM_WRITE
  D:0004H         SYMBOL        addr
  D:0005H         SYMBOL        dat
  C:1EEFH         LINE#         93
  C:1EF1H         LINE#         94
  C:1EF4H         LINE#         95
  C:1EF9H         LINE#         96
  C:1EFEH         LINE#         97
  C:1F03H         LINE#         98
  C:1F06H         LINE#         99
  -------         ENDPROC       _EEPROM_WRITE
  -------         PROC          _EEPROM_READ
  D:0005H         SYMBOL        addr
  -------         DO            
  D:0007H         SYMBOL        dat
BL51 BANKED LINKER/LOCATER V6.22                                                      05/27/2025  20:54:43  PAGE 39


  -------         ENDDO         
  C:1ECFH         LINE#         107
  C:1ED1H         LINE#         109
  C:1ED4H         LINE#         110
  C:1ED9H         LINE#         111
  C:1EDEH         LINE#         113
  C:1EE1H         LINE#         114
  C:1EE6H         LINE#         115
  C:1EEBH         LINE#         116
  C:1EEEH         LINE#         117
  C:1EEEH         LINE#         118
  -------         ENDPROC       _EEPROM_READ
  -------         PROC          _EEPROM_WRITEULONG
  D:0005H         SYMBOL        addr
  D:002FH         SYMBOL        dat
  C:1D91H         LINE#         125
  C:1D93H         LINE#         126
  C:1D96H         LINE#         127
  C:1D9BH         LINE#         128
  C:1DA0H         LINE#         131
  C:1DA6H         LINE#         132
  C:1DABH         LINE#         133
  C:1DB0H         LINE#         134
  C:1DC0H         LINE#         136
  C:1DC3H         LINE#         137
  -------         ENDPROC       _EEPROM_WRITEULONG
  -------         PROC          _EEPROM_READULONG
  D:0003H         SYMBOL        addr
  -------         DO            
  D:0052H         SYMBOL        dat
  -------         ENDDO         
  C:1649H         LINE#         145
  C:164BH         LINE#         146
  C:1654H         LINE#         147
  C:1657H         LINE#         148
  C:165CH         LINE#         149
  C:1661H         LINE#         151
  C:1664H         LINE#         152
  C:1669H         LINE#         155
  C:1677H         LINE#         156
  C:1699H         LINE#         157
  C:16BBH         LINE#         158
  C:16DDH         LINE#         160
  C:16E0H         LINE#         161
  C:16E8H         LINE#         162
  -------         ENDPROC       _EEPROM_READULONG
  -------         PROC          ISFIRSTPOWERON
  C:207FH         LINE#         168
  C:207FH         LINE#         169
  C:208DH         LINE#         170
  -------         ENDPROC       ISFIRSTPOWERON
  -------         PROC          SETINITIALIZEDFLAG
  C:214EH         LINE#         175
  C:214EH         LINE#         176
  -------         ENDPROC       SETINITIALIZEDFLAG
  -------         PROC          SAVEALARMTOEEPROM
  C:21B0H         LINE#         182
BL51 BANKED LINKER/LOCATER V6.22                                                      05/27/2025  20:54:43  PAGE 40


  C:21B0H         LINE#         189
  -------         ENDPROC       SAVEALARMTOEEPROM
  -------         PROC          READALARMFROMEEPROM
  C:21B1H         LINE#         194
  C:21B1H         LINE#         205
  -------         ENDPROC       READALARMFROMEEPROM
  -------         PROC          SAVEWATERINGTOEEPROM
  C:2040H         LINE#         210
  C:2040H         LINE#         211
  -------         ENDPROC       SAVEWATERINGTOEEPROM
  -------         PROC          READWATERINGFROMEEPROM
  C:20B8H         LINE#         217
  C:20B8H         LINE#         218
  C:20C5H         LINE#         219
  -------         ENDPROC       READWATERINGFROMEEPROM
  -------         PROC          I2C_INIT
  C:2171H         LINE#         224
  C:2171H         LINE#         225
  C:2173H         LINE#         226
  C:2175H         LINE#         227
  -------         ENDPROC       I2C_INIT
  -------         PROC          _I2C_SENDBYTE
  D:0007H         SYMBOL        dat
  C:2176H         LINE#         230
  C:2176H         LINE#         231
  C:2179H         LINE#         232
  C:217AH         LINE#         233
  -------         ENDPROC       _I2C_SENDBYTE
  -------         PROC          I2C_RECEIVEBYTE
  B:0021H.3       SYMBOL        ack
  C:2138H         LINE#         236
  C:2138H         LINE#         237
  C:213FH         LINE#         238
  -------         ENDPROC       I2C_RECEIVEBYTE
  -------         PROC          _AT24C02_WRITEBYTE
  D:0007H         SYMBOL        addr
  D:0005H         SYMBOL        dat
  C:21ADH         LINE#         241
  C:21ADH         LINE#         242
  -------         ENDPROC       _AT24C02_WRITEBYTE
  -------         PROC          _AT24C02_READBYTE
  D:0007H         SYMBOL        addr
  C:217FH         LINE#         246
  C:217FH         LINE#         247
  C:2182H         LINE#         248
  -------         ENDPROC       _AT24C02_READBYTE
  -------         PROC          _AT24C02_WRITETOTALFLOW
  D:002AH         SYMBOL        flow
  C:1FEFH         LINE#         251
  C:1FF7H         LINE#         252
  -------         ENDPROC       _AT24C02_WRITETOTALFLOW
  -------         PROC          AT24C02_READTOTALFLOW
  C:2161H         LINE#         256
  C:2161H         LINE#         257
  C:2166H         LINE#         258
  -------         ENDPROC       AT24C02_READTOTALFLOW
  -------         ENDMOD        I2C
BL51 BANKED LINKER/LOCATER V6.22                                                      05/27/2025  20:54:43  PAGE 41



  -------         MODULE        ?C?CLDPTR
  C:0A53H         PUBLIC        ?C?CLDPTR
  -------         ENDMOD        ?C?CLDPTR

  -------         MODULE        ?C?CLDOPTR
  C:0A6CH         PUBLIC        ?C?CLDOPTR
  -------         ENDMOD        ?C?CLDOPTR

  -------         MODULE        ?C?IMUL
  C:0A99H         PUBLIC        ?C?IMUL
  -------         ENDMOD        ?C?IMUL

  -------         MODULE        ?C?UIDIV
  C:0AABH         PUBLIC        ?C?UIDIV
  -------         ENDMOD        ?C?UIDIV

  -------         MODULE        ?C?ULDIV
  C:0B3CH         PUBLIC        ?C?ULDIV
  -------         ENDMOD        ?C?ULDIV

  -------         MODULE        ?C?ULCMP
  C:0BCEH         PUBLIC        ?C?ULCMP
  -------         ENDMOD        ?C?ULCMP

  -------         MODULE        ?C?ULSHR
  C:0BDFH         PUBLIC        ?C?ULSHR
  -------         ENDMOD        ?C?ULSHR

  -------         MODULE        ?C?LSHL
  C:0BF2H         PUBLIC        ?C?LSHL
  -------         ENDMOD        ?C?LSHL

  -------         MODULE        STRNCMP
  D:003BH         PUBLIC        ?_strncmp?BYTE
  C:18DDH         PUBLIC        _strncmp
  -------         ENDMOD        STRNCMP

  -------         MODULE        STRLEN
  C:2004H         PUBLIC        _STRLEN
  -------         ENDMOD        STRLEN

  -------         MODULE        ?C?MEMSET
  C:0C05H         PUBLIC        ?C?MEMSET
  -------         ENDMOD        ?C?MEMSET

*** WARNING L16: UNCALLED SEGMENT, IGNORED FOR OVERLAY PROCESS
    SEGMENT: ?PR?PCA_GETYEAR?PCA

*** WARNING L16: UNCALLED SEGMENT, IGNORED FOR OVERLAY PROCESS
    SEGMENT: ?PR?PCA_GETMONTH?PCA

*** WARNING L16: UNCALLED SEGMENT, IGNORED FOR OVERLAY PROCESS
    SEGMENT: ?PR?PCA_GETDAY?PCA

*** WARNING L16: UNCALLED SEGMENT, IGNORED FOR OVERLAY PROCESS
    SEGMENT: ?PR?PCA_GETHOUR?PCA
BL51 BANKED LINKER/LOCATER V6.22                                                      05/27/2025  20:54:43  PAGE 42



*** WARNING L16: UNCALLED SEGMENT, IGNORED FOR OVERLAY PROCESS
    SEGMENT: ?PR?PCA_GETMIN?PCA

*** WARNING L16: UNCALLED SEGMENT, IGNORED FOR OVERLAY PROCESS
    SEGMENT: ?PR?PCA_GETSEC?PCA

*** WARNING L16: UNCALLED SEGMENT, IGNORED FOR OVERLAY PROCESS
    SEGMENT: ?PR?PCA_GETDISPLAYMODE?PCA

*** WARNING L16: UNCALLED SEGMENT, IGNORED FOR OVERLAY PROCESS
    SEGMENT: ?PR?PCA_TOGGLEDISPLAYMODE?PCA

*** WARNING L16: UNCALLED SEGMENT, IGNORED FOR OVERLAY PROCESS
    SEGMENT: ?PR?PCA_MANUALTOGGLEDISPLAY?PCA

*** WARNING L16: UNCALLED SEGMENT, IGNORED FOR OVERLAY PROCESS
    SEGMENT: ?PR?RELAY_GETSTATE?RELAY

*** WARNING L16: UNCALLED SEGMENT, IGNORED FOR OVERLAY PROCESS
    SEGMENT: ?PR?WAVEGEN_STOP?WAVEGEN

*** WARNING L16: UNCALLED SEGMENT, IGNORED FOR OVERLAY PROCESS
    SEGMENT: ?PR?WAVEGEN_GETSTATE?WAVEGEN

*** WARNING L16: UNCALLED SEGMENT, IGNORED FOR OVERLAY PROCESS
    SEGMENT: ?PR?FLOWMETER_RESETTOTAL?FLOWMETER

*** WARNING L16: UNCALLED SEGMENT, IGNORED FOR OVERLAY PROCESS
    SEGMENT: ?PR?LOADTOTALFLOWFROMEEPROM?FLOWMETER

*** WARNING L16: UNCALLED SEGMENT, IGNORED FOR OVERLAY PROCESS
    SEGMENT: ?PR?FLOWMETER_FORCESAVE?FLOWMETER

*** WARNING L16: UNCALLED SEGMENT, IGNORED FOR OVERLAY PROCESS
    SEGMENT: ?PR?FLOWMETER_GETLASTSAVEDFLOW?FLOWMETER

*** WARNING L16: UNCALLED SEGMENT, IGNORED FOR OVERLAY PROCESS
    SEGMENT: ?PR?FLOWMETER_HASUNSAVEDCHANGES?FLOWMETER

*** WARNING L16: UNCALLED SEGMENT, IGNORED FOR OVERLAY PROCESS
    SEGMENT: ?PR?FLOWMETER_DISPLAYCURRENT?FLOWMETER

*** WARNING L16: UNCALLED SEGMENT, IGNORED FOR OVERLAY PROCESS
    SEGMENT: ?PR?FLOWMETER_DISPLAYTOTAL?FLOWMETER

*** WARNING L16: UNCALLED SEGMENT, IGNORED FOR OVERLAY PROCESS
    SEGMENT: ?PR?FLOWMETER_GETCURRENTFLOW?FLOWMETER

*** WARNING L16: UNCALLED SEGMENT, IGNORED FOR OVERLAY PROCESS
    SEGMENT: ?PR?ISFIRSTPOWERON?I2C

*** WARNING L16: UNCALLED SEGMENT, IGNORED FOR OVERLAY PROCESS
    SEGMENT: ?PR?SETINITIALIZEDFLAG?I2C

*** WARNING L16: UNCALLED SEGMENT, IGNORED FOR OVERLAY PROCESS
    SEGMENT: ?PR?SAVEALARMTOEEPROM?I2C
BL51 BANKED LINKER/LOCATER V6.22                                                      05/27/2025  20:54:43  PAGE 43



*** WARNING L16: UNCALLED SEGMENT, IGNORED FOR OVERLAY PROCESS
    SEGMENT: ?PR?READALARMFROMEEPROM?I2C

*** WARNING L16: UNCALLED SEGMENT, IGNORED FOR OVERLAY PROCESS
    SEGMENT: ?PR?SAVEWATERINGTOEEPROM?I2C

*** WARNING L16: UNCALLED SEGMENT, IGNORED FOR OVERLAY PROCESS
    SEGMENT: ?PR?READWATERINGFROMEEPROM?I2C

*** WARNING L16: UNCALLED SEGMENT, IGNORED FOR OVERLAY PROCESS
    SEGMENT: ?PR?_I2C_SENDBYTE?I2C

*** WARNING L16: UNCALLED SEGMENT, IGNORED FOR OVERLAY PROCESS
    SEGMENT: ?PR?I2C_RECEIVEBYTE?I2C

*** WARNING L16: UNCALLED SEGMENT, IGNORED FOR OVERLAY PROCESS
    SEGMENT: ?PR?_AT24C02_WRITEBYTE?I2C

*** WARNING L16: UNCALLED SEGMENT, IGNORED FOR OVERLAY PROCESS
    SEGMENT: ?PR?_AT24C02_READBYTE?I2C

Program Size: data=112.4 xdata=50 code=8626
LINK/LOCATE RUN COMPLETE.  30 WARNING(S),  0 ERROR(S)
