BL51 BANKED LINKER/LOCATER V6.22                                                        05/27/2025  21:42:52  PAGE 1


BL51 BANKED LINKER/LOCATER V6.22, INVOKED BY:
D:\KEIL5\C51\BIN\BL51.EXE .\Objects\main.obj, .\Objects\pca.obj, .\Objects\relay.obj, .\Objects\wavegen.obj, .\Objects\f
>> lowmeter.obj, .\Objects\uart.obj, .\Objects\keyboard_control.obj, .\Objects\i2c.obj TO .\Objects\Project PRINT (.\Lis
>> tings\Project.m51) RAMSIZE (256)


MEMORY MODEL: SMALL


INPUT MODULES INCLUDED:
  .\Objects\main.obj (MAIN)
  .\Objects\pca.obj (PCA)
  .\Objects\relay.obj (RELAY)
  .\Objects\wavegen.obj (WAVEGEN)
  .\Objects\flowmeter.obj (FLOWMETER)
  .\Objects\uart.obj (UART)
  .\Objects\keyboard_control.obj (KEYBOARD_CONTROL)
  .\Objects\i2c.obj (I2C)
  D:\KEIL5\C51\LIB\C51S.LIB (?C_STARTUP)
  D:\KEIL5\C51\LIB\C51S.LIB (?C?CLDPTR)
  D:\KEIL5\C51\LIB\C51S.LIB (?C?CLDOPTR)
  D:\KEIL5\C51\LIB\C51S.LIB (?C?IMUL)
  D:\KEIL5\C51\LIB\C51S.LIB (?C?UIDIV)
  D:\KEIL5\C51\LIB\C51S.LIB (?C?ULDIV)
  D:\KEIL5\C51\LIB\C51S.LIB (?C?ULCMP)
  D:\KEIL5\C51\LIB\C51S.LIB (?C?ULSHR)
  D:\KEIL5\C51\LIB\C51S.LIB (?C?LSHL)
  D:\KEIL5\C51\LIB\C51S.LIB (?C?LSTXDATA)
  D:\KEIL5\C51\LIB\C51S.LIB (?C?LSTKXDATA)
  D:\KEIL5\C51\LIB\C51S.LIB (STRNCMP)
  D:\KEIL5\C51\LIB\C51S.LIB (STRLEN)
  D:\KEIL5\C51\LIB\C51S.LIB (?C?MEMSET)
  D:\KEIL5\C51\LIB\C51S.LIB (?C_INIT)


LINK MAP OF MODULE:  .\Objects\Project (MAIN)


            TYPE    BASE      LENGTH    RELOCATION   SEGMENT NAME
            -----------------------------------------------------

            * * * * * * *   D A T A   M E M O R Y   * * * * * * *
            REG     0000H     0008H     ABSOLUTE     "REG BANK 0"
            DATA    0008H     0012H     UNIT         ?DT?PCA
            DATA    001AH     0004H     UNIT         ?DT?LOADTOTALFLOWFROMEEPROM?FLOWMETER
            DATA    001EH     0002H     UNIT         ?DT?KEYBOARD_CONTROL
            BIT     0020H.0   0000H.3   UNIT         ?BI?FLOWMETER
            BIT     0020H.3   0000H.2   UNIT         ?BI?MAIN
            BIT     0020H.5   0000H.2   UNIT         ?BI?WAVEGEN
            BIT     0020H.7   0000H.2   UNIT         _BIT_GROUP_
            BIT     0021H.1   0000H.1   UNIT         ?BI?UART
            BIT     0021H.2   0000H.1   UNIT         ?BI?KEYBOARD_CONTROL
            BIT     0021H.3   0000H.1   UNIT         ?BI?I2C_RECEIVEBYTE?I2C
                    0021H.4   0000H.4                *** GAP ***
            DATA    0022H     0034H     UNIT         _DATA_GROUP_
            DATA    0056H     0009H     UNIT         ?DT?FLOWMETER
            DATA    005FH     0007H     UNIT         ?DT?_PCA_SETDATETIME?PCA
            DATA    0066H     0001H     UNIT         ?DT?MAIN
BL51 BANKED LINKER/LOCATER V6.22                                                      05/27/2025  21:42:52  PAGE 2


            DATA    0067H     0001H     UNIT         ?DT?UART
            IDATA   0068H     0001H     UNIT         ?STACK

            * * * * * * *  X D A T A   M E M O R Y  * * * * * * *
            XDATA   0000H     0041H     UNIT         ?XD?KEYBOARD_CONTROL
            XDATA   0041H     0020H     UNIT         ?XD?UART
            XDATA   0061H     0008H     UNIT         ?XD?PCA
            XDATA   0069H     0004H     UNIT         ?XD?FLOWMETER
            XDATA   006DH     0004H     UNIT         ?XD?I2C
            XDATA   0071H     0002H     UNIT         ?XD?MAIN

            * * * * * * *   C O D E   M E M O R Y   * * * * * * *
            CODE    0000H     0003H     ABSOLUTE     
            CODE    0003H     0003H     ABSOLUTE     
            CODE    0006H     0005H     UNIT         ?PR?PCA_GETYEAR?PCA
            CODE    000BH     0003H     ABSOLUTE     
            CODE    000EH     0015H     UNIT         ?PR?WAVEGEN_INIT?WAVEGEN
            CODE    0023H     0003H     ABSOLUTE     
            CODE    0026H     0015H     UNIT         ?PR?FLOWMETER_RESETTOTAL?FLOWMETER
            CODE    003BH     0003H     ABSOLUTE     
            CODE    003EH     043DH     UNIT         ?PR?UART_COMMANDHANDLER?UART
            CODE    047BH     042CH     UNIT         ?CO?UART
            CODE    08A7H     021BH     UNIT         ?C?LIB_CODE
            CODE    0AC2H     0188H     UNIT         ?PR?PCA_ISR?PCA
            CODE    0C4AH     017FH     UNIT         ?PR?PROCESSKEY?MAIN
            CODE    0DC9H     015BH     UNIT         ?PR?KEYBOARDCONTROL_SCAN?KEYBOARD_CONTROL
            CODE    0F24H     012DH     UNIT         ?PR?DISPLAYAUTOWATERINGPARAMS?KEYBOARD_CONTROL
            CODE    1051H     0119H     UNIT         ?PR?FLOWMETER_INIT?FLOWMETER
            CODE    116AH     010AH     UNIT         ?PR?TIMEDWATERING_UPDATE?KEYBOARD_CONTROL
            CODE    1274H     00FBH     UNIT         ?PR?FLOWMETER_CALCFLOW?FLOWMETER
            CODE    136FH     00B5H     UNIT         ?PR?UPDATETOTALFLOWDISPLAY?FLOWMETER
            CODE    1424H     00B0H     UNIT         ?PR?_SENDNUMBER?UART
            CODE    14D4H     00A7H     UNIT         ?CO?MAIN
            CODE    157BH     00A7H     UNIT         ?PR?UART_SENDMANUALWATERINGRECORD?UART
            CODE    1622H     00A7H     UNIT         ?PR?UART_SENDAUTOWATERINGRECORD?UART
            CODE    16C9H     00A0H     UNIT         ?PR?_PCA_INCREASETIMEVALUE?PCA
            CODE    1769H     00A0H     UNIT         ?PR?_EEPROM_READULONG?I2C
            CODE    1809H     009EH     UNIT         ?C_INITSEG
            CODE    18A7H     008CH     UNIT         ?C_C51STARTUP
            CODE    1933H     0084H     UNIT         ?PR?CALCULATEMANUALDURATION?KEYBOARD_CONTROL
            CODE    19B7H     0084H     UNIT         ?PR?CALCULATEAUTODURATION?KEYBOARD_CONTROL
            CODE    1A3BH     0077H     UNIT         ?PR?ENDMANUALWATERINGRECORD?KEYBOARD_CONTROL
            CODE    1AB2H     0077H     UNIT         ?PR?ENDAUTOWATERINGRECORD?KEYBOARD_CONTROL
            CODE    1B29H     0074H     UNIT         ?PR?UPDATECURRENTFLOWDISPLAY?FLOWMETER
            CODE    1B9DH     006FH     UNIT         ?PR?_STRNCMP?STRNCMP
            CODE    1C0CH     006BH     UNIT         ?PR?_FILLDATEBUF?PCA
            CODE    1C77H     0069H     UNIT         ?PR?UART_INIT?UART
            CODE    1CE0H     0068H     UNIT         ?PR?_PCA_SETTIME?PCA
            CODE    1D48H     0068H     UNIT         ?PR?UART_ISR?UART
            CODE    1DB0H     0066H     UNIT         ?PR?DISP?PCA
            CODE    1E16H     0065H     UNIT         ?PR?_PARSENUMBER?UART
            CODE    1E7BH     0060H     UNIT         ?PR?_FILLDISPBUF?PCA
            CODE    1EDBH     005FH     UNIT         ?PR?_SEND2DIGITS?UART
            CODE    1F3AH     005CH     UNIT         ?PR?PCA_INIT?PCA
            CODE    1F96H     005BH     UNIT         ?PR?_PCA_SETDATE?PCA
            CODE    1FF1H     0059H     UNIT         ?PR?MAIN?MAIN
            CODE    204AH     0052H     UNIT         ?PR?PCA_UPDATEDATETIME?PCA
BL51 BANKED LINKER/LOCATER V6.22                                                      05/27/2025  21:42:52  PAGE 3


            CODE    209CH     0042H     UNIT         ?PR?STARTAUTOWATERINGRECORD?KEYBOARD_CONTROL
            CODE    20DEH     0041H     UNIT         ?PR?STARTMANUALWATERINGRECORD?KEYBOARD_CONTROL
            CODE    211FH     003FH     UNIT         ?PR?_FILLCUSTOMDISPBUF?PCA
            CODE    215EH     003AH     UNIT         ?PR?LOADTOTALFLOWFROMEEPROM?FLOWMETER
            CODE    2198H     0039H     UNIT         ?PR?_EEPROM_WRITEULONG?I2C
            CODE    21D1H     0033H     UNIT         ?PR?KEYBOARDCONTROL_INIT?KEYBOARD_CONTROL
            CODE    2204H     002BH     UNIT         ?PR?_UART_SENDSTRING?UART
            CODE    222FH     0028H     UNIT         ?PR?SAVETOTALFLOWTOEEPROM?FLOWMETER
            CODE    2257H     0028H     UNIT         ?PR?_I2C_WRITEBYTE?I2C
            CODE    227FH     0027H     UNIT         ?PR?_PCA_ISLEAPYEAR?PCA
            CODE    22A6H     0024H     UNIT         ?PR?_UART_SENDBYTE?UART
            CODE    22CAH     0021H     UNIT         ?PR?I2C_READBYTE?I2C
            CODE    22EBH     0020H     UNIT         ?PR?_DELAY_MS?PCA
            CODE    230BH     0020H     UNIT         ?PR?PCA_MANUALTOGGLEDISPLAY?PCA
            CODE    232BH     0020H     UNIT         ?PR?TIMEDWATERING_STOP?KEYBOARD_CONTROL
            CODE    234BH     0020H     UNIT         ?PR?_EEPROM_READ?I2C
            CODE    236BH     001EH     UNIT         ?PR?_EEPROM_WRITE?I2C
            CODE    2389H     001CH     UNIT         ?PR?_PCA_GETDAYSINMONTH?PCA
            CODE    23A5H     001CH     UNIT         ?PR?TIMEDWATERING_START?KEYBOARD_CONTROL
            CODE    23C1H     001AH     UNIT         ?PR?SAVEWATERINGTOEEPROM?I2C
            CODE    23DBH     0019H     UNIT         ?PR?UART_PROCESSCOMMAND?UART
            CODE    23F4H     0018H     UNIT         ?CO?PCA
            CODE    240CH     0016H     UNIT         ?PR?_PCA_SETDISPLAYMODE?PCA
            CODE    2422H     0016H     UNIT         ?PR?FLOWMETER_START?FLOWMETER
            CODE    2438H     0016H     UNIT         ?PR?FLOWMETER_UPDATEDISPLAY?FLOWMETER
            CODE    244EH     0015H     UNIT         ?CO?FLOWMETER
            CODE    2463H     0015H     UNIT         ?PR?_AT24C02_WRITETOTALFLOW?I2C
            CODE    2478H     0015H     UNIT         ?PR?_STRLEN?STRLEN
            CODE    248DH     0014H     UNIT         ?PR?PCA_EXITTIMEEDITMODE?PCA
            CODE    24A1H     0013H     UNIT         ?PR?I2C_WAITACK?I2C
            CODE    24B4H     000FH     UNIT         ?PR?PCA_TOGGLEDISPLAYMODE?PCA
            CODE    24C3H     000FH     UNIT         ?PR?FLOWMETER_GETLASTSAVEDFLOW?FLOWMETER
            CODE    24D2H     000FH     UNIT         ?PR?FLOWMETER_GETTOTALFLOW?FLOWMETER
            CODE    24E1H     000FH     UNIT         ?PR?I2C_SENDACK?I2C
            CODE    24F0H     000FH     UNIT         ?PR?ISFIRSTPOWERON?I2C
            CODE    24FFH     000EH     UNIT         ?PR?WAVEGEN_START?WAVEGEN
            CODE    250DH     000EH     UNIT         ?PR?T0_ISR?WAVEGEN
            CODE    251BH     000EH     UNIT         ?PR?CHECKANDUPDATEAUTODISPLAY?KEYBOARD_CONTROL
            CODE    2529H     000DH     UNIT         ?PR?INT0_ISR?FLOWMETER
            CODE    2536H     000DH     UNIT         ?PR?I2C_START?I2C
            CODE    2543H     000CH     UNIT         ?PR?_PCA_SETDATETIME?PCA
            CODE    254FH     000BH     UNIT         ?PR?RESETDISPBUFF?PCA
            CODE    255AH     000BH     UNIT         ?PR?READWATERINGFROMEEPROM?I2C
            CODE    2565H     000AH     UNIT         ?PR?RELAY_GETSTATE?RELAY
            CODE    256FH     000AH     UNIT         ?PR?FLOWMETER_RESET?FLOWMETER
            CODE    2579H     000AH     UNIT         ?PR?I2C_STOP?I2C
            CODE    2583H     0009H     UNIT         ?PR?KEYDELAY?KEYBOARD_CONTROL
            CODE    258CH     0008H     UNIT         ?PR?I2C_RECEIVEBYTE?I2C
            CODE    2594H     0007H     UNIT         ?PR?RELAY_INIT?RELAY
            CODE    259BH     0007H     UNIT         ?PR?WAVEGEN_STOP?WAVEGEN
            CODE    25A2H     0007H     UNIT         ?PR?SETINITIALIZEDFLAG?I2C
            CODE    25A9H     0006H     UNIT         ?PR?_PCA_SETTIMEEDITMODE?PCA
            CODE    25AFH     0006H     UNIT         ?PR?WAVEGEN_GETSTATE?WAVEGEN
            CODE    25B5H     0006H     UNIT         ?PR?AT24C02_READTOTALFLOW?I2C
            CODE    25BBH     0005H     UNIT         ?PR?_FLOWMETER_SETMODE?FLOWMETER
            CODE    25C0H     0005H     UNIT         ?PR?FLOWMETER_GETCURRENTFLOW?FLOWMETER
            CODE    25C5H     0005H     UNIT         ?PR?I2C_INIT?I2C
BL51 BANKED LINKER/LOCATER V6.22                                                      05/27/2025  21:42:52  PAGE 4


            CODE    25CAH     0005H     UNIT         ?PR?_I2C_SENDBYTE?I2C
            CODE    25CFH     0004H     UNIT         ?PR?PCA_RESETAUTOTOGGLE?PCA
            CODE    25D3H     0004H     UNIT         ?PR?_AT24C02_READBYTE?I2C
            CODE    25D7H     0003H     UNIT         ?PR?PCA_GETMONTH?PCA
            CODE    25DAH     0003H     UNIT         ?PR?PCA_GETDAY?PCA
            CODE    25DDH     0003H     UNIT         ?PR?PCA_GETHOUR?PCA
            CODE    25E0H     0003H     UNIT         ?PR?PCA_GETMIN?PCA
            CODE    25E3H     0003H     UNIT         ?PR?PCA_GETSEC?PCA
            CODE    25E6H     0003H     UNIT         ?PR?PCA_GETDISPLAYMODE?PCA
            CODE    25E9H     0003H     UNIT         ?PR?RELAY_ON?RELAY
            CODE    25ECH     0003H     UNIT         ?PR?RELAY_OFF?RELAY
            CODE    25EFH     0003H     UNIT         ?PR?FLOWMETER_STOP?FLOWMETER
            CODE    25F2H     0003H     UNIT         ?PR?FLOWMETER_FORCESAVE?FLOWMETER
            CODE    25F5H     0003H     UNIT         ?PR?FLOWMETER_HASUNSAVEDCHANGES?FLOWMETER
            CODE    25F8H     0003H     UNIT         ?PR?FLOWMETER_DISPLAYCURRENT?FLOWMETER
            CODE    25FBH     0003H     UNIT         ?PR?FLOWMETER_DISPLAYTOTAL?FLOWMETER
            CODE    25FEH     0003H     UNIT         ?PR?FLOWMETER_GETMODE?FLOWMETER
            CODE    2601H     0003H     UNIT         ?PR?_AT24C02_WRITEBYTE?I2C
            CODE    2604H     0001H     UNIT         ?PR?SAVEALARMTOEEPROM?I2C
            CODE    2605H     0001H     UNIT         ?PR?READALARMFROMEEPROM?I2C



OVERLAY MAP OF MODULE:   .\Objects\Project (MAIN)


SEGMENT                                             BIT_GROUP          DATA_GROUP 
  +--> CALLED SEGMENT                            START    LENGTH     START    LENGTH
------------------------------------------------------------------------------------
?PR?PCA_ISR?PCA                                  -----    -----      -----    -----
  +--> ?PR?DISP?PCA
  +--> ?PR?FLOWMETER_CALCFLOW?FLOWMETER
  +--> ?PR?PCA_UPDATEDATETIME?PCA
  +--> ?PR?TIMEDWATERING_UPDATE?KEYBOARD_CON...
  +--> ?PR?_FILLDATEBUF?PCA
  +--> ?PR?_FILLDISPBUF?PCA
  +--> ?PR?FLOWMETER_GETMODE?FLOWMETER

?PR?FLOWMETER_CALCFLOW?FLOWMETER                 -----    -----      0022H    0004H
  +--> ?PR?SAVETOTALFLOWTOEEPROM?FLOWMETER

?PR?SAVETOTALFLOWTOEEPROM?FLOWMETER              -----    -----      -----    -----
  +--> ?PR?_AT24C02_WRITETOTALFLOW?I2C

?PR?_AT24C02_WRITETOTALFLOW?I2C                  -----    -----      002AH    0004H
  +--> ?PR?_EEPROM_WRITEULONG?I2C

?PR?_EEPROM_WRITEULONG?I2C                       -----    -----      002EH    0005H
  +--> ?PR?I2C_START?I2C
  +--> ?PR?_I2C_WRITEBYTE?I2C
  +--> ?PR?I2C_STOP?I2C
  +--> ?PR?_DELAY_MS?PCA

?PR?_I2C_WRITEBYTE?I2C                           -----    -----      -----    -----
  +--> ?PR?I2C_WAITACK?I2C

?PR?PCA_UPDATEDATETIME?PCA                       -----    -----      -----    -----
BL51 BANKED LINKER/LOCATER V6.22                                                      05/27/2025  21:42:52  PAGE 5


  +--> ?PR?_PCA_GETDAYSINMONTH?PCA

?PR?_PCA_GETDAYSINMONTH?PCA                      -----    -----      -----    -----
  +--> ?PR?_PCA_ISLEAPYEAR?PCA
  +--> ?CO?PCA

?PR?TIMEDWATERING_UPDATE?KEYBOARD_CON...         -----    -----      0022H    0008H
  +--> ?PR?FLOWMETER_GETTOTALFLOW?FLOWMETER
  +--> ?PR?RELAY_OFF?RELAY
  +--> ?PR?FLOWMETER_STOP?FLOWMETER
  +--> ?PR?_FLOWMETER_SETMODE?FLOWMETER
  +--> ?PR?_AT24C02_WRITETOTALFLOW?I2C
  +--> ?PR?ENDAUTOWATERINGRECORD?KEYBOARD_CO...
  +--> ?PR?_FILLDISPBUF?PCA
  +--> ?PR?STARTAUTOWATERINGRECORD?KEYBOARD_...
  +--> ?PR?RELAY_ON?RELAY
  +--> ?PR?FLOWMETER_START?FLOWMETER

?PR?ENDAUTOWATERINGRECORD?KEYBOARD_CO...         -----    -----      0039H    0004H
  +--> ?PR?PCA_GETYEAR?PCA
  +--> ?PR?PCA_GETMONTH?PCA
  +--> ?PR?PCA_GETDAY?PCA
  +--> ?PR?PCA_GETHOUR?PCA
  +--> ?PR?PCA_GETMIN?PCA
  +--> ?PR?PCA_GETSEC?PCA
  +--> ?PR?FLOWMETER_GETTOTALFLOW?FLOWMETER
  +--> ?PR?CALCULATEAUTODURATION?KEYBOARD_CO...
  +--> ?PR?UART_SENDAUTOWATERINGRECORD?UART

?PR?UART_SENDAUTOWATERINGRECORD?UART             -----    -----      -----    -----
  +--> ?CO?UART
  +--> ?PR?_UART_SENDSTRING?UART
  +--> ?PR?_SEND2DIGITS?UART
  +--> ?PR?_SENDNUMBER?UART

?PR?_UART_SENDSTRING?UART                        -----    -----      0052H    0003H
  +--> ?CO?UART
  +--> ?PR?_UART_SENDBYTE?UART

?PR?_SEND2DIGITS?UART                            -----    -----      -----    -----
  +--> ?PR?_UART_SENDBYTE?UART

?PR?_SENDNUMBER?UART                             -----    -----      003DH    0004H
  +--> ?PR?_UART_SENDBYTE?UART

?PR?_FILLDISPBUF?PCA                             -----    -----      -----    -----
  +--> ?PR?RESETDISPBUFF?PCA
  +--> ?CO?PCA

?PR?STARTAUTOWATERINGRECORD?KEYBOARD_...         -----    -----      -----    -----
  +--> ?PR?PCA_GETYEAR?PCA
  +--> ?PR?PCA_GETMONTH?PCA
  +--> ?PR?PCA_GETDAY?PCA
  +--> ?PR?PCA_GETHOUR?PCA
  +--> ?PR?PCA_GETMIN?PCA
  +--> ?PR?PCA_GETSEC?PCA
  +--> ?PR?FLOWMETER_GETTOTALFLOW?FLOWMETER
BL51 BANKED LINKER/LOCATER V6.22                                                      05/27/2025  21:42:52  PAGE 6



?PR?_FILLDATEBUF?PCA                             -----    -----      -----    -----
  +--> ?PR?RESETDISPBUFF?PCA
  +--> ?CO?PCA

*** NEW ROOT ***************************************************

?PR?UART_ISR?UART                                -----    -----      0033H    0001H
  +--> ?PR?_UART_SENDBYTE?UART

*** NEW ROOT ***************************************************

?C_C51STARTUP                                    -----    -----      -----    -----
  +--> ?PR?MAIN?MAIN
  +--> ?C_INITSEG

?PR?MAIN?MAIN                                    -----    -----      -----    -----
  +--> ?PR?PCA_INIT?PCA
  +--> ?PR?RELAY_INIT?RELAY
  +--> ?PR?WAVEGEN_INIT?WAVEGEN
  +--> ?PR?WAVEGEN_START?WAVEGEN
  +--> ?PR?UART_INIT?UART
  +--> ?PR?I2C_INIT?I2C
  +--> ?PR?FLOWMETER_INIT?FLOWMETER
  +--> ?PR?KEYBOARDCONTROL_INIT?KEYBOARD_CON...
  +--> ?CO?MAIN
  +--> ?PR?_UART_SENDSTRING?UART
  +--> ?PR?PROCESSKEY?MAIN
  +--> ?PR?KEYBOARDCONTROL_SCAN?KEYBOARD_CON...
  +--> ?PR?CHECKANDUPDATEAUTODISPLAY?KEYBOAR...
  +--> ?PR?FLOWMETER_UPDATEDISPLAY?FLOWMETER
  +--> ?PR?UART_PROCESSCOMMAND?UART
  +--> ?PR?_DELAY_MS?PCA

?PR?PCA_INIT?PCA                                 -----    -----      -----    -----
  +--> ?PR?_FILLDISPBUF?PCA
  +--> ?PR?_FILLDATEBUF?PCA

?PR?UART_INIT?UART                               -----    -----      -----    -----
  +--> ?CO?UART
  +--> ?PR?_UART_SENDSTRING?UART

?PR?FLOWMETER_INIT?FLOWMETER                     -----    -----      0034H    001EH
  +--> ?PR?AT24C02_READTOTALFLOW?I2C
  +--> ?CO?FLOWMETER
  +--> ?PR?_UART_SENDSTRING?UART

?PR?AT24C02_READTOTALFLOW?I2C                    -----    -----      -----    -----
  +--> ?PR?_EEPROM_READULONG?I2C

?PR?_EEPROM_READULONG?I2C                        -----    -----      0052H    0004H
  +--> ?PR?I2C_START?I2C
  +--> ?PR?_I2C_WRITEBYTE?I2C
  +--> ?PR?I2C_READBYTE?I2C
  +--> ?PR?I2C_STOP?I2C

?PR?I2C_READBYTE?I2C                             0020H.7  0000H.1    -----    -----
BL51 BANKED LINKER/LOCATER V6.22                                                      05/27/2025  21:42:52  PAGE 7


  +--> ?PR?I2C_SENDACK?I2C

?PR?I2C_SENDACK?I2C                              0021H.0  0000H.1    -----    -----

?PR?KEYBOARDCONTROL_INIT?KEYBOARD_CON...         -----    -----      -----    -----
  +--> ?PR?I2C_INIT?I2C

?PR?PROCESSKEY?MAIN                              -----    -----      -----    -----
  +--> ?PR?_PCA_SETTIMEEDITMODE?PCA
  +--> ?PR?_PCA_SETDISPLAYMODE?PCA
  +--> ?PR?PCA_RESETAUTOTOGGLE?PCA
  +--> ?PR?STARTMANUALWATERINGRECORD?KEYBOAR...
  +--> ?PR?RELAY_ON?RELAY
  +--> ?PR?FLOWMETER_RESET?FLOWMETER
  +--> ?PR?FLOWMETER_START?FLOWMETER
  +--> ?PR?_FLOWMETER_SETMODE?FLOWMETER
  +--> ?PR?FLOWMETER_UPDATEDISPLAY?FLOWMETER
  +--> ?PR?RELAY_OFF?RELAY
  +--> ?PR?FLOWMETER_STOP?FLOWMETER
  +--> ?PR?ENDMANUALWATERINGRECORD?KEYBOARD_...
  +--> ?PR?_PCA_INCREASETIMEVALUE?PCA
  +--> ?PR?PCA_EXITTIMEEDITMODE?PCA
  +--> ?PR?_DELAY_MS?PCA

?PR?_PCA_SETDISPLAYMODE?PCA                      -----    -----      -----    -----
  +--> ?PR?_FILLDISPBUF?PCA
  +--> ?PR?_FILLDATEBUF?PCA

?PR?STARTMANUALWATERINGRECORD?KEYBOAR...         -----    -----      -----    -----
  +--> ?PR?PCA_GETYEAR?PCA
  +--> ?PR?PCA_GETMONTH?PCA
  +--> ?PR?PCA_GETDAY?PCA
  +--> ?PR?PCA_GETHOUR?PCA
  +--> ?PR?PCA_GETMIN?PCA
  +--> ?PR?PCA_GETSEC?PCA
  +--> ?PR?FLOWMETER_GETTOTALFLOW?FLOWMETER

?PR?FLOWMETER_UPDATEDISPLAY?FLOWMETER            -----    -----      -----    -----
  +--> ?PR?UPDATECURRENTFLOWDISPLAY?FLOWMETER
  +--> ?PR?UPDATETOTALFLOWDISPLAY?FLOWMETER

?PR?UPDATECURRENTFLOWDISPLAY?FLOWMETER           -----    -----      0034H    0005H
  +--> ?PR?_FILLCUSTOMDISPBUF?PCA

?PR?_FILLCUSTOMDISPBUF?PCA                       -----    -----      003DH    0006H
  +--> ?PR?RESETDISPBUFF?PCA
  +--> ?CO?PCA

?PR?UPDATETOTALFLOWDISPLAY?FLOWMETER             -----    -----      0034H    0009H
  +--> ?PR?_FILLCUSTOMDISPBUF?PCA

?PR?ENDMANUALWATERINGRECORD?KEYBOARD_...         -----    -----      0034H    0004H
  +--> ?PR?PCA_GETYEAR?PCA
  +--> ?PR?PCA_GETMONTH?PCA
  +--> ?PR?PCA_GETDAY?PCA
  +--> ?PR?PCA_GETHOUR?PCA
  +--> ?PR?PCA_GETMIN?PCA
BL51 BANKED LINKER/LOCATER V6.22                                                      05/27/2025  21:42:52  PAGE 8


  +--> ?PR?PCA_GETSEC?PCA
  +--> ?PR?FLOWMETER_GETTOTALFLOW?FLOWMETER
  +--> ?PR?CALCULATEMANUALDURATION?KEYBOARD_...
  +--> ?PR?UART_SENDMANUALWATERINGRECORD?UART

?PR?UART_SENDMANUALWATERINGRECORD?UART           -----    -----      -----    -----
  +--> ?CO?UART
  +--> ?PR?_UART_SENDSTRING?UART
  +--> ?PR?_SEND2DIGITS?UART
  +--> ?PR?_SENDNUMBER?UART

?PR?_PCA_INCREASETIMEVALUE?PCA                   -----    -----      -----    -----
  +--> ?PR?_PCA_GETDAYSINMONTH?PCA
  +--> ?PR?_FILLDISPBUF?PCA
  +--> ?PR?_FILLDATEBUF?PCA

?PR?PCA_EXITTIMEEDITMODE?PCA                     -----    -----      -----    -----
  +--> ?PR?_FILLDISPBUF?PCA
  +--> ?PR?_FILLDATEBUF?PCA

?PR?KEYBOARDCONTROL_SCAN?KEYBOARD_CON...         -----    -----      0034H    0002H
  +--> ?PR?KEYDELAY?KEYBOARD_CONTROL
  +--> ?PR?TIMEDWATERING_STOP?KEYBOARD_CONTROL
  +--> ?PR?_FILLDISPBUF?PCA
  +--> ?PR?TIMEDWATERING_START?KEYBOARD_CONTROL

?PR?TIMEDWATERING_STOP?KEYBOARD_CONTROL          -----    -----      -----    -----
  +--> ?PR?RELAY_OFF?RELAY
  +--> ?PR?FLOWMETER_STOP?FLOWMETER
  +--> ?PR?_FLOWMETER_SETMODE?FLOWMETER
  +--> ?PR?ENDAUTOWATERINGRECORD?KEYBOARD_CO...

?PR?TIMEDWATERING_START?KEYBOARD_CONTROL         -----    -----      -----    -----
  +--> ?PR?_FILLDISPBUF?PCA

?PR?CHECKANDUPDATEAUTODISPLAY?KEYBOAR...         -----    -----      -----    -----
  +--> ?PR?DISPLAYAUTOWATERINGPARAMS?KEYBOAR...

?PR?DISPLAYAUTOWATERINGPARAMS?KEYBOAR...         -----    -----      0034H    0006H
  +--> ?PR?_FILLCUSTOMDISPBUF?PCA

?PR?UART_PROCESSCOMMAND?UART                     -----    -----      -----    -----
  +--> ?PR?UART_COMMANDHANDLER?UART

?PR?UART_COMMANDHANDLER?UART                     -----    -----      0034H    0005H
  +--> ?CO?UART
  +--> ?PR?_STRNCMP?STRNCMP
  +--> ?PR?_STRLEN?STRLEN
  +--> ?PR?_PARSENUMBER?UART
  +--> ?PR?_PCA_GETDAYSINMONTH?PCA
  +--> ?PR?_PCA_SETDATE?PCA
  +--> ?PR?_UART_SENDSTRING?UART
  +--> ?PR?_PCA_SETTIME?PCA
  +--> ?PR?_PCA_SETDISPLAYMODE?PCA
  +--> ?PR?TIMEDWATERING_STOP?KEYBOARD_CONTROL

?PR?_STRNCMP?STRNCMP                             -----    -----      0039H    0008H
BL51 BANKED LINKER/LOCATER V6.22                                                      05/27/2025  21:42:52  PAGE 9



?PR?_PARSENUMBER?UART                            -----    -----      0039H    0007H

?PR?_PCA_SETDATE?PCA                             -----    -----      0039H    0004H
  +--> ?PR?_PCA_GETDAYSINMONTH?PCA
  +--> ?PR?FLOWMETER_GETMODE?FLOWMETER
  +--> ?PR?_FILLDATEBUF?PCA

?PR?_PCA_SETTIME?PCA                             -----    -----      -----    -----
  +--> ?PR?FLOWMETER_GETMODE?FLOWMETER
  +--> ?PR?_FILLDISPBUF?PCA



SYMBOL TABLE OF MODULE:  .\Objects\Project (MAIN)

  VALUE           TYPE          NAME
  ----------------------------------

  -------         MODULE        MAIN
  C:0000H         SYMBOL        _ICE_DUMMY_
  D:0080H         PUBLIC        P0
  D:0090H         PUBLIC        P1
  D:00A0H         PUBLIC        P2
  D:00B0H         PUBLIC        P3
  B:00A8H.7       PUBLIC        EA
  B:0020H.3       PUBLIC        keyPressed
  C:1FF1H         PUBLIC        main
  C:0C4AH         PUBLIC        processKey
  B:0020H.4       PUBLIC        justEnteredSetMode
  D:0066H         PUBLIC        sysState
  B:00B0H.3       PUBLIC        KEY
  X:0071H         PUBLIC        keyPressTime
  -------         PROC          PROCESSKEY
  C:0C4AH         LINE#         34
  C:0C4AH         LINE#         35
  C:0C50H         LINE#         36
  C:0C52H         LINE#         37
  C:0C59H         LINE#         38
  C:0C5AH         LINE#         39
  C:0C60H         LINE#         40
  C:0C6EH         LINE#         43
  C:0C84H         LINE#         44
  C:0C87H         LINE#         45
  C:0C8CH         LINE#         46
  C:0C91H         LINE#         47
  C:0C94H         LINE#         48
  C:0C96H         LINE#         49
  C:0C96H         LINE#         50
  C:0C97H         LINE#         51
  C:0CA3H         LINE#         52
  C:0CB5H         LINE#         54
  C:0CDEH         LINE#         55
  C:0CDEH         LINE#         57
  C:0CEDH         LINE#         58
  C:0CF0H         LINE#         61
  C:0CF3H         LINE#         63
BL51 BANKED LINKER/LOCATER V6.22                                                      05/27/2025  21:42:52  PAGE 10


  C:0CF6H         LINE#         64
  C:0CF9H         LINE#         65
  C:0CFCH         LINE#         66
  C:0D01H         LINE#         67
  C:0D04H         LINE#         68
  C:0D07H         LINE#         69
  C:0D07H         LINE#         70
  C:0D0AH         LINE#         72
  C:0D0AH         LINE#         73
  C:0D0DH         LINE#         74
  C:0D10H         LINE#         75
  C:0D13H         LINE#         76
  C:0D18H         LINE#         79
  C:0D1BH         LINE#         80
  C:0D1EH         LINE#         82
  C:0D1EH         LINE#         83
  C:0D20H         LINE#         84
  C:0D22H         LINE#         86
  C:0D22H         LINE#         87
  C:0D24H         LINE#         88
  C:0D26H         LINE#         90
  C:0D26H         LINE#         91
  C:0D28H         LINE#         92
  C:0D2AH         LINE#         94
  C:0D2AH         LINE#         95
  C:0D2CH         LINE#         96
  C:0D2EH         LINE#         98
  C:0D2EH         LINE#         99
  C:0D30H         LINE#         100
  C:0D32H         LINE#         102
  C:0D32H         LINE#         103
  C:0D37H         LINE#         104
  C:0D3AH         LINE#         105
  C:0D3AH         LINE#         106
  C:0D3AH         LINE#         107
  C:0D49H         LINE#         109
  C:0D4CH         LINE#         110
  C:0D4EH         LINE#         111
  C:0D50H         LINE#         112
  C:0D5EH         LINE#         113
  C:0D60H         LINE#         116
  C:0D66H         LINE#         117
  C:0D69H         LINE#         118
  C:0D6CH         LINE#         120
  C:0D71H         LINE#         121
  C:0D74H         LINE#         122
  C:0D76H         LINE#         124
  C:0D8CH         LINE#         125
  C:0D8CH         LINE#         126
  C:0D8EH         LINE#         127
  C:0D8EH         LINE#         128
  C:0D90H         LINE#         129
  C:0D90H         LINE#         130
  C:0D92H         LINE#         131
  C:0D92H         LINE#         132
  C:0D94H         LINE#         133
  C:0D94H         LINE#         134
BL51 BANKED LINKER/LOCATER V6.22                                                      05/27/2025  21:42:52  PAGE 11


  C:0D99H         LINE#         135
  C:0D9BH         LINE#         136
  C:0D9DH         LINE#         137
  C:0D9DH         LINE#         138
  C:0DA2H         LINE#         139
  C:0DA4H         LINE#         140
  C:0DA6H         LINE#         141
  C:0DA6H         LINE#         142
  C:0DABH         LINE#         143
  C:0DADH         LINE#         144
  C:0DAFH         LINE#         145
  C:0DAFH         LINE#         146
  C:0DB4H         LINE#         147
  C:0DB9H         LINE#         148
  C:0DB9H         LINE#         149
  C:0DB9H         LINE#         150
  C:0DB9H         LINE#         151
  C:0DB9H         LINE#         152
  C:0DB9H         LINE#         154
  C:0DBBH         LINE#         155
  C:0DC2H         LINE#         156
  C:0DC8H         LINE#         157
  C:0DC8H         LINE#         158
  -------         ENDPROC       PROCESSKEY
  -------         PROC          MAIN
  C:1FF1H         LINE#         160
  C:1FF1H         LINE#         161
  C:1FF3H         LINE#         162
  C:1FF6H         LINE#         256
  C:1FF9H         LINE#         257
  C:1FFCH         LINE#         258
  C:1FFFH         LINE#         259
  C:2002H         LINE#         260
  C:2005H         LINE#         261
  C:2008H         LINE#         262
  C:200BH         LINE#         263
  C:200EH         LINE#         266
  C:2017H         LINE#         267
  C:2020H         LINE#         268
  C:2029H         LINE#         269
  C:2032H         LINE#         271
  C:2032H         LINE#         272
  C:2035H         LINE#         273
  C:2038H         LINE#         274
  C:203BH         LINE#         275
  C:203EH         LINE#         276
  C:2041H         LINE#         278
  C:2048H         LINE#         279
  -------         ENDPROC       MAIN
  -------         ENDMOD        MAIN

  -------         MODULE        PCA
  C:0000H         SYMBOL        _ICE_DUMMY_
  C:24B4H         PUBLIC        PCA_ToggleDisplayMode
  D:0090H         PUBLIC        P1
  D:00A0H         PUBLIC        P2
  C:0AC2H         PUBLIC        PCA_isr
BL51 BANKED LINKER/LOCATER V6.22                                                      05/27/2025  21:42:52  PAGE 12


  C:25A9H         PUBLIC        _PCA_SetTimeEditMode
  B:00A8H.7       PUBLIC        EA
  D:000AH         SYMBOL        autoToggleCounter
  B:0090H.0       PUBLIC        PCA_LED
  D:00F9H         PUBLIC        CH
  C:227FH         PUBLIC        _PCA_IsLeapYear
  D:00E9H         PUBLIC        CL
  D:00FAH         PUBLIC        CCAP0H
  D:00FBH         PUBLIC        CCAP1H
  B:00A0H.3       PUBLIC        OE
  D:00EAH         PUBLIC        CCAP0L
  B:00D8H.6       PUBLIC        CR
  D:00EBH         PUBLIC        CCAP1L
  D:00DAH         PUBLIC        CCAPM0
  D:00DBH         PUBLIC        CCAPM1
  D:000BH         SYMBOL        blinkState
  B:00A0H.0       PUBLIC        DATA
  D:000CH         PUBLIC        value
  D:00D9H         PUBLIC        CMOD
  D:00D8H         PUBLIC        CCON
  C:1C14H         PUBLIC        _FillDateBuf
  C:2391H         PUBLIC        _PCA_GetDaysInMonth
  C:204AH         PUBLIC        PCA_UpdateDateTime
  C:1DB0H         PUBLIC        disp
  D:000EH         PUBLIC        datetime_display_mode
  C:25E6H         PUBLIC        PCA_GetDisplayMode
  C:211FH         PUBLIC        _FillCustomDispBuf
  C:1E81H         PUBLIC        _FillDispBuf
  C:25CFH         PUBLIC        PCA_ResetAutoToggle
  D:000FH         SYMBOL        timeEditMode
  D:0010H         PUBLIC        cnt
  C:240CH         PUBLIC        _PCA_SetDisplayMode
  C:1F3AH         PUBLIC        PCA_Init
  D:0011H         PUBLIC        value1
  C:22EBH         PUBLIC        _delay_ms
  C:23F4H         SYMBOL        LED
  X:0061H         PUBLIC        dispbuff
  C:230BH         PUBLIC        PCA_ManualToggleDisplay
  C:254FH         PUBLIC        Resetdispbuff
  B:00A0H.2       PUBLIC        RCK
  C:25D7H         PUBLIC        PCA_GetMonth
  B:00A0H.1       PUBLIC        SCK
  C:1F96H         PUBLIC        _PCA_SetDate
  C:0006H         PUBLIC        PCA_GetYear
  C:25E3H         PUBLIC        PCA_GetSec
  C:1CE0H         PUBLIC        _PCA_SetTime
  C:248DH         PUBLIC        PCA_ExitTimeEditMode
  C:2543H         PUBLIC        _PCA_SetDateTime
  C:25DAH         PUBLIC        PCA_GetDay
  C:25DDH         PUBLIC        PCA_GetHour
  C:16C9H         PUBLIC        _PCA_IncreaseTimeValue
  D:0013H         PUBLIC        SysPara1
  B:00D8H.0       PUBLIC        CCF0
  C:25E0H         PUBLIC        PCA_GetMin
  B:00D8H.1       PUBLIC        CCF1
  -------         PROC          _DELAY_MS
  D:0006H         SYMBOL        ms
BL51 BANKED LINKER/LOCATER V6.22                                                      05/27/2025  21:42:52  PAGE 13


  -------         DO            
  D:0004H         SYMBOL        i
  D:0002H         SYMBOL        j
  -------         ENDDO         
  C:22EBH         LINE#         60
  C:22EBH         LINE#         62
  C:22F5H         LINE#         63
  C:230AH         LINE#         64
  -------         ENDPROC       _DELAY_MS
  -------         PROC          RESETDISPBUFF
  -------         DO            
  D:0007H         SYMBOL        i
  -------         ENDDO         
  C:254FH         LINE#         66
  C:254FH         LINE#         68
  C:2559H         LINE#         69
  -------         ENDPROC       RESETDISPBUFF
  C:1E7BH         SYMBOL        L?0162
  -------         PROC          L?0161
  -------         ENDPROC       L?0161
  C:1E7BH         SYMBOL        L?0162
  -------         PROC          _FILLDISPBUF
  D:0006H         SYMBOL        hour
  D:0005H         SYMBOL        min
  D:0003H         SYMBOL        sec
  C:1E81H         LINE#         71
  C:1E83H         LINE#         72
  C:1E86H         LINE#         74
  C:1E95H         LINE#         75
  C:1EA2H         LINE#         78
  C:1EB1H         LINE#         79
  C:1EBEH         LINE#         82
  C:1ECDH         LINE#         83
  C:1EDAH         LINE#         84
  -------         ENDPROC       _FILLDISPBUF
  C:1C0CH         SYMBOL        L?0158
  -------         PROC          L?0157
  -------         ENDPROC       L?0157
  C:1C0CH         SYMBOL        L?0158
  -------         PROC          _FILLDATEBUF
  D:0006H         SYMBOL        year
  D:0002H         SYMBOL        month
  D:0003H         SYMBOL        day
  -------         DO            
  D:0006H         SYMBOL        year_2digit
  -------         ENDDO         
  C:1C14H         LINE#         87
  C:1C16H         LINE#         88
  C:1C1FH         LINE#         90
  C:1C22H         LINE#         92
  C:1C31H         LINE#         93
  C:1C3EH         LINE#         96
  C:1C4DH         LINE#         97
  C:1C5AH         LINE#         100
  C:1C69H         LINE#         101
  C:1C76H         LINE#         102
  -------         ENDPROC       _FILLDATEBUF
BL51 BANKED LINKER/LOCATER V6.22                                                      05/27/2025  21:42:52  PAGE 14


  -------         PROC          _FILLCUSTOMDISPBUF
  D:0006H         SYMBOL        val1
  D:0005H         SYMBOL        val2
  D:0003H         SYMBOL        val3
  D:0040H         SYMBOL        val4
  D:0041H         SYMBOL        val5
  D:0042H         SYMBOL        val6
  C:211FH         LINE#         105
  C:2121H         LINE#         106
  C:2124H         LINE#         109
  C:212DH         LINE#         110
  C:2136H         LINE#         111
  C:213FH         LINE#         112
  C:2149H         LINE#         113
  C:2153H         LINE#         114
  C:215DH         LINE#         115
  -------         ENDPROC       _FILLCUSTOMDISPBUF
  -------         PROC          DISP
  -------         DO            
  D:0006H         SYMBOL        i
  D:0008H         SYMBOL        pos
  D:0009H         SYMBOL        mark
  D:0007H         SYMBOL        tmpdata
  -------         ENDDO         
  C:1DB0H         LINE#         117
  C:1DB0H         LINE#         124
  C:1DB2H         LINE#         127
  C:1DB6H         LINE#         130
  C:1DB8H         LINE#         132
  C:1DC2H         LINE#         133
  C:1DC4H         LINE#         134
  C:1DC6H         LINE#         135
  C:1DCAH         LINE#         136
  C:1DCEH         LINE#         139
  C:1DDBH         LINE#         140
  C:1DDDH         LINE#         142
  C:1DE7H         LINE#         143
  C:1DE9H         LINE#         144
  C:1DEBH         LINE#         145
  C:1DEFH         LINE#         146
  C:1DF3H         LINE#         149
  C:1DF5H         LINE#         150
  C:1DF7H         LINE#         153
  C:1DF9H         LINE#         156
  C:1E00H         LINE#         157
  C:1E10H         LINE#         158
  C:1E15H         LINE#         159
  -------         ENDPROC       DISP
  -------         PROC          _PCA_SETTIMEEDITMODE
  D:0007H         SYMBOL        position
  C:25A9H         LINE#         170
  C:25A9H         LINE#         171
  C:25ABH         LINE#         172
  C:25AEH         LINE#         173
  -------         ENDPROC       _PCA_SETTIMEEDITMODE
  -------         PROC          PCA_EXITTIMEEDITMODE
  C:248DH         LINE#         176
BL51 BANKED LINKER/LOCATER V6.22                                                      05/27/2025  21:42:52  PAGE 15


  C:248DH         LINE#         177
  C:2490H         LINE#         179
  C:2494H         LINE#         180
  C:249DH         LINE#         181
  C:249DH         LINE#         182
  C:24A0H         LINE#         183
  C:24A0H         LINE#         184
  -------         ENDPROC       PCA_EXITTIMEEDITMODE
  -------         PROC          _PCA_INCREASETIMEVALUE
  D:0007H         SYMBOL        position
  C:16C9H         LINE#         187
  C:16C9H         LINE#         188
  C:16DEH         LINE#         189
  C:16DEH         LINE#         190
  C:16E6H         LINE#         191
  C:16F5H         LINE#         192
  C:16F7H         LINE#         193
  C:16F7H         LINE#         194
  C:16F9H         LINE#         195
  C:1703H         LINE#         197
  C:170CH         LINE#         198
  C:1711H         LINE#         199
  C:1711H         LINE#         200
  C:1713H         LINE#         201
  C:1713H         LINE#         202
  C:1713H         LINE#         203
  C:171CH         LINE#         204
  C:171FH         LINE#         205
  C:171FH         LINE#         206
  C:1721H         LINE#         207
  C:1721H         LINE#         208
  C:1732H         LINE#         209
  C:1734H         LINE#         210
  C:1734H         LINE#         211
  C:1745H         LINE#         212
  C:1747H         LINE#         213
  C:1747H         LINE#         214
  C:1758H         LINE#         215
  C:1758H         LINE#         216
  C:1758H         LINE#         219
  C:175CH         LINE#         220
  C:1765H         LINE#         221
  C:1765H         LINE#         222
  C:1768H         LINE#         223
  C:1768H         LINE#         224
  -------         ENDPROC       _PCA_INCREASETIMEVALUE
  -------         PROC          _PCA_SETTIME
  D:0007H         SYMBOL        hour
  D:0005H         SYMBOL        min
  D:0003H         SYMBOL        sec
  C:1CE0H         LINE#         227
  C:1CE0H         LINE#         229
  C:1CF2H         LINE#         230
  C:1CF4H         LINE#         231
  C:1CF6H         LINE#         232
  C:1CF8H         LINE#         235
  C:1CFEH         LINE#         237
BL51 BANKED LINKER/LOCATER V6.22                                                      05/27/2025  21:42:52  PAGE 16


  C:1D29H         LINE#         239
  C:1D29H         LINE#         240
  C:1D2FH         LINE#         241
  C:1D31H         LINE#         242
  C:1D36H         LINE#         243
  C:1D36H         LINE#         244
  C:1D36H         LINE#         247
  C:1D40H         LINE#         248
  C:1D44H         LINE#         249
  C:1D47H         LINE#         250
  C:1D47H         LINE#         251
  C:1D47H         LINE#         252
  C:1D47H         LINE#         253
  -------         ENDPROC       _PCA_SETTIME
  -------         PROC          _PCA_SETDATE
  D:0039H         SYMBOL        year
  D:003BH         SYMBOL        month
  D:003CH         SYMBOL        day
  C:1F96H         LINE#         256
  C:1F9EH         LINE#         258
  C:1FD2H         LINE#         259
  C:1FD2H         LINE#         260
  C:1FD8H         LINE#         261
  C:1FDBH         LINE#         262
  C:1FDEH         LINE#         265
  C:1FE8H         LINE#         266
  C:1FEDH         LINE#         267
  C:1FF0H         LINE#         268
  C:1FF0H         LINE#         269
  C:1FF0H         LINE#         270
  C:1FF0H         LINE#         271
  -------         ENDPROC       _PCA_SETDATE
  -------         PROC          _PCA_SETDATETIME
  D:0006H         SYMBOL        year
  D:0005H         SYMBOL        month
  D:0003H         SYMBOL        day
  D:0063H         SYMBOL        hour
  D:0064H         SYMBOL        min
  D:0065H         SYMBOL        sec
  C:2543H         LINE#         274
  C:2543H         LINE#         275
  C:2546H         LINE#         276
  -------         ENDPROC       _PCA_SETDATETIME
  -------         PROC          PCA_GETYEAR
  C:0006H         LINE#         280
  -------         ENDPROC       PCA_GETYEAR
  -------         PROC          PCA_GETMONTH
  C:25D7H         LINE#         281
  -------         ENDPROC       PCA_GETMONTH
  -------         PROC          PCA_GETDAY
  C:25DAH         LINE#         282
  -------         ENDPROC       PCA_GETDAY
  -------         PROC          PCA_GETHOUR
  C:25DDH         LINE#         283
  -------         ENDPROC       PCA_GETHOUR
  -------         PROC          PCA_GETMIN
  C:25E0H         LINE#         284
BL51 BANKED LINKER/LOCATER V6.22                                                      05/27/2025  21:42:52  PAGE 17


  -------         ENDPROC       PCA_GETMIN
  -------         PROC          PCA_GETSEC
  C:25E3H         LINE#         285
  -------         ENDPROC       PCA_GETSEC
  -------         PROC          _PCA_SETDISPLAYMODE
  D:0007H         SYMBOL        mode
  C:240CH         LINE#         288
  C:240CH         LINE#         289
  C:240EH         LINE#         290
  C:2412H         LINE#         291
  C:2415H         LINE#         292
  C:241EH         LINE#         293
  C:241EH         LINE#         294
  C:2421H         LINE#         295
  C:2421H         LINE#         296
  C:2421H         LINE#         297
  -------         ENDPROC       _PCA_SETDISPLAYMODE
  -------         PROC          PCA_GETDISPLAYMODE
  C:25E6H         LINE#         299
  C:25E6H         LINE#         300
  C:25E8H         LINE#         301
  -------         ENDPROC       PCA_GETDISPLAYMODE
  -------         PROC          PCA_TOGGLEDISPLAYMODE
  C:24B4H         LINE#         303
  C:24B4H         LINE#         304
  C:24C0H         LINE#         305
  -------         ENDPROC       PCA_TOGGLEDISPLAYMODE
  -------         PROC          _PCA_ISLEAPYEAR
  D:0002H         SYMBOL        year
  C:227FH         LINE#         309
  C:2283H         LINE#         310
  C:22A5H         LINE#         311
  -------         ENDPROC       _PCA_ISLEAPYEAR
  C:238BH         SYMBOL        L?0160
  -------         PROC          L?0159
  -------         ENDPROC       L?0159
  C:238BH         SYMBOL        L?0160
  -------         PROC          _PCA_GETDAYSINMONTH
  D:0006H         SYMBOL        year
  D:0001H         SYMBOL        month
  -------         DO            
  C:2400H         SYMBOL        daysInMonth
  -------         ENDDO         
  C:2391H         LINE#         313
  C:2393H         LINE#         316
  C:239BH         LINE#         317
  C:239EH         LINE#         318
  C:239EH         LINE#         319
  C:23A4H         LINE#         320
  -------         ENDPROC       _PCA_GETDAYSINMONTH
  -------         PROC          PCA_UPDATEDATETIME
  C:204AH         LINE#         323
  C:204AH         LINE#         325
  C:204CH         LINE#         326
  C:2053H         LINE#         327
  C:2056H         LINE#         330
  C:2058H         LINE#         331
BL51 BANKED LINKER/LOCATER V6.22                                                      05/27/2025  21:42:52  PAGE 18


  C:205EH         LINE#         332
  C:2061H         LINE#         335
  C:2063H         LINE#         336
  C:2069H         LINE#         337
  C:206CH         LINE#         340
  C:206CH         LINE#         341
  C:2075H         LINE#         342
  C:2078H         LINE#         345
  C:207AH         LINE#         346
  C:2081H         LINE#         347
  C:2084H         LINE#         350
  C:208CH         LINE#         351
  C:2095H         LINE#         352
  C:209BH         LINE#         353
  C:209BH         LINE#         354
  C:209BH         LINE#         355
  C:209BH         LINE#         356
  C:209BH         LINE#         357
  C:209BH         LINE#         358
  C:209BH         LINE#         359
  -------         ENDPROC       PCA_UPDATEDATETIME
  -------         PROC          PCA_ISR
  C:0AC2H         LINE#         362
  C:0ADFH         LINE#         364
  C:0AE2H         LINE#         365
  C:0AE4H         LINE#         366
  C:0AE7H         LINE#         367
  C:0AEBH         LINE#         368
  C:0AF7H         LINE#         369
  C:0AFAH         LINE#         370
  C:0AFAH         LINE#         372
  C:0B00H         LINE#         373
  C:0B02H         LINE#         374
  C:0B05H         LINE#         375
  C:0B09H         LINE#         376
  C:0B14H         LINE#         377
  C:0B16H         LINE#         379
  C:0B20H         LINE#         380
  C:0B23H         LINE#         381
  C:0B25H         LINE#         384
  C:0B28H         LINE#         387
  C:0B2BH         LINE#         390
  C:0B2EH         LINE#         393
  C:0B35H         LINE#         394
  C:0B41H         LINE#         397
  C:0B48H         LINE#         399
  C:0B4BH         LINE#         400
  C:0B52H         LINE#         401
  C:0B62H         LINE#         402
  C:0B62H         LINE#         403
  C:0B62H         LINE#         404
  C:0B62H         LINE#         405
  C:0B65H         LINE#         406
  C:0B65H         LINE#         407
  C:0B65H         LINE#         408
  C:0B65H         LINE#         409
  C:0B68H         LINE#         410
BL51 BANKED LINKER/LOCATER V6.22                                                      05/27/2025  21:42:52  PAGE 19


  C:0B68H         LINE#         411
  C:0B68H         LINE#         412
  C:0B68H         LINE#         413
  C:0B6BH         LINE#         414
  C:0B6BH         LINE#         415
  C:0B6BH         LINE#         416
  C:0B6BH         LINE#         418
  C:0B6EH         LINE#         419
  C:0B75H         LINE#         420
  C:0B85H         LINE#         421
  C:0B85H         LINE#         422
  C:0B85H         LINE#         423
  C:0B85H         LINE#         424
  C:0B88H         LINE#         425
  C:0B88H         LINE#         426
  C:0B88H         LINE#         427
  C:0B88H         LINE#         428
  C:0B8BH         LINE#         429
  C:0B8BH         LINE#         430
  C:0B8BH         LINE#         431
  C:0B8BH         LINE#         432
  C:0B8EH         LINE#         433
  C:0B8EH         LINE#         434
  C:0B8EH         LINE#         435
  C:0B8EH         LINE#         436
  C:0B8EH         LINE#         438
  C:0B97H         LINE#         440
  C:0B9BH         LINE#         442
  C:0B9DH         LINE#         445
  C:0BA4H         LINE#         446
  C:0BA7H         LINE#         448
  C:0BB3H         LINE#         450
  C:0BB3H         LINE#         453
  C:0BB7H         LINE#         454
  C:0BBAH         LINE#         455
  C:0BBDH         LINE#         456
  C:0BC0H         LINE#         457
  C:0BC0H         LINE#         458
  C:0BC2H         LINE#         460
  C:0BC8H         LINE#         461
  C:0BCAH         LINE#         462
  C:0BCAH         LINE#         463
  C:0BCAH         LINE#         464
  C:0BCCH         LINE#         465
  C:0BDDH         LINE#         467
  C:0BE9H         LINE#         470
  C:0BF0H         LINE#         472
  C:0BF3H         LINE#         473
  C:0BF7H         LINE#         474
  C:0C04H         LINE#         475
  C:0C04H         LINE#         476
  C:0C04H         LINE#         477
  C:0C04H         LINE#         478
  C:0C06H         LINE#         479
  C:0C06H         LINE#         480
  C:0C06H         LINE#         481
  C:0C06H         LINE#         482
BL51 BANKED LINKER/LOCATER V6.22                                                      05/27/2025  21:42:52  PAGE 20


  C:0C08H         LINE#         483
  C:0C08H         LINE#         484
  C:0C08H         LINE#         485
  C:0C08H         LINE#         486
  C:0C0AH         LINE#         487
  C:0C0AH         LINE#         488
  C:0C0AH         LINE#         489
  C:0C0AH         LINE#         491
  C:0C0DH         LINE#         492
  C:0C11H         LINE#         493
  C:0C1EH         LINE#         494
  C:0C1EH         LINE#         495
  C:0C21H         LINE#         496
  C:0C21H         LINE#         497
  C:0C23H         LINE#         498
  C:0C23H         LINE#         499
  C:0C26H         LINE#         500
  C:0C26H         LINE#         501
  C:0C28H         LINE#         502
  C:0C28H         LINE#         503
  C:0C2DH         LINE#         504
  C:0C2FH         LINE#         505
  C:0C2FH         LINE#         506
  C:0C2FH         LINE#         507
  C:0C2FH         LINE#         508
  C:0C2FH         LINE#         509
  C:0C2FH         LINE#         510
  C:0C2FH         LINE#         511
  -------         ENDPROC       PCA_ISR
  -------         PROC          PCA_INIT
  C:1F3AH         LINE#         513
  C:1F3AH         LINE#         514
  C:1F3AH         LINE#         515
  C:1F3DH         LINE#         519
  C:1F3FH         LINE#         520
  C:1F41H         LINE#         521
  C:1F43H         LINE#         525
  C:1F49H         LINE#         526
  C:1F4CH         LINE#         527
  C:1F50H         LINE#         528
  C:1F5CH         LINE#         529
  C:1F5FH         LINE#         533
  C:1F65H         LINE#         534
  C:1F68H         LINE#         535
  C:1F6CH         LINE#         536
  C:1F77H         LINE#         537
  C:1F7AH         LINE#         540
  C:1F7CH         LINE#         541
  C:1F7EH         LINE#         542
  C:1F81H         LINE#         545
  C:1F83H         LINE#         546
  C:1F85H         LINE#         548
  C:1F89H         LINE#         549
  C:1F92H         LINE#         550
  C:1F92H         LINE#         551
  C:1F95H         LINE#         552
  C:1F95H         LINE#         553
BL51 BANKED LINKER/LOCATER V6.22                                                      05/27/2025  21:42:52  PAGE 21


  -------         ENDPROC       PCA_INIT
  -------         PROC          PCA_RESETAUTOTOGGLE
  C:25CFH         LINE#         556
  C:25CFH         LINE#         557
  C:25D2H         LINE#         558
  -------         ENDPROC       PCA_RESETAUTOTOGGLE
  -------         PROC          PCA_MANUALTOGGLEDISPLAY
  C:230BH         LINE#         561
  C:230BH         LINE#         562
  C:2317H         LINE#         564
  C:231AH         LINE#         567
  C:231EH         LINE#         568
  C:2327H         LINE#         569
  C:2327H         LINE#         570
  C:232AH         LINE#         571
  C:232AH         LINE#         572
  -------         ENDPROC       PCA_MANUALTOGGLEDISPLAY
  -------         ENDMOD        PCA

  -------         MODULE        RELAY
  C:0000H         SYMBOL        _ICE_DUMMY_
  D:0090H         PUBLIC        P1
  D:00B0H         PUBLIC        P3
  C:2565H         PUBLIC        Relay_GetState
  B:0090H.1       PUBLIC        RELAY_CTRL
  C:25E9H         PUBLIC        Relay_On
  B:0090H.0       PUBLIC        RELAY_NODE1
  B:00B0H.2       PUBLIC        RELAY_NODE2
  C:2594H         PUBLIC        Relay_Init
  C:25ECH         PUBLIC        Relay_Off
  -------         PROC          RELAY_INIT
  C:2594H         LINE#         10
  C:2594H         LINE#         11
  C:2596H         LINE#         12
  C:2598H         LINE#         13
  C:259AH         LINE#         19
  -------         ENDPROC       RELAY_INIT
  -------         PROC          RELAY_ON
  C:25E9H         LINE#         21
  C:25E9H         LINE#         22
  C:25EBH         LINE#         23
  -------         ENDPROC       RELAY_ON
  -------         PROC          RELAY_OFF
  C:25ECH         LINE#         25
  C:25ECH         LINE#         26
  C:25EEH         LINE#         27
  -------         ENDPROC       RELAY_OFF
  -------         PROC          RELAY_GETSTATE
  C:2565H         LINE#         29
  C:2565H         LINE#         31
  C:256EH         LINE#         32
  -------         ENDPROC       RELAY_GETSTATE
  -------         ENDMOD        RELAY

  -------         MODULE        WAVEGEN
  C:0000H         SYMBOL        _ICE_DUMMY_
  D:0090H         PUBLIC        P1
BL51 BANKED LINKER/LOCATER V6.22                                                      05/27/2025  21:42:52  PAGE 22


  B:0090H.0       PUBLIC        WAVE_OUT
  C:24FFH         PUBLIC        WaveGen_Start
  C:000EH         PUBLIC        WaveGen_Init
  D:0089H         PUBLIC        TMOD
  C:25AFH         PUBLIC        WaveGen_GetState
  C:259BH         PUBLIC        WaveGen_Stop
  B:0020H.6       SYMBOL        isRunning
  B:00A8H.1       PUBLIC        ET0
  D:008CH         PUBLIC        TH0
  D:008AH         PUBLIC        TL0
  C:250DH         PUBLIC        T0_ISR
  B:0088H.4       PUBLIC        TR0
  -------         PROC          WAVEGEN_INIT
  C:000EH         LINE#         13
  C:000EH         LINE#         14
  C:0011H         LINE#         15
  C:0014H         LINE#         16
  C:0017H         LINE#         17
  C:001AH         LINE#         18
  C:001CH         LINE#         19
  C:001EH         LINE#         20
  C:0020H         LINE#         21
  C:0022H         LINE#         33
  -------         ENDPROC       WAVEGEN_INIT
  -------         PROC          WAVEGEN_START
  C:24FFH         LINE#         36
  C:24FFH         LINE#         37
  C:2502H         LINE#         38
  C:2505H         LINE#         39
  C:2508H         LINE#         40
  C:250AH         LINE#         41
  C:250CH         LINE#         42
  C:250CH         LINE#         43
  -------         ENDPROC       WAVEGEN_START
  -------         PROC          WAVEGEN_STOP
  C:259BH         LINE#         46
  C:259BH         LINE#         47
  C:259DH         LINE#         48
  C:259FH         LINE#         49
  C:25A1H         LINE#         50
  -------         ENDPROC       WAVEGEN_STOP
  -------         PROC          WAVEGEN_GETSTATE
  C:25AFH         LINE#         53
  C:25AFH         LINE#         54
  C:25B4H         LINE#         55
  -------         ENDPROC       WAVEGEN_GETSTATE
  -------         PROC          T0_ISR
  -------         DO            
  B:0020H.5       SYMBOL        divider
  -------         ENDDO         
  C:250DH         LINE#         58
  C:250DH         LINE#         62
  C:2510H         LINE#         63
  C:2513H         LINE#         66
  C:2515H         LINE#         67
  C:2518H         LINE#         68
  C:251AH         LINE#         69
BL51 BANKED LINKER/LOCATER V6.22                                                      05/27/2025  21:42:52  PAGE 23


  C:251AH         LINE#         70
  -------         ENDPROC       T0_ISR
  -------         ENDMOD        WAVEGEN

  -------         MODULE        FLOWMETER
  C:0000H         SYMBOL        _ICE_DUMMY_
  C:25F2H         PUBLIC        FlowMeter_ForceSave
  C:256FH         PUBLIC        FlowMeter_Reset
  D:00A0H         PUBLIC        P2
  C:215EH         PUBLIC        LoadTotalFlowFromEEPROM
  C:0026H         PUBLIC        FlowMeter_ResetTotal
  C:1274H         PUBLIC        FlowMeter_CalcFlow
  C:2422H         PUBLIC        FlowMeter_Start
  C:1051H         PUBLIC        FlowMeter_Init
  D:0058H         SYMBOL        saveCounter
  C:25C0H         PUBLIC        FlowMeter_GetCurrentFlow
  D:0059H         SYMBOL        currentFlow
  C:25EFH         PUBLIC        FlowMeter_Stop
  C:25FEH         PUBLIC        FlowMeter_GetMode
  C:25BBH         PUBLIC        _FlowMeter_SetMode
  C:25F5H         PUBLIC        FlowMeter_HasUnsavedChanges
  D:005BH         SYMBOL        pulseCount
  D:005DH         SYMBOL        initialDisplayDelay
  C:2438H         PUBLIC        FlowMeter_UpdateDisplay
  C:25F8H         PUBLIC        FlowMeter_DisplayCurrent
  C:24D2H         PUBLIC        FlowMeter_GetTotalFlow
  D:005EH         SYMBOL        flowMode
  B:0020H.0       SYMBOL        isRunning
  C:222FH         PUBLIC        SaveTotalFlowToEEPROM
  C:24C3H         PUBLIC        FlowMeter_GetLastSavedFlow
  C:1B29H         PUBLIC        UpdateCurrentFlowDisplay
  X:0069H         SYMBOL        lastSavedFlow
  B:00A8H.0       PUBLIC        EX0
  B:0088H.0       PUBLIC        IT0
  C:25FBH         PUBLIC        FlowMeter_DisplayTotal
  B:0020H.1       SYMBOL        needUpdateDisplay
  C:136FH         PUBLIC        UpdateTotalFlowDisplay
  C:2529H         PUBLIC        INT0_ISR
  B:0020H.2       SYMBOL        totalFlowChanged
  -------         PROC          FLOWMETER_INIT
  -------         DO            
  D:0034H         SYMBOL        flowStr
  D:0040H         SYMBOL        temp
  D:004CH         SYMBOL        i
  D:004DH         SYMBOL        j
  D:004EH         SYMBOL        tempFlow
  -------         ENDDO         
  C:1051H         LINE#         182
  C:1051H         LINE#         194
  C:1056H         LINE#         197
  C:1058H         LINE#         198
  C:105AH         LINE#         199
  C:105EH         LINE#         200
  C:1062H         LINE#         205
  C:106BH         LINE#         207
  C:107FH         LINE#         210
  C:1088H         LINE#         212
BL51 BANKED LINKER/LOCATER V6.22                                                      05/27/2025  21:42:52  PAGE 24


  C:10A1H         LINE#         213
  C:10A7H         LINE#         214
  C:10AAH         LINE#         215
  C:10BFH         LINE#         216
  C:10C2H         LINE#         219
  C:10DBH         LINE#         220
  C:10FAH         LINE#         221
  C:1113H         LINE#         222
  C:1115H         LINE#         225
  C:1119H         LINE#         226
  C:1123H         LINE#         227
  C:1123H         LINE#         230
  C:1126H         LINE#         231
  C:1133H         LINE#         232
  C:1146H         LINE#         233
  C:1148H         LINE#         234
  C:114FH         LINE#         236
  C:1157H         LINE#         237
  C:1157H         LINE#         239
  C:1160H         LINE#         241
  C:1162H         LINE#         242
  C:1165H         LINE#         243
  C:1167H         LINE#         244
  C:1169H         LINE#         245
  -------         ENDPROC       FLOWMETER_INIT
  -------         PROC          FLOWMETER_START
  C:2422H         LINE#         248
  C:2422H         LINE#         249
  C:2425H         LINE#         250
  C:242AH         LINE#         251
  C:242CH         LINE#         252
  C:242EH         LINE#         255
  C:2432H         LINE#         258
  C:2434H         LINE#         259
  C:2437H         LINE#         260
  C:2437H         LINE#         261
  -------         ENDPROC       FLOWMETER_START
  -------         PROC          FLOWMETER_STOP
  C:25EFH         LINE#         264
  C:25EFH         LINE#         265
  C:25F1H         LINE#         267
  -------         ENDPROC       FLOWMETER_STOP
  -------         PROC          FLOWMETER_RESET
  C:256FH         LINE#         270
  C:256FH         LINE#         271
  C:2574H         LINE#         272
  C:2578H         LINE#         275
  -------         ENDPROC       FLOWMETER_RESET
  -------         PROC          FLOWMETER_RESETTOTAL
  C:0026H         LINE#         278
  C:0026H         LINE#         279
  C:0030H         LINE#         280
  -------         ENDPROC       FLOWMETER_RESETTOTAL
  -------         PROC          FLOWMETER_CALCFLOW
  -------         DO            
  D:0057H         SYMBOL        updateCounter
  -------         DO            
BL51 BANKED LINKER/LOCATER V6.22                                                      05/27/2025  21:42:52  PAGE 25


  D:0022H         SYMBOL        oldTotalFlow
  -------         ENDDO         
  -------         DO            
  D:0056H         SYMBOL        displayToggle
  -------         ENDDO         
  -------         ENDDO         
  C:1274H         LINE#         374
  C:1274H         LINE#         377
  C:127BH         LINE#         378
  C:127EH         LINE#         379
  C:127EH         LINE#         380
  C:1280H         LINE#         381
  C:1280H         LINE#         382
  C:1280H         LINE#         385
  C:128CH         LINE#         386
  C:128FH         LINE#         388
  C:1295H         LINE#         389
  C:129BH         LINE#         392
  C:12A9H         LINE#         393
  C:12BEH         LINE#         394
  C:12E3H         LINE#         397
  C:12FFH         LINE#         398
  C:1301H         LINE#         399
  C:1301H         LINE#         402
  C:1334H         LINE#         403
  C:1337H         LINE#         404
  C:1337H         LINE#         405
  C:1337H         LINE#         406
  C:1337H         LINE#         409
  C:1340H         LINE#         410
  C:1343H         LINE#         413
  C:1346H         LINE#         414
  C:1349H         LINE#         415
  C:1349H         LINE#         416
  C:1349H         LINE#         419
  C:134EH         LINE#         420
  C:1350H         LINE#         421
  C:1350H         LINE#         424
  C:1353H         LINE#         427
  C:135CH         LINE#         428
  C:135FH         LINE#         429
  C:136CH         LINE#         430
  C:136EH         LINE#         431
  C:136EH         LINE#         432
  C:136EH         LINE#         433
  -------         ENDPROC       FLOWMETER_CALCFLOW
  -------         PROC          SAVETOTALFLOWTOEEPROM
  C:222FH         LINE#         462
  C:222FH         LINE#         464
  C:2240H         LINE#         467
  C:2254H         LINE#         468
  C:2256H         LINE#         476
  -------         ENDPROC       SAVETOTALFLOWTOEEPROM
  -------         PROC          LOADTOTALFLOWFROMEEPROM
  -------         DO            
  D:001AH         SYMBOL        loadedFlow
  -------         ENDDO         
BL51 BANKED LINKER/LOCATER V6.22                                                      05/27/2025  21:42:52  PAGE 26


  C:215EH         LINE#         479
  C:215EH         LINE#         480
  C:2169H         LINE#         483
  C:217FH         LINE#         484
  C:2188H         LINE#         485
  C:218FH         LINE#         486
  C:218FH         LINE#         488
  C:2197H         LINE#         489
  -------         ENDPROC       LOADTOTALFLOWFROMEEPROM
  -------         PROC          FLOWMETER_FORCESAVE
  C:25F2H         LINE#         492
  C:25F2H         LINE#         493
  -------         ENDPROC       FLOWMETER_FORCESAVE
  -------         PROC          FLOWMETER_GETLASTSAVEDFLOW
  C:24C3H         LINE#         497
  C:24C3H         LINE#         498
  C:24D1H         LINE#         499
  -------         ENDPROC       FLOWMETER_GETLASTSAVEDFLOW
  -------         PROC          FLOWMETER_HASUNSAVEDCHANGES
  C:25F5H         LINE#         502
  C:25F5H         LINE#         503
  C:25F7H         LINE#         504
  -------         ENDPROC       FLOWMETER_HASUNSAVEDCHANGES
  -------         PROC          FLOWMETER_UPDATEDISPLAY
  C:2438H         LINE#         507
  C:2438H         LINE#         508
  C:243BH         LINE#         509
  C:243DH         LINE#         512
  C:2442H         LINE#         513
  C:2445H         LINE#         514
  C:244AH         LINE#         515
  C:244DH         LINE#         516
  C:244DH         LINE#         517
  C:244DH         LINE#         518
  -------         ENDPROC       FLOWMETER_UPDATEDISPLAY
  -------         PROC          UPDATECURRENTFLOWDISPLAY
  -------         DO            
  D:0034H         SYMBOL        val1
  D:0035H         SYMBOL        val2
  D:0036H         SYMBOL        val3
  D:0037H         SYMBOL        val4
  D:0038H         SYMBOL        val5
  D:0007H         SYMBOL        val6
  D:0002H         SYMBOL        flow_display
  -------         ENDDO         
  C:1B29H         LINE#         521
  C:1B29H         LINE#         525
  C:1B2DH         LINE#         528
  C:1B30H         LINE#         529
  C:1B44H         LINE#         530
  C:1B58H         LINE#         531
  C:1B6CH         LINE#         532
  C:1B80H         LINE#         533
  C:1B8DH         LINE#         536
  -------         ENDPROC       UPDATECURRENTFLOWDISPLAY
  -------         PROC          UPDATETOTALFLOWDISPLAY
  -------         DO            
BL51 BANKED LINKER/LOCATER V6.22                                                      05/27/2025  21:42:52  PAGE 27


  D:0034H         SYMBOL        val1
  D:0035H         SYMBOL        val2
  D:0036H         SYMBOL        val3
  D:0037H         SYMBOL        val4
  D:0038H         SYMBOL        val5
  D:0007H         SYMBOL        val6
  D:0039H         SYMBOL        flow_ml
  -------         ENDDO         
  C:136FH         LINE#         540
  C:136FH         LINE#         544
  C:1384H         LINE#         547
  C:1387H         LINE#         548
  C:13A6H         LINE#         549
  C:13C5H         LINE#         550
  C:13E3H         LINE#         551
  C:1401H         LINE#         552
  C:1414H         LINE#         555
  -------         ENDPROC       UPDATETOTALFLOWDISPLAY
  -------         PROC          FLOWMETER_DISPLAYCURRENT
  C:25F8H         LINE#         559
  C:25F8H         LINE#         560
  -------         ENDPROC       FLOWMETER_DISPLAYCURRENT
  -------         PROC          FLOWMETER_DISPLAYTOTAL
  C:25FBH         LINE#         564
  C:25FBH         LINE#         565
  -------         ENDPROC       FLOWMETER_DISPLAYTOTAL
  -------         PROC          _FLOWMETER_SETMODE
  D:0007H         SYMBOL        mode
  C:25BBH         LINE#         569
  C:25BBH         LINE#         570
  C:25BDH         LINE#         573
  C:25BFH         LINE#         574
  -------         ENDPROC       _FLOWMETER_SETMODE
  -------         PROC          FLOWMETER_GETMODE
  C:25FEH         LINE#         577
  C:25FEH         LINE#         578
  C:2600H         LINE#         579
  -------         ENDPROC       FLOWMETER_GETMODE
  -------         PROC          FLOWMETER_GETCURRENTFLOW
  C:25C0H         LINE#         582
  C:25C0H         LINE#         584
  C:25C4H         LINE#         585
  -------         ENDPROC       FLOWMETER_GETCURRENTFLOW
  -------         PROC          FLOWMETER_GETTOTALFLOW
  C:24D2H         LINE#         588
  C:24D2H         LINE#         589
  C:24E0H         LINE#         590
  -------         ENDPROC       FLOWMETER_GETTOTALFLOW
  -------         PROC          INT0_ISR
  C:2529H         LINE#         593
  C:252BH         LINE#         599
  C:2533H         LINE#         600
  -------         ENDPROC       INT0_ISR
  -------         ENDMOD        FLOWMETER

  -------         MODULE        UART
  C:0000H         SYMBOL        _ICE_DUMMY_
BL51 BANKED LINKER/LOCATER V6.22                                                      05/27/2025  21:42:52  PAGE 28


  D:0090H         PUBLIC        P1
  B:00A8H.7       PUBLIC        EA
  C:1D48H         PUBLIC        UART_ISR
  B:00A8H.4       PUBLIC        ES
  B:0098H.0       PUBLIC        RI
  X:0041H         SYMBOL        uart_buffer
  B:0098H.1       PUBLIC        TI
  C:003EH         SYMBOL        UART_CommandHandler
  C:220AH         PUBLIC        _UART_SendString
  C:1F20H         SYMBOL        _Send2Digits
  D:0099H         PUBLIC        SBUF
  D:0087H         PUBLIC        PCON
  C:1C77H         PUBLIC        UART_Init
  D:0098H         PUBLIC        SCON
  D:0089H         PUBLIC        TMOD
  C:157BH         PUBLIC        UART_SendManualWateringRecord
  C:22C2H         PUBLIC        _UART_SendByte
  C:23DBH         PUBLIC        UART_ProcessCommand
  D:0067H         SYMBOL        uart_count
  D:008DH         PUBLIC        TH1
  D:008BH         PUBLIC        TL1
  B:0088H.6       PUBLIC        TR1
  C:1E16H         SYMBOL        _ParseNumber
  C:1622H         PUBLIC        UART_SendAutoWateringRecord
  C:142FH         SYMBOL        _SendNumber
  B:0021H.1       SYMBOL        uart_complete
  -------         PROC          UART_INIT
  C:1C77H         LINE#         12
  C:1C77H         LINE#         13
  C:1C7AH         LINE#         14
  C:1C7DH         LINE#         17
  C:1C80H         LINE#         18
  C:1C83H         LINE#         21
  C:1C86H         LINE#         22
  C:1C89H         LINE#         24
  C:1C8BH         LINE#         25
  C:1C8DH         LINE#         26
  C:1C8FH         LINE#         29
  C:1C92H         LINE#         30
  C:1C94H         LINE#         31
  C:1CA1H         LINE#         34
  C:1CAAH         LINE#         35
  C:1CB3H         LINE#         36
  C:1CBCH         LINE#         37
  C:1CC5H         LINE#         38
  C:1CCEH         LINE#         39
  C:1CD7H         LINE#         40
  -------         ENDPROC       UART_INIT
  C:22A8H         SYMBOL        L?0078
  -------         PROC          L?0077
  -------         ENDPROC       L?0077
  C:22A8H         SYMBOL        L?0078
  -------         PROC          _UART_SENDBYTE
  D:0007H         SYMBOL        dat
  C:22C2H         LINE#         44
  C:22C2H         LINE#         45
  C:22C4H         LINE#         46
BL51 BANKED LINKER/LOCATER V6.22                                                      05/27/2025  21:42:52  PAGE 29


  C:22C7H         LINE#         47
  C:22C9H         LINE#         48
  -------         ENDPROC       _UART_SENDBYTE
  C:2204H         SYMBOL        L?0082
  -------         PROC          L?0081
  -------         ENDPROC       L?0081
  C:2204H         SYMBOL        L?0082
  -------         PROC          _UART_SENDSTRING
  D:0052H         SYMBOL        s
  C:220AH         LINE#         51
  C:2210H         LINE#         52
  C:221BH         LINE#         53
  C:222CH         LINE#         54
  C:222EH         LINE#         55
  -------         ENDPROC       _UART_SENDSTRING
  C:1424H         SYMBOL        L?0080
  -------         PROC          L?0079
  -------         ENDPROC       L?0079
  C:1424H         SYMBOL        L?0080
  -------         PROC          _SENDNUMBER
  D:003DH         SYMBOL        num
  C:142FH         LINE#         58
  C:1437H         LINE#         59
  C:144AH         LINE#         60
  C:144FH         LINE#         62
  C:144FH         LINE#         65
  C:146CH         LINE#         66
  C:1489H         LINE#         67
  C:14A2H         LINE#         68
  C:14BBH         LINE#         69
  C:14D3H         LINE#         70
  -------         ENDPROC       _SENDNUMBER
  C:1EDBH         SYMBOL        L?0076
  -------         PROC          L?0075
  -------         ENDPROC       L?0075
  C:1EDBH         SYMBOL        L?0076
  -------         PROC          _SEND2DIGITS
  D:0006H         SYMBOL        num
  C:1F20H         LINE#         73
  C:1F22H         LINE#         74
  C:1F2DH         LINE#         75
  -------         ENDPROC       _SEND2DIGITS
  -------         PROC          UART_SENDMANUALWATERINGRECORD
  C:157BH         LINE#         79
  C:157BH         LINE#         80
  C:1584H         LINE#         81
  C:158DH         LINE#         84
  C:1596H         LINE#         85
  C:1599H         LINE#         86
  C:1599H         LINE#         87
  C:1599H         LINE#         88
  C:1599H         LINE#         89
  C:1599H         LINE#         90
  C:1599H         LINE#         91
  C:1599H         LINE#         92
  C:1599H         LINE#         93
  C:1599H         LINE#         94
BL51 BANKED LINKER/LOCATER V6.22                                                      05/27/2025  21:42:52  PAGE 30


  C:1599H         LINE#         95
  C:159CH         LINE#         96
  C:159FH         LINE#         99
  C:15A8H         LINE#         100
  C:15ABH         LINE#         101
  C:15ABH         LINE#         102
  C:15ABH         LINE#         103
  C:15ABH         LINE#         104
  C:15ABH         LINE#         105
  C:15ABH         LINE#         106
  C:15ABH         LINE#         107
  C:15ABH         LINE#         108
  C:15ABH         LINE#         109
  C:15ABH         LINE#         110
  C:15AEH         LINE#         111
  C:15B1H         LINE#         114
  C:15BAH         LINE#         115
  C:15C0H         LINE#         116
  C:15C9H         LINE#         119
  C:15D2H         LINE#         120
  C:15D8H         LINE#         121
  C:15E1H         LINE#         124
  C:15EAH         LINE#         125
  C:15F4H         LINE#         126
  C:15FBH         LINE#         127
  C:1604H         LINE#         128
  C:1604H         LINE#         129
  C:1610H         LINE#         130
  C:1619H         LINE#         132
  -------         ENDPROC       UART_SENDMANUALWATERINGRECORD
  -------         PROC          UART_SENDAUTOWATERINGRECORD
  C:1622H         LINE#         136
  C:1622H         LINE#         137
  C:162BH         LINE#         138
  C:1634H         LINE#         141
  C:163DH         LINE#         142
  C:1640H         LINE#         143
  C:1640H         LINE#         144
  C:1640H         LINE#         145
  C:1640H         LINE#         146
  C:1640H         LINE#         147
  C:1640H         LINE#         148
  C:1640H         LINE#         149
  C:1640H         LINE#         150
  C:1640H         LINE#         151
  C:1640H         LINE#         152
  C:1643H         LINE#         153
  C:1646H         LINE#         156
  C:164FH         LINE#         157
  C:1652H         LINE#         158
  C:1652H         LINE#         159
  C:1652H         LINE#         160
  C:1652H         LINE#         161
  C:1652H         LINE#         162
  C:1652H         LINE#         163
  C:1652H         LINE#         164
  C:1652H         LINE#         165
BL51 BANKED LINKER/LOCATER V6.22                                                      05/27/2025  21:42:52  PAGE 31


  C:1652H         LINE#         166
  C:1652H         LINE#         167
  C:1655H         LINE#         168
  C:1658H         LINE#         171
  C:1661H         LINE#         172
  C:1667H         LINE#         173
  C:1670H         LINE#         176
  C:1679H         LINE#         177
  C:167FH         LINE#         178
  C:1688H         LINE#         181
  C:1691H         LINE#         182
  C:169BH         LINE#         183
  C:16A2H         LINE#         184
  C:16ABH         LINE#         185
  C:16ABH         LINE#         186
  C:16B7H         LINE#         187
  C:16C0H         LINE#         189
  -------         ENDPROC       UART_SENDAUTOWATERINGRECORD
  -------         PROC          _PARSENUMBER
  D:0039H         SYMBOL        str
  D:003CH         SYMBOL        len
  -------         DO            
  D:003DH         SYMBOL        result
  D:003FH         SYMBOL        i
  -------         ENDDO         
  C:1E16H         LINE#         193
  C:1E1EH         LINE#         194
  C:1E23H         LINE#         196
  C:1E2CH         LINE#         197
  C:1E4BH         LINE#         198
  C:1E6BH         LINE#         199
  C:1E6DH         LINE#         200
  C:1E72H         LINE#         201
  C:1E72H         LINE#         202
  C:1E76H         LINE#         203
  C:1E7AH         LINE#         204
  -------         ENDPROC       _PARSENUMBER
  -------         PROC          UART_COMMANDHANDLER
  -------         DO            
  D:0034H         SYMBOL        year
  D:0036H         SYMBOL        month
  D:0037H         SYMBOL        day
  D:0034H         SYMBOL        hour
  D:0035H         SYMBOL        min
  D:0036H         SYMBOL        sec
  D:0034H         SYMBOL        hour
  D:0035H         SYMBOL        min
  D:0036H         SYMBOL        sec
  D:0037H         SYMBOL        volume
  -------         ENDDO         
  -------         DO            
  D:0034H         SYMBOL        hour
  D:0035H         SYMBOL        min
  D:0036H         SYMBOL        sec
  D:0034H         SYMBOL        hour
  D:0035H         SYMBOL        min
  D:0036H         SYMBOL        sec
BL51 BANKED LINKER/LOCATER V6.22                                                      05/27/2025  21:42:52  PAGE 32


  D:0037H         SYMBOL        volume
  -------         ENDDO         
  -------         DO            
  D:0034H         SYMBOL        hour
  D:0035H         SYMBOL        min
  D:0036H         SYMBOL        sec
  D:0037H         SYMBOL        volume
  -------         ENDDO         
  C:003EH         LINE#         207
  C:003EH         LINE#         209
  C:005CH         LINE#         213
  C:0071H         LINE#         214
  C:0080H         LINE#         215
  C:008DH         LINE#         216
  C:009AH         LINE#         219
  C:00D4H         LINE#         220
  C:00D4H         LINE#         222
  C:00DFH         LINE#         224
  C:00E8H         LINE#         225
  C:00EEH         LINE#         226
  C:00F2H         LINE#         227
  C:00F6H         LINE#         228
  C:00F6H         LINE#         229
  C:00F6H         LINE#         230
  C:00F9H         LINE#         231
  C:0102H         LINE#         232
  C:0108H         LINE#         233
  C:0108H         LINE#         234
  C:010BH         LINE#         235
  C:0114H         LINE#         236
  C:011DH         LINE#         237
  C:0123H         LINE#         238
  C:0123H         LINE#         239
  C:0126H         LINE#         241
  C:0144H         LINE#         242
  C:014AH         LINE#         245
  C:015FH         LINE#         246
  C:0171H         LINE#         247
  C:0183H         LINE#         248
  C:0195H         LINE#         251
  C:01AAH         LINE#         253
  C:01B3H         LINE#         255
  C:01BCH         LINE#         257
  C:01C2H         LINE#         258
  C:01C6H         LINE#         259
  C:01CBH         LINE#         260
  C:01D4H         LINE#         261
  C:01DAH         LINE#         262
  C:01DDH         LINE#         263
  C:01DDH         LINE#         264
  C:01E6H         LINE#         265
  C:01ECH         LINE#         266
  C:01ECH         LINE#         267
  C:01EFH         LINE#         268
  C:01EFH         LINE#         269
  C:01F8H         LINE#         270
  C:0201H         LINE#         271
BL51 BANKED LINKER/LOCATER V6.22                                                      05/27/2025  21:42:52  PAGE 33


  C:0207H         LINE#         272
  C:0207H         LINE#         273
  C:020AH         LINE#         275
  C:0225H         LINE#         276
  C:0229H         LINE#         277
  C:022FH         LINE#         278
  C:0232H         LINE#         279
  C:024DH         LINE#         280
  C:0252H         LINE#         281
  C:0258H         LINE#         282
  C:025BH         LINE#         284
  C:0279H         LINE#         289
  C:028EH         LINE#         290
  C:02A0H         LINE#         291
  C:02B2H         LINE#         292
  C:02C4H         LINE#         295
  C:02C9H         LINE#         296
  C:02EBH         LINE#         297
  C:030BH         LINE#         298
  C:0329H         LINE#         299
  C:0342H         LINE#         302
  C:0376H         LINE#         304
  C:037CH         LINE#         305
  C:0380H         LINE#         306
  C:0384H         LINE#         307
  C:038CH         LINE#         308
  C:0392H         LINE#         309
  C:0397H         LINE#         311
  C:03A0H         LINE#         312
  C:03A9H         LINE#         313
  C:03AFH         LINE#         314
  C:03B3H         LINE#         315
  C:03B8H         LINE#         316
  C:03C1H         LINE#         317
  C:03CAH         LINE#         318
  C:03CFH         LINE#         319
  C:03D8H         LINE#         320
  C:03DEH         LINE#         321
  C:03E1H         LINE#         322
  C:03E1H         LINE#         323
  C:03EAH         LINE#         324
  C:03F3H         LINE#         325
  C:03F9H         LINE#         326
  C:03F9H         LINE#         327
  C:03FBH         LINE#         328
  C:03FBH         LINE#         329
  C:0404H         LINE#         330
  C:040DH         LINE#         331
  C:0413H         LINE#         332
  C:0413H         LINE#         333
  C:0415H         LINE#         335
  C:0430H         LINE#         336
[...]
  C:23B4H         LINE#         376
  C:23B6H         LINE#         377
  C:23B8H         LINE#         380
  -------         ENDPROC       TIMEDWATERING_START
BL51 BANKED LINKER/LOCATER V6.22                                                      05/27/2025  21:42:52  PAGE 39


  -------         PROC          TIMEDWATERING_STOP
  C:232BH         LINE#         384
  C:232BH         LINE#         385
  C:2330H         LINE#         386
  C:2334H         LINE#         389
  C:233AH         LINE#         390
  C:233CH         LINE#         391
  C:233FH         LINE#         392
  C:2342H         LINE#         393
  C:2347H         LINE#         396
  C:234AH         LINE#         397
  C:234AH         LINE#         398
  -------         ENDPROC       TIMEDWATERING_STOP
  -------         PROC          TIMEDWATERING_UPDATE
  -------         DO            
  D:0022H         SYMBOL        current_total_flow
  D:0026H         SYMBOL        watered_volume
  -------         ENDDO         
  C:116AH         LINE#         401
  C:116AH         LINE#         405
  C:1173H         LINE#         407
  C:117CH         LINE#         409
  C:1187H         LINE#         410
  C:11AAH         LINE#         412
  C:11C3H         LINE#         414
  C:11C8H         LINE#         415
  C:11CDH         LINE#         417
  C:11D0H         LINE#         418
  C:11D3H         LINE#         419
  C:11D8H         LINE#         422
  C:11E3H         LINE#         425
  C:11E6H         LINE#         428
  C:11E9H         LINE#         429
  C:11F2H         LINE#         430
  C:11F4H         LINE#         431
  C:11F5H         LINE#         433
  C:120AH         LINE#         434
  C:1210H         LINE#         435
  C:1213H         LINE#         436
  C:1215H         LINE#         437
  C:1215H         LINE#         438
  C:1215H         LINE#         439
  C:1216H         LINE#         441
  C:122FH         LINE#         444
  C:122FH         LINE#         447
  C:1235H         LINE#         448
  C:1244H         LINE#         449
  C:124DH         LINE#         452
  C:1250H         LINE#         454
  C:1253H         LINE#         455
  C:1256H         LINE#         456
  C:125BH         LINE#         458
  C:125EH         LINE#         459
  C:1260H         LINE#         460
  C:1260H         LINE#         463
  C:1272H         LINE#         464
  C:1272H         LINE#         465
BL51 BANKED LINKER/LOCATER V6.22                                                      05/27/2025  21:42:52  PAGE 40


  C:1273H         LINE#         466
  C:1273H         LINE#         467
  C:1273H         LINE#         468
  -------         ENDPROC       TIMEDWATERING_UPDATE
  -------         PROC          DISPLAYAUTOWATERINGPARAMS
  -------         DO            
  D:0034H         SYMBOL        val1
  D:0035H         SYMBOL        val2
  D:0036H         SYMBOL        val3
  D:0037H         SYMBOL        val4
  D:0038H         SYMBOL        val5
  D:0039H         SYMBOL        val6
  -------         ENDDO         
  C:0F24H         LINE#         471
  C:0F24H         LINE#         474
  C:0F2AH         LINE#         476
  C:0F3CH         LINE#         477
  C:0F50H         LINE#         478
  C:0F53H         LINE#         479
  C:0F53H         LINE#         480
  C:0F53H         LINE#         481
  C:0F53H         LINE#         482
  C:0F56H         LINE#         484
  C:0F68H         LINE#         485
  C:0F68H         LINE#         487
  C:0F74H         LINE#         488
  C:0F80H         LINE#         489
  C:0F83H         LINE#         490
  C:0F85H         LINE#         491
  C:0F87H         LINE#         492
  C:0F8AH         LINE#         493
  C:0F8DH         LINE#         495
  C:0F8DH         LINE#         497
  C:0F99H         LINE#         498
  C:0FA5H         LINE#         499
  C:0FA8H         LINE#         500
  C:0FAAH         LINE#         501
  C:0FACH         LINE#         502
  C:0FAFH         LINE#         503
  C:0FB2H         LINE#         505
  C:0FB2H         LINE#         507
  C:0FBEH         LINE#         508
  C:0FCAH         LINE#         509
  C:0FCDH         LINE#         510
  C:0FCFH         LINE#         511
  C:0FD1H         LINE#         512
  C:0FD4H         LINE#         513
  C:0FD6H         LINE#         515
  C:0FD6H         LINE#         517
  C:0FEAH         LINE#         518
  C:0FFEH         LINE#         519
  C:1016H         LINE#         520
  C:102AH         LINE#         521
  C:102DH         LINE#         522
  C:1030H         LINE#         523
  C:1032H         LINE#         525
  C:1032H         LINE#         526
BL51 BANKED LINKER/LOCATER V6.22                                                      05/27/2025  21:42:52  PAGE 41


  C:103FH         LINE#         527
  C:103FH         LINE#         528
  C:103FH         LINE#         529
  C:103FH         LINE#         531
  -------         ENDPROC       DISPLAYAUTOWATERINGPARAMS
  -------         PROC          CHECKANDUPDATEAUTODISPLAY
  C:251BH         LINE#         535
  C:251BH         LINE#         536
  C:251EH         LINE#         537
  C:2520H         LINE#         539
  C:2525H         LINE#         540
  C:2528H         LINE#         541
  C:2528H         LINE#         542
  C:2528H         LINE#         543
  -------         ENDPROC       CHECKANDUPDATEAUTODISPLAY
  -------         ENDMOD        KEYBOARD_CONTROL

  -------         MODULE        I2C
  C:0000H         SYMBOL        _ICE_DUMMY_
  D:00A0H         PUBLIC        P2
  C:2604H         PUBLIC        SaveAlarmToEEPROM
  C:1769H         PUBLIC        _EEPROM_ReadULong
  C:25D3H         PUBLIC        _AT24C02_ReadByte
  C:24F0H         PUBLIC        IsFirstPowerOn
  C:2198H         PUBLIC        _EEPROM_WriteULong
  C:25B5H         PUBLIC        AT24C02_ReadTotalFlow
  C:255AH         PUBLIC        ReadWateringFromEEPROM
  C:2601H         PUBLIC        _AT24C02_WriteByte
  C:25A2H         PUBLIC        SetInitializedFlag
  C:234BH         PUBLIC        _EEPROM_Read
  C:2536H         PUBLIC        I2C_Start
  C:2463H         PUBLIC        _AT24C02_WriteTotalFlow
  C:22CAH         PUBLIC        I2C_ReadByte
  C:25C5H         PUBLIC        I2C_Init
  C:236BH         PUBLIC        _EEPROM_Write
  C:24E1H         PUBLIC        I2C_SendAck
  X:006DH         PUBLIC        totalFlow
  C:25CAH         PUBLIC        _I2C_SendByte
  C:2262H         PUBLIC        _I2C_WriteByte
  C:24A1H         PUBLIC        I2C_WaitAck
  C:2579H         PUBLIC        I2C_Stop
  C:2605H         PUBLIC        ReadAlarmFromEEPROM
  B:00A0H.5       PUBLIC        SDA
  B:00A0H.6       PUBLIC        SCL
  C:23C1H         PUBLIC        SaveWateringToEEPROM
  C:258CH         PUBLIC        I2C_ReceiveByte
  -------         PROC          I2C_START
  C:2536H         LINE#         13
  C:2536H         LINE#         14
  C:2539H         LINE#         15
  C:253CH         LINE#         16
  C:253FH         LINE#         17
  C:2542H         LINE#         18
  -------         ENDPROC       I2C_START
  -------         PROC          I2C_STOP
  C:2579H         LINE#         23
  C:2579H         LINE#         24
BL51 BANKED LINKER/LOCATER V6.22                                                      05/27/2025  21:42:52  PAGE 42


  C:257CH         LINE#         25
  C:257FH         LINE#         26
  C:2582H         LINE#         27
  -------         ENDPROC       I2C_STOP
  -------         PROC          I2C_SENDACK
  B:0021H.0       SYMBOL        ack
  C:24E1H         LINE#         33
  C:24E1H         LINE#         34
  C:24E6H         LINE#         35
  C:24E9H         LINE#         36
  C:24ECH         LINE#         37
  C:24EFH         LINE#         38
  -------         ENDPROC       I2C_SENDACK
  -------         PROC          I2C_WAITACK
  C:24A1H         LINE#         44
  C:24A1H         LINE#         45
  C:24A4H         LINE#         46
  C:24A7H         LINE#         47
  C:24AAH         LINE#         48
  C:24ADH         LINE#         49
  C:24AFH         LINE#         50
  C:24AFH         LINE#         51
  C:24B2H         LINE#         52
  C:24B3H         LINE#         53
  -------         ENDPROC       I2C_WAITACK
  -------         PROC          L?0035
  -------         ENDPROC       L?0035
  -------         PROC          _I2C_WRITEBYTE
  D:0007H         SYMBOL        dat
  -------         DO            
  D:0006H         SYMBOL        i
  -------         ENDDO         
  C:2262H         LINE#         59
  C:2262H         LINE#         61
  C:2264H         LINE#         62
  C:226EH         LINE#         63
  C:2271H         LINE#         64
  C:2274H         LINE#         65
  C:2278H         LINE#         66
  C:227CH         LINE#         67
  -------         ENDPROC       _I2C_WRITEBYTE
  -------         PROC          I2C_READBYTE
  B:0020H.7       SYMBOL        ack
  -------         DO            
  D:0006H         SYMBOL        i
  D:0007H         SYMBOL        dat
  -------         ENDDO         
  C:22CAH         LINE#         75
  C:22CAH         LINE#         76
  C:22CCH         LINE#         77
  C:22CEH         LINE#         78
  C:22CFH         LINE#         79
  C:22D2H         LINE#         80
  C:22D6H         LINE#         81
  C:22DCH         LINE#         82
  C:22DFH         LINE#         83
  C:22E3H         LINE#         84
BL51 BANKED LINKER/LOCATER V6.22                                                      05/27/2025  21:42:52  PAGE 43


  C:22EAH         LINE#         85
  C:22EAH         LINE#         86
  -------         ENDPROC       I2C_READBYTE
  -------         PROC          _EEPROM_WRITE
  D:0004H         SYMBOL        addr
  D:0005H         SYMBOL        dat
  C:236BH         LINE#         93
  C:236DH         LINE#         94
  C:2370H         LINE#         95
  C:2375H         LINE#         96
  C:237AH         LINE#         97
  C:237FH         LINE#         98
  C:2382H         LINE#         99
  -------         ENDPROC       _EEPROM_WRITE
  -------         PROC          _EEPROM_READ
  D:0005H         SYMBOL        addr
  -------         DO            
  D:0007H         SYMBOL        dat
  -------         ENDDO         
  C:234BH         LINE#         107
  C:234DH         LINE#         109
  C:2350H         LINE#         110
  C:2355H         LINE#         111
  C:235AH         LINE#         113
  C:235DH         LINE#         114
  C:2362H         LINE#         115
  C:2367H         LINE#         116
  C:236AH         LINE#         117
  C:236AH         LINE#         118
  -------         ENDPROC       _EEPROM_READ
  -------         PROC          _EEPROM_WRITEULONG
  D:0005H         SYMBOL        addr
  D:002FH         SYMBOL        dat
  C:2198H         LINE#         125
  C:219AH         LINE#         126
  C:219DH         LINE#         127
  C:21A2H         LINE#         128
  C:21A7H         LINE#         131
  C:21ADH         LINE#         132
  C:21B2H         LINE#         133
  C:21B7H         LINE#         134
  C:21C7H         LINE#         136
  C:21CAH         LINE#         137
  -------         ENDPROC       _EEPROM_WRITEULONG
  -------         PROC          _EEPROM_READULONG
  D:0003H         SYMBOL        addr
  -------         DO            
  D:0052H         SYMBOL        dat
  -------         ENDDO         
  C:1769H         LINE#         145
  C:176BH         LINE#         146
  C:1774H         LINE#         147
  C:1777H         LINE#         148
  C:177CH         LINE#         149
  C:1781H         LINE#         151
  C:1784H         LINE#         152
  C:1789H         LINE#         155
BL51 BANKED LINKER/LOCATER V6.22                                                      05/27/2025  21:42:52  PAGE 44


  C:1797H         LINE#         156
  C:17B9H         LINE#         157
  C:17DBH         LINE#         158
  C:17FDH         LINE#         160
  C:1800H         LINE#         161
  C:1808H         LINE#         162
  -------         ENDPROC       _EEPROM_READULONG
  -------         PROC          ISFIRSTPOWERON
  C:24F0H         LINE#         168
  C:24F0H         LINE#         169
  C:24FEH         LINE#         170
  -------         ENDPROC       ISFIRSTPOWERON
  -------         PROC          SETINITIALIZEDFLAG
  C:25A2H         LINE#         175
  C:25A2H         LINE#         176
  -------         ENDPROC       SETINITIALIZEDFLAG
  -------         PROC          SAVEALARMTOEEPROM
  C:2604H         LINE#         182
  C:2604H         LINE#         189
  -------         ENDPROC       SAVEALARMTOEEPROM
  -------         PROC          READALARMFROMEEPROM
  C:2605H         LINE#         194
  C:2605H         LINE#         205
  -------         ENDPROC       READALARMFROMEEPROM
  -------         PROC          SAVEWATERINGTOEEPROM
  C:23C1H         LINE#         210
  C:23C1H         LINE#         211
  -------         ENDPROC       SAVEWATERINGTOEEPROM
  -------         PROC          READWATERINGFROMEEPROM
  C:255AH         LINE#         217
  C:255AH         LINE#         218
  -------         ENDPROC       READWATERINGFROMEEPROM
  -------         PROC          I2C_INIT
  C:25C5H         LINE#         224
  C:25C5H         LINE#         225
  C:25C7H         LINE#         226
  C:25C9H         LINE#         227
  -------         ENDPROC       I2C_INIT
  -------         PROC          _I2C_SENDBYTE
  D:0007H         SYMBOL        dat
  C:25CAH         LINE#         230
  C:25CAH         LINE#         231
  C:25CDH         LINE#         232
  C:25CEH         LINE#         233
  -------         ENDPROC       _I2C_SENDBYTE
  -------         PROC          I2C_RECEIVEBYTE
  B:0021H.3       SYMBOL        ack
  C:258CH         LINE#         236
  C:258CH         LINE#         237
  C:2593H         LINE#         238
  -------         ENDPROC       I2C_RECEIVEBYTE
  -------         PROC          _AT24C02_WRITEBYTE
  D:0007H         SYMBOL        addr
  D:0005H         SYMBOL        dat
  C:2601H         LINE#         241
  C:2601H         LINE#         242
  -------         ENDPROC       _AT24C02_WRITEBYTE
BL51 BANKED LINKER/LOCATER V6.22                                                      05/27/2025  21:42:52  PAGE 45


  -------         PROC          _AT24C02_READBYTE
  D:0007H         SYMBOL        addr
  C:25D3H         LINE#         246
  C:25D3H         LINE#         247
  C:25D6H         LINE#         248
  -------         ENDPROC       _AT24C02_READBYTE
  -------         PROC          _AT24C02_WRITETOTALFLOW
  D:002AH         SYMBOL        flow
  C:2463H         LINE#         251
  C:246BH         LINE#         252
  -------         ENDPROC       _AT24C02_WRITETOTALFLOW
  -------         PROC          AT24C02_READTOTALFLOW
  C:25B5H         LINE#         256
  C:25B5H         LINE#         257
  C:25BAH         LINE#         258
  -------         ENDPROC       AT24C02_READTOTALFLOW
  -------         ENDMOD        I2C

  -------         MODULE        ?C?CLDPTR
  C:08A7H         PUBLIC        ?C?CLDPTR
  -------         ENDMOD        ?C?CLDPTR

  -------         MODULE        ?C?CLDOPTR
  C:08C0H         PUBLIC        ?C?CLDOPTR
  -------         ENDMOD        ?C?CLDOPTR

  -------         MODULE        ?C?IMUL
  C:08EDH         PUBLIC        ?C?IMUL
  -------         ENDMOD        ?C?IMUL

  -------         MODULE        ?C?UIDIV
  C:08FFH         PUBLIC        ?C?UIDIV
  -------         ENDMOD        ?C?UIDIV

  -------         MODULE        ?C?ULDIV
  C:0990H         PUBLIC        ?C?ULDIV
  -------         ENDMOD        ?C?ULDIV

  -------         MODULE        ?C?ULCMP
  C:0A22H         PUBLIC        ?C?ULCMP
  -------         ENDMOD        ?C?ULCMP

  -------         MODULE        ?C?ULSHR
  C:0A33H         PUBLIC        ?C?ULSHR
  -------         ENDMOD        ?C?ULSHR

  -------         MODULE        ?C?LSHL
  C:0A46H         PUBLIC        ?C?LSHL
  -------         ENDMOD        ?C?LSHL

  -------         MODULE        ?C?LSTXDATA
  C:0A59H         PUBLIC        ?C?LSTXDATA
  -------         ENDMOD        ?C?LSTXDATA

  -------         MODULE        ?C?LSTKXDATA
  C:0A65H         PUBLIC        ?C?LSTKXDATA
  -------         ENDMOD        ?C?LSTKXDATA
BL51 BANKED LINKER/LOCATER V6.22                                                      05/27/2025  21:42:52  PAGE 46



  -------         MODULE        STRNCMP
  D:0039H         PUBLIC        ?_strncmp?BYTE
  C:1B9DH         PUBLIC        _strncmp
  -------         ENDMOD        STRNCMP

  -------         MODULE        STRLEN
  C:2478H         PUBLIC        _STRLEN
  -------         ENDMOD        STRLEN

  -------         MODULE        ?C?MEMSET
  C:0A96H         PUBLIC        ?C?MEMSET
  -------         ENDMOD        ?C?MEMSET

*** WARNING L16: UNCALLED SEGMENT, IGNORED FOR OVERLAY PROCESS
    SEGMENT: ?PR?_PCA_SETDATETIME?PCA

*** WARNING L16: UNCALLED SEGMENT, IGNORED FOR OVERLAY PROCESS
    SEGMENT: ?PR?PCA_GETDISPLAYMODE?PCA

*** WARNING L16: UNCALLED SEGMENT, IGNORED FOR OVERLAY PROCESS
    SEGMENT: ?PR?PCA_TOGGLEDISPLAYMODE?PCA

*** WARNING L16: UNCALLED SEGMENT, IGNORED FOR OVERLAY PROCESS
    SEGMENT: ?PR?PCA_MANUALTOGGLEDISPLAY?PCA

*** WARNING L16: UNCALLED SEGMENT, IGNORED FOR OVERLAY PROCESS
    SEGMENT: ?PR?RELAY_GETSTATE?RELAY

*** WARNING L16: UNCALLED SEGMENT, IGNORED FOR OVERLAY PROCESS
    SEGMENT: ?PR?WAVEGEN_STOP?WAVEGEN

*** WARNING L16: UNCALLED SEGMENT, IGNORED FOR OVERLAY PROCESS
    SEGMENT: ?PR?WAVEGEN_GETSTATE?WAVEGEN

*** WARNING L16: UNCALLED SEGMENT, IGNORED FOR OVERLAY PROCESS
    SEGMENT: ?PR?FLOWMETER_RESETTOTAL?FLOWMETER

*** WARNING L16: UNCALLED SEGMENT, IGNORED FOR OVERLAY PROCESS
    SEGMENT: ?PR?LOADTOTALFLOWFROMEEPROM?FLOWMETER

*** WARNING L16: UNCALLED SEGMENT, IGNORED FOR OVERLAY PROCESS
    SEGMENT: ?PR?FLOWMETER_FORCESAVE?FLOWMETER

*** WARNING L16: UNCALLED SEGMENT, IGNORED FOR OVERLAY PROCESS
    SEGMENT: ?PR?FLOWMETER_GETLASTSAVEDFLOW?FLOWMETER

*** WARNING L16: UNCALLED SEGMENT, IGNORED FOR OVERLAY PROCESS
    SEGMENT: ?PR?FLOWMETER_HASUNSAVEDCHANGES?FLOWMETER

*** WARNING L16: UNCALLED SEGMENT, IGNORED FOR OVERLAY PROCESS
    SEGMENT: ?PR?FLOWMETER_DISPLAYCURRENT?FLOWMETER

*** WARNING L16: UNCALLED SEGMENT, IGNORED FOR OVERLAY PROCESS
    SEGMENT: ?PR?FLOWMETER_DISPLAYTOTAL?FLOWMETER

*** WARNING L16: UNCALLED SEGMENT, IGNORED FOR OVERLAY PROCESS
BL51 BANKED LINKER/LOCATER V6.22                                                      05/27/2025  21:42:52  PAGE 47


    SEGMENT: ?PR?FLOWMETER_GETCURRENTFLOW?FLOWMETER

*** WARNING L16: UNCALLED SEGMENT, IGNORED FOR OVERLAY PROCESS
    SEGMENT: ?PR?ISFIRSTPOWERON?I2C

*** WARNING L16: UNCALLED SEGMENT, IGNORED FOR OVERLAY PROCESS
    SEGMENT: ?PR?SETINITIALIZEDFLAG?I2C

*** WARNING L16: UNCALLED SEGMENT, IGNORED FOR OVERLAY PROCESS
    SEGMENT: ?PR?SAVEALARMTOEEPROM?I2C

*** WARNING L16: UNCALLED SEGMENT, IGNORED FOR OVERLAY PROCESS
    SEGMENT: ?PR?READALARMFROMEEPROM?I2C

*** WARNING L16: UNCALLED SEGMENT, IGNORED FOR OVERLAY PROCESS
    SEGMENT: ?PR?SAVEWATERINGTOEEPROM?I2C

*** WARNING L16: UNCALLED SEGMENT, IGNORED FOR OVERLAY PROCESS
    SEGMENT: ?PR?READWATERINGFROMEEPROM?I2C

*** WARNING L16: UNCALLED SEGMENT, IGNORED FOR OVERLAY PROCESS
    SEGMENT: ?PR?_I2C_SENDBYTE?I2C

*** WARNING L16: UNCALLED SEGMENT, IGNORED FOR OVERLAY PROCESS
    SEGMENT: ?PR?I2C_RECEIVEBYTE?I2C

*** WARNING L16: UNCALLED SEGMENT, IGNORED FOR OVERLAY PROCESS
    SEGMENT: ?PR?_AT24C02_WRITEBYTE?I2C

*** WARNING L16: UNCALLED SEGMENT, IGNORED FOR OVERLAY PROCESS
    SEGMENT: ?PR?_AT24C02_READBYTE?I2C

*** WARNING L15: MULTIPLE CALL TO SEGMENT
    SEGMENT: ?PR?_UART_SENDSTRING?UART
    CALLER1: ?PR?PCA_ISR?PCA
    CALLER2: ?C_C51STARTUP

*** WARNING L15: MULTIPLE CALL TO SEGMENT
    SEGMENT: ?PR?_SENDNUMBER?UART
    CALLER1: ?PR?PCA_ISR?PCA
    CALLER2: ?C_C51STARTUP

*** WARNING L15: MULTIPLE CALL TO SEGMENT
    SEGMENT: ?PR?ENDAUTOWATERINGRECORD?KEYBOARD_CONTROL
    CALLER1: ?PR?PCA_ISR?PCA
    CALLER2: ?C_C51STARTUP

Program Size: data=104.4 xdata=115 code=9734
LINK/LOCATE RUN COMPLETE.  28 WARNING(S),  0 ERROR(S)
