BL51 BANKED LINKER/LOCATER V6.22                                                        05/28/2025  16:35:39  PAGE 1


BL51 BANKED LINKER/LOCATER V6.22, INVOKED BY:
D:\KEIL5\C51\BIN\BL51.EXE .\Objects\main.obj, .\Objects\pca.obj, .\Objects\relay.obj, .\Objects\wavegen.obj, .\Objects\f
>> lowmeter.obj, .\Objects\uart.obj, .\Objects\keyboard_control.obj, .\Objects\i2c.obj TO .\Objects\Project PRINT (.\Lis
>> tings\Project.m51) RAMSIZE (256)


MEMORY MODEL: SMALL


INPUT MODULES INCLUDED:
  .\Objects\main.obj (MAIN)
  .\Objects\pca.obj (PCA)
  .\Objects\relay.obj (RELAY)
  .\Objects\wavegen.obj (WAVEGEN)
  .\Objects\flowmeter.obj (FLOWMETER)
  .\Objects\uart.obj (UART)
  .\Objects\keyboard_control.obj (KEYBOARD_CONTROL)
  .\Objects\i2c.obj (I2C)
  D:\KEIL5\C51\LIB\C51S.LIB (?C_STARTUP)
  D:\KEIL5\C51\LIB\C51S.LIB (?C?CLDPTR)
  D:\KEIL5\C51\LIB\C51S.LIB (?C?CLDOPTR)
  D:\KEIL5\C51\LIB\C51S.LIB (?C?IMUL)
  D:\KEIL5\C51\LIB\C51S.LIB (?C?UIDIV)
  D:\KEIL5\C51\LIB\C51S.LIB (?C?ULDIV)
  D:\KEIL5\C51\LIB\C51S.LIB (?C?ULCMP)
  D:\KEIL5\C51\LIB\C51S.LIB (?C?ULSHR)
  D:\KEIL5\C51\LIB\C51S.LIB (?C?LSHL)
  D:\KEIL5\C51\LIB\C51S.LIB (?C?LSTXDATA)
  D:\KEIL5\C51\LIB\C51S.LIB (?C?LSTKXDATA)
  D:\KEIL5\C51\LIB\C51S.LIB (STRNCMP)
  D:\KEIL5\C51\LIB\C51S.LIB (STRLEN)
  D:\KEIL5\C51\LIB\C51S.LIB (?C?MEMSET)
  D:\KEIL5\C51\LIB\C51S.LIB (?C_INIT)


LINK MAP OF MODULE:  .\Objects\Project (MAIN)


            TYPE    BASE      LENGTH    RELOCATION   SEGMENT NAME
            -----------------------------------------------------

            * * * * * * *   D A T A   M E M O R Y   * * * * * * *
            REG     0000H     0008H     ABSOLUTE     "REG BANK 0"
            DATA    0008H     000DH     UNIT         ?DT?PCA
            DATA    0015H     000BH     UNIT         ?DT?FLOWMETER
            BIT     0020H.0   0000H.4   UNIT         ?BI?PCA
            BIT     0020H.4   0000H.3   UNIT         ?BI?FLOWMETER
            BIT     0020H.7   0000H.2   UNIT         ?BI?MAIN
            BIT     0021H.1   0000H.2   UNIT         ?BI?WAVEGEN
            BIT     0021H.3   0000H.2   UNIT         _BIT_GROUP_
            BIT     0021H.5   0000H.1   UNIT         ?BI?UART
            BIT     0021H.6   0000H.1   UNIT         ?BI?KEYBOARD_CONTROL
                    0021H.7   0000H.1                *** GAP ***
            DATA    0022H     0023H     UNIT         _DATA_GROUP_
            DATA    0045H     0006H     UNIT         ?DT?_FILLCUSTOMDISPBUF?PCA
            DATA    004BH     0002H     UNIT         ?DT?KEYBOARD_CONTROL
            DATA    004DH     0001H     UNIT         ?DT?MAIN
            DATA    004EH     0001H     UNIT         ?DT?UART
BL51 BANKED LINKER/LOCATER V6.22                                                      05/28/2025  16:35:39  PAGE 2


            IDATA   004FH     0001H     UNIT         ?STACK

            * * * * * * *  X D A T A   M E M O R Y  * * * * * * *
            XDATA   0000H     0041H     UNIT         ?XD?KEYBOARD_CONTROL
            XDATA   0041H     0020H     UNIT         ?XD?UART
            XDATA   0061H     000DH     UNIT         ?XD?PCA
            XDATA   006EH     0004H     UNIT         ?XD?FLOWMETER
            XDATA   0072H     0004H     UNIT         ?XD?I2C
            XDATA   0076H     0002H     UNIT         ?XD?MAIN

            * * * * * * *   C O D E   M E M O R Y   * * * * * * *
            CODE    0000H     0003H     ABSOLUTE     
            CODE    0003H     0003H     ABSOLUTE     
            CODE    0006H     0005H     UNIT         ?PR?PCA_GETYEAR?PCA
            CODE    000BH     0003H     ABSOLUTE     
            CODE    000EH     0015H     UNIT         ?PR?WAVEGEN_INIT?WAVEGEN
            CODE    0023H     0003H     ABSOLUTE     
            CODE    0026H     0015H     UNIT         ?CO?FLOWMETER
            CODE    003BH     0003H     ABSOLUTE     
            CODE    003EH     043DH     UNIT         ?PR?UART_COMMANDHANDLER?UART
            CODE    047BH     042CH     UNIT         ?CO?UART
            CODE    08A7H     021BH     UNIT         ?C?LIB_CODE
            CODE    0AC2H     018CH     UNIT         ?CO?MAIN
            CODE    0C4EH     017FH     UNIT         ?PR?PROCESSKEY?MAIN
            CODE    0DCDH     015BH     UNIT         ?PR?KEYBOARDCONTROL_SCAN?KEYBOARD_CONTROL
            CODE    0F28H     011DH     UNIT         ?PR?FLOWMETER_INIT?FLOWMETER
            CODE    1045H     010AH     UNIT         ?PR?TIMEDWATERING_UPDATE?KEYBOARD_CONTROL
            CODE    114FH     00FDH     UNIT         ?PR?FLOWMETER_CALCFLOW?FLOWMETER
            CODE    124CH     00FCH     UNIT         ?PR?UPDATETOTALFLOWDISPLAY?FLOWMETER
            CODE    1348H     00F3H     UNIT         ?PR?UPDATECURRENTFLOWDISPLAY?FLOWMETER
            CODE    143BH     00EEH     UNIT         ?PR?DISPLAYAUTOWATERINGPARAMS?KEYBOARD_CONTROL
            CODE    1529H     00EAH     UNIT         ?PR?PCA_ISR?PCA
            CODE    1613H     00C9H     UNIT         ?PR?_FILLDATEBUF?PCA
            CODE    16DCH     00B0H     UNIT         ?PR?_SENDNUMBER?UART
            CODE    178CH     00A9H     UNIT         ?C_INITSEG
            CODE    1835H     00A7H     UNIT         ?PR?UART_SENDMANUALWATERINGRECORD?UART
            CODE    18DCH     00A7H     UNIT         ?PR?UART_SENDAUTOWATERINGRECORD?UART
            CODE    1983H     00A0H     UNIT         ?PR?_PCA_INCREASETIMEVALUE?PCA
            CODE    1A23H     00A0H     UNIT         ?PR?_EEPROM_READULONG?I2C
            CODE    1AC3H     008CH     UNIT         ?C_C51STARTUP
            CODE    1B4FH     0086H     UNIT         ?PR?MAIN?MAIN
            CODE    1BD5H     0084H     UNIT         ?PR?CALCULATEMANUALDURATION?KEYBOARD_CONTROL
            CODE    1C59H     0084H     UNIT         ?PR?CALCULATEAUTODURATION?KEYBOARD_CONTROL
            CODE    1CDDH     0077H     UNIT         ?PR?ENDMANUALWATERINGRECORD?KEYBOARD_CONTROL
            CODE    1D54H     0077H     UNIT         ?PR?ENDAUTOWATERINGRECORD?KEYBOARD_CONTROL
            CODE    1DCBH     006FH     UNIT         ?PR?_STRNCMP?STRNCMP
            CODE    1E3AH     006EH     UNIT         ?PR?PCA_INIT?PCA
            CODE    1EA8H     0069H     UNIT         ?PR?UART_INIT?UART
            CODE    1F11H     0068H     UNIT         ?PR?_FILLDISPBUF?PCA
            CODE    1F79H     0068H     UNIT         ?PR?_PCA_SETTIME?PCA
            CODE    1FE1H     0068H     UNIT         ?PR?UART_ISR?UART
            CODE    2049H     0066H     UNIT         ?PR?DISP?PCA
            CODE    20AFH     0065H     UNIT         ?PR?_PARSENUMBER?UART
            CODE    2114H     005FH     UNIT         ?PR?_SEND2DIGITS?UART
            CODE    2173H     005EH     UNIT         ?PR?PCA_PROCESSBLINKUPDATE?PCA
            CODE    21D1H     005BH     UNIT         ?PR?_PCA_SETDATE?PCA
            CODE    222CH     0053H     UNIT         ?PR?_FILLCUSTOMDISPBUF8?PCA
BL51 BANKED LINKER/LOCATER V6.22                                                      05/28/2025  16:35:39  PAGE 3


            CODE    227FH     0052H     UNIT         ?PR?PCA_UPDATEDATETIME?PCA
            CODE    22D1H     0044H     UNIT         ?PR?_FILLCUSTOMDISPBUF?PCA
            CODE    2315H     0042H     UNIT         ?PR?STARTAUTOWATERINGRECORD?KEYBOARD_CONTROL
            CODE    2357H     0041H     UNIT         ?PR?STARTMANUALWATERINGRECORD?KEYBOARD_CONTROL
            CODE    2398H     0039H     UNIT         ?PR?_EEPROM_WRITEULONG?I2C
            CODE    23D1H     0033H     UNIT         ?PR?KEYBOARDCONTROL_INIT?KEYBOARD_CONTROL
            CODE    2404H     002BH     UNIT         ?PR?_UART_SENDSTRING?UART
            CODE    242FH     0028H     UNIT         ?PR?SAVETOTALFLOWTOEEPROM?FLOWMETER
            CODE    2457H     0028H     UNIT         ?PR?_I2C_WRITEBYTE?I2C
            CODE    247FH     0027H     UNIT         ?PR?_PCA_ISLEAPYEAR?PCA
            CODE    24A6H     0024H     UNIT         ?PR?_UART_SENDBYTE?UART
            CODE    24CAH     0021H     UNIT         ?PR?I2C_READBYTE?I2C
            CODE    24EBH     0020H     UNIT         ?PR?_DELAY_MS?PCA
            CODE    250BH     0020H     UNIT         ?PR?TIMEDWATERING_STOP?KEYBOARD_CONTROL
            CODE    252BH     001CH     UNIT         ?PR?_PCA_GETDAYSINMONTH?PCA
            CODE    2547H     001CH     UNIT         ?CO?PCA
            CODE    2563H     001CH     UNIT         ?PR?TIMEDWATERING_START?KEYBOARD_CONTROL
            CODE    257FH     001AH     UNIT         ?PR?FLOWMETER_START?FLOWMETER
            CODE    2599H     0019H     UNIT         ?PR?UART_PROCESSCOMMAND?UART
            CODE    25B2H     0016H     UNIT         ?PR?_PCA_SETDISPLAYMODE?PCA
            CODE    25C8H     0016H     UNIT         ?PR?PCA_PROCESSDISPLAYUPDATE?PCA
            CODE    25DEH     0016H     UNIT         ?PR?FLOWMETER_UPDATEDISPLAY?FLOWMETER
            CODE    25F4H     0015H     UNIT         ?PR?_AT24C02_WRITETOTALFLOW?I2C
            CODE    2609H     0015H     UNIT         ?PR?_STRLEN?STRLEN
            CODE    261EH     0014H     UNIT         ?PR?PCA_EXITTIMEEDITMODE?PCA
            CODE    2632H     0013H     UNIT         ?PR?I2C_WAITACK?I2C
            CODE    2645H     000FH     UNIT         ?PR?PCA_PROCESSTIMEUPDATE?PCA
            CODE    2654H     000FH     UNIT         ?PR?FLOWMETER_GETTOTALFLOW?FLOWMETER
            CODE    2663H     000FH     UNIT         ?PR?I2C_SENDACK?I2C
            CODE    2672H     000EH     UNIT         ?PR?WAVEGEN_START?WAVEGEN
            CODE    2680H     000EH     UNIT         ?PR?T0_ISR?WAVEGEN
            CODE    268EH     000EH     UNIT         ?PR?FLOWMETER_RESET?FLOWMETER
            CODE    269CH     000EH     UNIT         ?PR?CHECKANDUPDATEAUTODISPLAY?KEYBOARD_CONTROL
            CODE    26AAH     000DH     UNIT         ?PR?INT0_ISR?FLOWMETER
            CODE    26B7H     000DH     UNIT         ?PR?I2C_START?I2C
            CODE    26C4H     000BH     UNIT         ?PR?RESETDISPBUFF?PCA
            CODE    26CFH     000AH     UNIT         ?PR?I2C_STOP?I2C
            CODE    26D9H     0009H     UNIT         ?PR?KEYDELAY?KEYBOARD_CONTROL
            CODE    26E2H     0007H     UNIT         ?PR?RELAY_INIT?RELAY
            CODE    26E9H     0006H     UNIT         ?PR?_PCA_SETTIMEEDITMODE?PCA
            CODE    26EFH     0006H     UNIT         ?PR?PCA_RESETAUTOTOGGLE?PCA
            CODE    26F5H     0006H     UNIT         ?PR?AT24C02_READTOTALFLOW?I2C
            CODE    26FBH     0005H     UNIT         ?PR?_FLOWMETER_SETMODE?FLOWMETER
            CODE    2700H     0005H     UNIT         ?PR?I2C_INIT?I2C
            CODE    2705H     0003H     UNIT         ?PR?PCA_GETMONTH?PCA
            CODE    2708H     0003H     UNIT         ?PR?PCA_GETDAY?PCA
            CODE    270BH     0003H     UNIT         ?PR?PCA_GETHOUR?PCA
            CODE    270EH     0003H     UNIT         ?PR?PCA_GETMIN?PCA
            CODE    2711H     0003H     UNIT         ?PR?PCA_GETSEC?PCA
            CODE    2714H     0003H     UNIT         ?PR?RELAY_ON?RELAY
            CODE    2717H     0003H     UNIT         ?PR?RELAY_OFF?RELAY
            CODE    271AH     0003H     UNIT         ?PR?FLOWMETER_STOP?FLOWMETER
            CODE    271DH     0003H     UNIT         ?PR?FLOWMETER_GETMODE?FLOWMETER



OVERLAY MAP OF MODULE:   .\Objects\Project (MAIN)
BL51 BANKED LINKER/LOCATER V6.22                                                      05/28/2025  16:35:39  PAGE 4




SEGMENT                                             BIT_GROUP          DATA_GROUP 
  +--> CALLED SEGMENT                            START    LENGTH     START    LENGTH
------------------------------------------------------------------------------------
?PR?PCA_ISR?PCA                                  -----    -----      -----    -----
  +--> ?PR?DISP?PCA
  +--> ?PR?FLOWMETER_GETMODE?FLOWMETER

*** NEW ROOT ***************************************************

?PR?UART_ISR?UART                                -----    -----      0022H    0001H
  +--> ?PR?_UART_SENDBYTE?UART

*** NEW ROOT ***************************************************

?C_C51STARTUP                                    -----    -----      -----    -----
  +--> ?PR?MAIN?MAIN
  +--> ?C_INITSEG

?PR?MAIN?MAIN                                    -----    -----      -----    -----
  +--> ?PR?PCA_INIT?PCA
  +--> ?PR?RELAY_INIT?RELAY
  +--> ?PR?WAVEGEN_INIT?WAVEGEN
  +--> ?PR?WAVEGEN_START?WAVEGEN
  +--> ?PR?UART_INIT?UART
  +--> ?PR?I2C_INIT?I2C
  +--> ?PR?FLOWMETER_INIT?FLOWMETER
  +--> ?PR?KEYBOARDCONTROL_INIT?KEYBOARD_CON...
  +--> ?CO?MAIN
  +--> ?PR?_UART_SENDSTRING?UART
  +--> ?PR?PROCESSKEY?MAIN
  +--> ?PR?KEYBOARDCONTROL_SCAN?KEYBOARD_CON...
  +--> ?PR?CHECKANDUPDATEAUTODISPLAY?KEYBOAR...
  +--> ?PR?FLOWMETER_UPDATEDISPLAY?FLOWMETER
  +--> ?PR?UART_PROCESSCOMMAND?UART
  +--> ?PR?PCA_PROCESSTIMEUPDATE?PCA
  +--> ?PR?PCA_PROCESSDISPLAYUPDATE?PCA
  +--> ?PR?PCA_PROCESSBLINKUPDATE?PCA
  +--> ?PR?_DELAY_MS?PCA

?PR?PCA_INIT?PCA                                 -----    -----      -----    -----
  +--> ?PR?_FILLDISPBUF?PCA
  +--> ?PR?_FILLDATEBUF?PCA

?PR?_FILLDISPBUF?PCA                             -----    -----      -----    -----
  +--> ?PR?RESETDISPBUFF?PCA
  +--> ?CO?PCA

?PR?_FILLDATEBUF?PCA                             -----    -----      002CH    0002H
  +--> ?PR?RESETDISPBUFF?PCA
  +--> ?CO?PCA

?PR?UART_INIT?UART                               -----    -----      -----    -----
  +--> ?CO?UART
  +--> ?PR?_UART_SENDSTRING?UART

BL51 BANKED LINKER/LOCATER V6.22                                                      05/28/2025  16:35:39  PAGE 5


?PR?_UART_SENDSTRING?UART                        -----    -----      0041H    0003H
  +--> ?CO?UART
  +--> ?PR?_UART_SENDBYTE?UART

?PR?FLOWMETER_INIT?FLOWMETER                     -----    -----      0023H    001EH
  +--> ?PR?AT24C02_READTOTALFLOW?I2C
  +--> ?CO?FLOWMETER
  +--> ?PR?_UART_SENDSTRING?UART

?PR?AT24C02_READTOTALFLOW?I2C                    -----    -----      -----    -----
  +--> ?PR?_EEPROM_READULONG?I2C

?PR?_EEPROM_READULONG?I2C                        -----    -----      0041H    0004H
  +--> ?PR?I2C_START?I2C
  +--> ?PR?_I2C_WRITEBYTE?I2C
  +--> ?PR?I2C_READBYTE?I2C
  +--> ?PR?I2C_STOP?I2C

?PR?_I2C_WRITEBYTE?I2C                           -----    -----      -----    -----
  +--> ?PR?I2C_WAITACK?I2C

?PR?I2C_READBYTE?I2C                             0021H.3  0000H.1    -----    -----
  +--> ?PR?I2C_SENDACK?I2C

?PR?I2C_SENDACK?I2C                              0021H.4  0000H.1    -----    -----

?PR?KEYBOARDCONTROL_INIT?KEYBOARD_CON...         -----    -----      -----    -----
  +--> ?PR?I2C_INIT?I2C

?PR?PROCESSKEY?MAIN                              -----    -----      -----    -----
  +--> ?PR?_PCA_SETTIMEEDITMODE?PCA
  +--> ?PR?_PCA_SETDISPLAYMODE?PCA
  +--> ?PR?PCA_RESETAUTOTOGGLE?PCA
  +--> ?PR?STARTMANUALWATERINGRECORD?KEYBOAR...
  +--> ?PR?RELAY_ON?RELAY
  +--> ?PR?FLOWMETER_RESET?FLOWMETER
  +--> ?PR?FLOWMETER_START?FLOWMETER
  +--> ?PR?_FLOWMETER_SETMODE?FLOWMETER
  +--> ?PR?FLOWMETER_UPDATEDISPLAY?FLOWMETER
  +--> ?PR?RELAY_OFF?RELAY
  +--> ?PR?FLOWMETER_STOP?FLOWMETER
  +--> ?PR?ENDMANUALWATERINGRECORD?KEYBOARD_...
  +--> ?PR?_PCA_INCREASETIMEVALUE?PCA
  +--> ?PR?PCA_EXITTIMEEDITMODE?PCA
  +--> ?PR?_DELAY_MS?PCA

?PR?_PCA_SETDISPLAYMODE?PCA                      -----    -----      -----    -----
  +--> ?PR?_FILLDISPBUF?PCA
  +--> ?PR?_FILLDATEBUF?PCA

?PR?STARTMANUALWATERINGRECORD?KEYBOAR...         -----    -----      -----    -----
  +--> ?PR?PCA_GETYEAR?PCA
  +--> ?PR?PCA_GETMONTH?PCA
  +--> ?PR?PCA_GETDAY?PCA
  +--> ?PR?PCA_GETHOUR?PCA
  +--> ?PR?PCA_GETMIN?PCA
  +--> ?PR?PCA_GETSEC?PCA
BL51 BANKED LINKER/LOCATER V6.22                                                      05/28/2025  16:35:39  PAGE 6


  +--> ?PR?FLOWMETER_GETTOTALFLOW?FLOWMETER

?PR?FLOWMETER_UPDATEDISPLAY?FLOWMETER            -----    -----      -----    -----
  +--> ?PR?UPDATECURRENTFLOWDISPLAY?FLOWMETER
  +--> ?PR?UPDATETOTALFLOWDISPLAY?FLOWMETER

?PR?UPDATECURRENTFLOWDISPLAY?FLOWMETER           -----    -----      0023H    000BH
  +--> ?PR?_FILLCUSTOMDISPBUF8?PCA

?PR?_FILLCUSTOMDISPBUF8?PCA                      -----    -----      002EH    0008H
  +--> ?PR?RESETDISPBUFF?PCA
  +--> ?CO?PCA

?PR?UPDATETOTALFLOWDISPLAY?FLOWMETER             -----    -----      0023H    000BH
  +--> ?PR?_FILLCUSTOMDISPBUF8?PCA

?PR?ENDMANUALWATERINGRECORD?KEYBOARD_...         -----    -----      0023H    0004H
  +--> ?PR?PCA_GETYEAR?PCA
  +--> ?PR?PCA_GETMONTH?PCA
  +--> ?PR?PCA_GETDAY?PCA
  +--> ?PR?PCA_GETHOUR?PCA
  +--> ?PR?PCA_GETMIN?PCA
  +--> ?PR?PCA_GETSEC?PCA
  +--> ?PR?FLOWMETER_GETTOTALFLOW?FLOWMETER
  +--> ?PR?CALCULATEMANUALDURATION?KEYBOARD_...
  +--> ?PR?UART_SENDMANUALWATERINGRECORD?UART

?PR?UART_SENDMANUALWATERINGRECORD?UART           -----    -----      -----    -----
  +--> ?CO?UART
  +--> ?PR?_UART_SENDSTRING?UART
  +--> ?PR?_SEND2DIGITS?UART
  +--> ?PR?_SENDNUMBER?UART

?PR?_SEND2DIGITS?UART                            -----    -----      -----    -----
  +--> ?PR?_UART_SENDBYTE?UART

?PR?_SENDNUMBER?UART                             -----    -----      002FH    0004H
  +--> ?PR?_UART_SENDBYTE?UART

?PR?_PCA_INCREASETIMEVALUE?PCA                   -----    -----      -----    -----
  +--> ?PR?_PCA_GETDAYSINMONTH?PCA
  +--> ?PR?_FILLDISPBUF?PCA
  +--> ?PR?_FILLDATEBUF?PCA

?PR?_PCA_GETDAYSINMONTH?PCA                      -----    -----      -----    -----
  +--> ?PR?_PCA_ISLEAPYEAR?PCA
  +--> ?CO?PCA

?PR?PCA_EXITTIMEEDITMODE?PCA                     -----    -----      -----    -----
  +--> ?PR?_FILLDISPBUF?PCA
  +--> ?PR?_FILLDATEBUF?PCA

?PR?KEYBOARDCONTROL_SCAN?KEYBOARD_CON...         -----    -----      0023H    0002H
  +--> ?PR?KEYDELAY?KEYBOARD_CONTROL
  +--> ?PR?TIMEDWATERING_STOP?KEYBOARD_CONTROL
  +--> ?PR?_FILLDISPBUF?PCA
  +--> ?PR?TIMEDWATERING_START?KEYBOARD_CONTROL
BL51 BANKED LINKER/LOCATER V6.22                                                      05/28/2025  16:35:39  PAGE 7



?PR?TIMEDWATERING_STOP?KEYBOARD_CONTROL          -----    -----      -----    -----
  +--> ?PR?RELAY_OFF?RELAY
  +--> ?PR?FLOWMETER_STOP?FLOWMETER
  +--> ?PR?_FLOWMETER_SETMODE?FLOWMETER
  +--> ?PR?ENDAUTOWATERINGRECORD?KEYBOARD_CO...

?PR?ENDAUTOWATERINGRECORD?KEYBOARD_CO...         -----    -----      002BH    0004H
  +--> ?PR?PCA_GETYEAR?PCA
  +--> ?PR?PCA_GETMONTH?PCA
  +--> ?PR?PCA_GETDAY?PCA
  +--> ?PR?PCA_GETHOUR?PCA
  +--> ?PR?PCA_GETMIN?PCA
  +--> ?PR?PCA_GETSEC?PCA
  +--> ?PR?FLOWMETER_GETTOTALFLOW?FLOWMETER
  +--> ?PR?CALCULATEAUTODURATION?KEYBOARD_CO...
  +--> ?PR?UART_SENDAUTOWATERINGRECORD?UART

?PR?UART_SENDAUTOWATERINGRECORD?UART             -----    -----      -----    -----
  +--> ?CO?UART
  +--> ?PR?_UART_SENDSTRING?UART
  +--> ?PR?_SEND2DIGITS?UART
  +--> ?PR?_SENDNUMBER?UART

?PR?TIMEDWATERING_START?KEYBOARD_CONTROL         -----    -----      -----    -----
  +--> ?PR?_FILLDISPBUF?PCA

?PR?CHECKANDUPDATEAUTODISPLAY?KEYBOAR...         -----    -----      -----    -----
  +--> ?PR?DISPLAYAUTOWATERINGPARAMS?KEYBOAR...

?PR?DISPLAYAUTOWATERINGPARAMS?KEYBOAR...         -----    -----      0023H    000AH
  +--> ?PR?_FILLCUSTOMDISPBUF8?PCA

?PR?UART_PROCESSCOMMAND?UART                     -----    -----      -----    -----
  +--> ?PR?UART_COMMANDHANDLER?UART

?PR?UART_COMMANDHANDLER?UART                     -----    -----      0023H    0005H
  +--> ?CO?UART
  +--> ?PR?_STRNCMP?STRNCMP
  +--> ?PR?_STRLEN?STRLEN
  +--> ?PR?_PARSENUMBER?UART
  +--> ?PR?_PCA_GETDAYSINMONTH?PCA
  +--> ?PR?_PCA_SETDATE?PCA
  +--> ?PR?_UART_SENDSTRING?UART
  +--> ?PR?_PCA_SETTIME?PCA
  +--> ?PR?_PCA_SETDISPLAYMODE?PCA
  +--> ?PR?TIMEDWATERING_STOP?KEYBOARD_CONTROL

?PR?_STRNCMP?STRNCMP                             -----    -----      0028H    0008H

?PR?_PARSENUMBER?UART                            -----    -----      0028H    0007H

?PR?_PCA_SETDATE?PCA                             -----    -----      0028H    0004H
  +--> ?PR?_PCA_GETDAYSINMONTH?PCA
  +--> ?PR?FLOWMETER_GETMODE?FLOWMETER
  +--> ?PR?_FILLDATEBUF?PCA

BL51 BANKED LINKER/LOCATER V6.22                                                      05/28/2025  16:35:39  PAGE 8


?PR?_PCA_SETTIME?PCA                             -----    -----      -----    -----
  +--> ?PR?FLOWMETER_GETMODE?FLOWMETER
  +--> ?PR?_FILLDISPBUF?PCA

?PR?PCA_PROCESSTIMEUPDATE?PCA                    -----    -----      -----    -----
  +--> ?PR?PCA_UPDATEDATETIME?PCA
  +--> ?PR?TIMEDWATERING_UPDATE?KEYBOARD_CON...
  +--> ?PR?FLOWMETER_CALCFLOW?FLOWMETER

?PR?PCA_UPDATEDATETIME?PCA                       -----    -----      -----    -----
  +--> ?PR?_PCA_GETDAYSINMONTH?PCA

?PR?TIMEDWATERING_UPDATE?KEYBOARD_CON...         -----    -----      0023H    0008H
  +--> ?PR?FLOWMETER_GETTOTALFLOW?FLOWMETER
  +--> ?PR?RELAY_OFF?RELAY
  +--> ?PR?FLOWMETER_STOP?FLOWMETER
  +--> ?PR?_FLOWMETER_SETMODE?FLOWMETER
  +--> ?PR?_AT24C02_WRITETOTALFLOW?I2C
  +--> ?PR?ENDAUTOWATERINGRECORD?KEYBOARD_CO...
  +--> ?PR?_FILLDISPBUF?PCA
  +--> ?PR?STARTAUTOWATERINGRECORD?KEYBOARD_...
  +--> ?PR?RELAY_ON?RELAY
  +--> ?PR?FLOWMETER_START?FLOWMETER

?PR?_AT24C02_WRITETOTALFLOW?I2C                  -----    -----      002BH    0004H
  +--> ?PR?_EEPROM_WRITEULONG?I2C

?PR?_EEPROM_WRITEULONG?I2C                       -----    -----      002FH    0005H
  +--> ?PR?I2C_START?I2C
  +--> ?PR?_I2C_WRITEBYTE?I2C
  +--> ?PR?I2C_STOP?I2C
  +--> ?PR?_DELAY_MS?PCA

?PR?STARTAUTOWATERINGRECORD?KEYBOARD_...         -----    -----      -----    -----
  +--> ?PR?PCA_GETYEAR?PCA
  +--> ?PR?PCA_GETMONTH?PCA
  +--> ?PR?PCA_GETDAY?PCA
  +--> ?PR?PCA_GETHOUR?PCA
  +--> ?PR?PCA_GETMIN?PCA
  +--> ?PR?PCA_GETSEC?PCA
  +--> ?PR?FLOWMETER_GETTOTALFLOW?FLOWMETER

?PR?FLOWMETER_CALCFLOW?FLOWMETER                 -----    -----      0023H    0004H
  +--> ?PR?SAVETOTALFLOWTOEEPROM?FLOWMETER

?PR?SAVETOTALFLOWTOEEPROM?FLOWMETER              -----    -----      -----    -----
  +--> ?PR?_AT24C02_WRITETOTALFLOW?I2C

?PR?PCA_PROCESSDISPLAYUPDATE?PCA                 -----    -----      -----    -----
  +--> ?PR?_FILLDISPBUF?PCA
  +--> ?PR?_FILLDATEBUF?PCA

?PR?PCA_PROCESSBLINKUPDATE?PCA                   -----    -----      -----    -----
  +--> ?PR?_FILLDATEBUF?PCA
  +--> ?PR?_FILLDISPBUF?PCA


BL51 BANKED LINKER/LOCATER V6.22                                                      05/28/2025  16:35:39  PAGE 9



SYMBOL TABLE OF MODULE:  .\Objects\Project (MAIN)

  VALUE           TYPE          NAME
  ----------------------------------

  -------         MODULE        MAIN
  C:0000H         SYMBOL        _ICE_DUMMY_
  D:0080H         PUBLIC        P0
  D:0090H         PUBLIC        P1
  D:00A0H         PUBLIC        P2
  D:00B0H         PUBLIC        P3
  B:00A8H.7       PUBLIC        EA
  B:0020H.7       PUBLIC        keyPressed
  C:1B4FH         PUBLIC        main
  C:0C4EH         PUBLIC        processKey
  B:0021H.0       PUBLIC        justEnteredSetMode
  D:004DH         PUBLIC        sysState
  B:00B0H.3       PUBLIC        KEY
  X:0076H         PUBLIC        keyPressTime
  -------         PROC          PROCESSKEY
  C:0C4EH         LINE#         34
  C:0C4EH         LINE#         35
  C:0C54H         LINE#         36
  C:0C56H         LINE#         37
  C:0C5DH         LINE#         38
  C:0C5EH         LINE#         39
  C:0C64H         LINE#         40
  C:0C72H         LINE#         43
  C:0C88H         LINE#         44
  C:0C8BH         LINE#         45
  C:0C90H         LINE#         46
  C:0C95H         LINE#         47
  C:0C98H         LINE#         48
  C:0C9AH         LINE#         49
  C:0C9AH         LINE#         50
  C:0C9BH         LINE#         51
  C:0CA7H         LINE#         52
  C:0CB9H         LINE#         54
  C:0CE2H         LINE#         55
  C:0CE2H         LINE#         57
  C:0CF1H         LINE#         58
  C:0CF4H         LINE#         61
  C:0CF7H         LINE#         63
  C:0CFAH         LINE#         64
  C:0CFDH         LINE#         65
  C:0D00H         LINE#         66
  C:0D05H         LINE#         67
  C:0D08H         LINE#         68
  C:0D0BH         LINE#         69
  C:0D0BH         LINE#         70
  C:0D0EH         LINE#         72
  C:0D0EH         LINE#         73
  C:0D11H         LINE#         74
  C:0D14H         LINE#         75
  C:0D17H         LINE#         76
  C:0D1CH         LINE#         79
BL51 BANKED LINKER/LOCATER V6.22                                                      05/28/2025  16:35:39  PAGE 10


  C:0D1FH         LINE#         80
  C:0D22H         LINE#         82
  C:0D22H         LINE#         83
  C:0D24H         LINE#         84
  C:0D26H         LINE#         86
  C:0D26H         LINE#         87
  C:0D28H         LINE#         88
  C:0D2AH         LINE#         90
  C:0D2AH         LINE#         91
  C:0D2CH         LINE#         92
  C:0D2EH         LINE#         94
  C:0D2EH         LINE#         95
  C:0D30H         LINE#         96
  C:0D32H         LINE#         98
  C:0D32H         LINE#         99
  C:0D34H         LINE#         100
  C:0D36H         LINE#         102
  C:0D36H         LINE#         103
  C:0D3BH         LINE#         104
  C:0D3EH         LINE#         105
  C:0D3EH         LINE#         106
  C:0D3EH         LINE#         107
  C:0D4DH         LINE#         109
  C:0D50H         LINE#         110
  C:0D52H         LINE#         111
  C:0D54H         LINE#         112
  C:0D62H         LINE#         113
  C:0D64H         LINE#         116
  C:0D6AH         LINE#         117
  C:0D6DH         LINE#         118
  C:0D70H         LINE#         120
  C:0D75H         LINE#         121
  C:0D78H         LINE#         122
  C:0D7AH         LINE#         124
  C:0D90H         LINE#         125
  C:0D90H         LINE#         126
  C:0D92H         LINE#         127
  C:0D92H         LINE#         128
  C:0D94H         LINE#         129
  C:0D94H         LINE#         130
  C:0D96H         LINE#         131
  C:0D96H         LINE#         132
  C:0D98H         LINE#         133
  C:0D98H         LINE#         134
  C:0D9DH         LINE#         135
  C:0D9FH         LINE#         136
  C:0DA1H         LINE#         137
  C:0DA1H         LINE#         138
  C:0DA6H         LINE#         139
  C:0DA8H         LINE#         140
  C:0DAAH         LINE#         141
  C:0DAAH         LINE#         142
  C:0DAFH         LINE#         143
  C:0DB1H         LINE#         144
  C:0DB3H         LINE#         145
  C:0DB3H         LINE#         146
  C:0DB8H         LINE#         147
BL51 BANKED LINKER/LOCATER V6.22                                                      05/28/2025  16:35:39  PAGE 11


  C:0DBDH         LINE#         148
  C:0DBDH         LINE#         149
  C:0DBDH         LINE#         150
  C:0DBDH         LINE#         151
  C:0DBDH         LINE#         152
  C:0DBDH         LINE#         154
  C:0DBFH         LINE#         155
  C:0DC6H         LINE#         156
  C:0DCCH         LINE#         157
  C:0DCCH         LINE#         158
  -------         ENDPROC       PROCESSKEY
  -------         PROC          MAIN
  C:1B4FH         LINE#         160
  C:1B4FH         LINE#         161
  C:1B51H         LINE#         162
  C:1B54H         LINE#         166
  C:1B57H         LINE#         167
  C:1B5AH         LINE#         168
  C:1B5DH         LINE#         169
  C:1B60H         LINE#         170
  C:1B63H         LINE#         171
  C:1B66H         LINE#         172
  C:1B69H         LINE#         173
  C:1B6CH         LINE#         176
  C:1B75H         LINE#         177
  C:1B7EH         LINE#         178
  C:1B87H         LINE#         179
  C:1B90H         LINE#         180
  C:1B99H         LINE#         181
  C:1BA2H         LINE#         182
  C:1BABH         LINE#         183
  C:1BB4H         LINE#         185
  C:1BB4H         LINE#         186
  C:1BB7H         LINE#         187
  C:1BBAH         LINE#         188
  C:1BBDH         LINE#         189
  C:1BC0H         LINE#         190
  C:1BC3H         LINE#         192
  C:1BC6H         LINE#         193
  C:1BC9H         LINE#         194
  C:1BCCH         LINE#         196
  C:1BD3H         LINE#         197
  -------         ENDPROC       MAIN
  -------         ENDMOD        MAIN

  -------         MODULE        PCA
  C:0000H         SYMBOL        _ICE_DUMMY_
  D:0090H         PUBLIC        P1
  D:00A0H         PUBLIC        P2
  C:1529H         PUBLIC        PCA_isr
  C:26E9H         PUBLIC        _PCA_SetTimeEditMode
  B:00A8H.7       PUBLIC        EA
  X:0061H         SYMBOL        autoToggleCounter
  B:0090H.0       PUBLIC        PCA_LED
  D:00F9H         PUBLIC        CH
  C:247FH         PUBLIC        _PCA_IsLeapYear
  D:00E9H         PUBLIC        CL
BL51 BANKED LINKER/LOCATER V6.22                                                      05/28/2025  16:35:39  PAGE 12


  D:00FAH         PUBLIC        CCAP0H
  B:0020H.0       SYMBOL        watering_check_needed
  D:00FBH         PUBLIC        CCAP1H
  C:2645H         PUBLIC        PCA_ProcessTimeUpdate
  B:00A0H.3       PUBLIC        OE
  D:00EAH         PUBLIC        CCAP0L
  B:00D8H.6       PUBLIC        CR
  B:0020H.1       SYMBOL        time_update_flag
  D:00EBH         PUBLIC        CCAP1L
  D:00DAH         PUBLIC        CCAPM0
  D:00DBH         PUBLIC        CCAPM1
  D:000AH         SYMBOL        blinkState
  B:00A0H.0       PUBLIC        DATA
  X:0062H         PUBLIC        value
  D:00D9H         PUBLIC        CMOD
  D:00D8H         PUBLIC        CCON
  C:161BH         PUBLIC        _FillDateBuf
  B:0020H.2       SYMBOL        display_update_needed
  C:2533H         PUBLIC        _PCA_GetDaysInMonth
  C:227FH         PUBLIC        PCA_UpdateDateTime
  C:2049H         PUBLIC        disp
  D:000BH         PUBLIC        datetime_display_mode
  C:22D1H         PUBLIC        _FillCustomDispBuf
  C:1F17H         PUBLIC        _FillDispBuf
  C:26EFH         PUBLIC        PCA_ResetAutoToggle
  D:000CH         SYMBOL        timeEditMode
  B:0020H.3       SYMBOL        blink_update_needed
  D:000DH         PUBLIC        cnt
  C:25B2H         PUBLIC        _PCA_SetDisplayMode
  C:1E3AH         PUBLIC        PCA_Init
  X:0064H         PUBLIC        value1
  C:24EBH         PUBLIC        _delay_ms
  C:2547H         SYMBOL        LED
  X:0066H         PUBLIC        dispbuff
  C:25C8H         PUBLIC        PCA_ProcessDisplayUpdate
  C:26C4H         PUBLIC        Resetdispbuff
  B:00A0H.2       PUBLIC        RCK
  C:2705H         PUBLIC        PCA_GetMonth
  B:00A0H.1       PUBLIC        SCK
  C:21D1H         PUBLIC        _PCA_SetDate
  C:0006H         PUBLIC        PCA_GetYear
  C:2711H         PUBLIC        PCA_GetSec
  C:222CH         PUBLIC        _FillCustomDispBuf8
  C:2173H         PUBLIC        PCA_ProcessBlinkUpdate
  C:1F79H         PUBLIC        _PCA_SetTime
  C:261EH         PUBLIC        PCA_ExitTimeEditMode
  C:2708H         PUBLIC        PCA_GetDay
  C:270BH         PUBLIC        PCA_GetHour
  C:1983H         PUBLIC        _PCA_IncreaseTimeValue
  D:000EH         PUBLIC        SysPara1
  B:00D8H.0       PUBLIC        CCF0
  C:270EH         PUBLIC        PCA_GetMin
  B:00D8H.1       PUBLIC        CCF1
  -------         PROC          _DELAY_MS
  D:0006H         SYMBOL        ms
  -------         DO            
  D:0004H         SYMBOL        i
BL51 BANKED LINKER/LOCATER V6.22                                                      05/28/2025  16:35:39  PAGE 13


  D:0002H         SYMBOL        j
  -------         ENDDO         
  C:24EBH         LINE#         82
  C:24EBH         LINE#         84
  C:24F5H         LINE#         85
  C:250AH         LINE#         86
  -------         ENDPROC       _DELAY_MS
  -------         PROC          RESETDISPBUFF
  -------         DO            
  D:0007H         SYMBOL        i
  -------         ENDDO         
  C:26C4H         LINE#         88
  C:26C4H         LINE#         90
  C:26CEH         LINE#         91
  -------         ENDPROC       RESETDISPBUFF
  -------         PROC          L?0141
  -------         ENDPROC       L?0141
  -------         PROC          _FILLDISPBUF
  D:0006H         SYMBOL        hour
  D:0005H         SYMBOL        min
  D:0003H         SYMBOL        sec
  C:1F17H         LINE#         93
  C:1F19H         LINE#         94
  C:1F1CH         LINE#         97
  C:1F2BH         LINE#         98
  C:1F38H         LINE#         101
  C:1F3CH         LINE#         104
  C:1F4BH         LINE#         105
  C:1F58H         LINE#         108
  C:1F5CH         LINE#         111
  C:1F6BH         LINE#         112
  C:1F78H         LINE#         113
  -------         ENDPROC       _FILLDISPBUF
  C:1613H         SYMBOL        L?0138
  -------         PROC          L?0137
  -------         ENDPROC       L?0137
  C:1613H         SYMBOL        L?0138
  -------         PROC          _FILLDATEBUF
  D:002CH         SYMBOL        year
  D:0005H         SYMBOL        month
  D:0003H         SYMBOL        day
  C:161BH         LINE#         116
  C:161FH         LINE#         117
  C:1622H         LINE#         120
  C:1631H         LINE#         121
  C:163EH         LINE#         124
  C:164DH         LINE#         125
  C:165AH         LINE#         128
  C:1675H         LINE#         129
  C:1697H         LINE#         130
  C:16B9H         LINE#         131
  C:16DBH         LINE#         132
  -------         ENDPROC       _FILLDATEBUF
  -------         PROC          _FILLCUSTOMDISPBUF8
  D:0006H         SYMBOL        val1
  D:0005H         SYMBOL        val2
  D:0003H         SYMBOL        val3
BL51 BANKED LINKER/LOCATER V6.22                                                      05/28/2025  16:35:39  PAGE 14


  D:0031H         SYMBOL        val4
  D:0032H         SYMBOL        val5
  D:0033H         SYMBOL        val6
  D:0034H         SYMBOL        val7
  D:0035H         SYMBOL        val8
  C:222CH         LINE#         135
  C:222EH         LINE#         136
  C:2231H         LINE#         139
  C:223AH         LINE#         140
  C:2243H         LINE#         141
  C:224CH         LINE#         142
  C:2256H         LINE#         143
  C:2260H         LINE#         144
  C:226AH         LINE#         145
  C:2274H         LINE#         146
  C:227EH         LINE#         147
  -------         ENDPROC       _FILLCUSTOMDISPBUF8
  -------         PROC          _FILLCUSTOMDISPBUF
  D:0006H         SYMBOL        val1
  D:0005H         SYMBOL        val2
  D:0003H         SYMBOL        val3
  D:0048H         SYMBOL        val4
  D:0049H         SYMBOL        val5
  D:004AH         SYMBOL        val6
  C:22D1H         LINE#         150
  C:22D3H         LINE#         151
  C:22D6H         LINE#         154
  C:22DFH         LINE#         155
  C:22E8H         LINE#         156
  C:22F1H         LINE#         157
  C:22FBH         LINE#         158
  C:2305H         LINE#         159
  C:230FH         LINE#         162
  C:2312H         LINE#         163
  C:2314H         LINE#         164
  -------         ENDPROC       _FILLCUSTOMDISPBUF
  -------         PROC          DISP
  -------         DO            
  D:0006H         SYMBOL        i
  D:0008H         SYMBOL        pos
  D:0009H         SYMBOL        mark
  D:0007H         SYMBOL        tmpdata
  -------         ENDDO         
  C:2049H         LINE#         166
  C:2049H         LINE#         173
  C:204BH         LINE#         176
  C:204FH         LINE#         179
  C:2051H         LINE#         181
  C:205BH         LINE#         182
  C:205DH         LINE#         183
  C:205FH         LINE#         184
  C:2063H         LINE#         185
  C:2067H         LINE#         188
  C:2074H         LINE#         189
  C:2076H         LINE#         191
  C:2080H         LINE#         192
  C:2082H         LINE#         193
BL51 BANKED LINKER/LOCATER V6.22                                                      05/28/2025  16:35:39  PAGE 15


  C:2084H         LINE#         194
  C:2088H         LINE#         195
  C:208CH         LINE#         198
  C:208EH         LINE#         199
  C:2090H         LINE#         202
  C:2092H         LINE#         205
  C:2099H         LINE#         206
  C:20A9H         LINE#         207
  C:20AEH         LINE#         208
  -------         ENDPROC       DISP
  -------         PROC          _PCA_SETTIMEEDITMODE
  D:0007H         SYMBOL        position
  C:26E9H         LINE#         219
  C:26E9H         LINE#         220
  C:26EBH         LINE#         221
  C:26EEH         LINE#         222
  -------         ENDPROC       _PCA_SETTIMEEDITMODE
  -------         PROC          PCA_EXITTIMEEDITMODE
  C:261EH         LINE#         225
  C:261EH         LINE#         226
  C:2621H         LINE#         228
  C:2625H         LINE#         229
  C:262EH         LINE#         230
  C:262EH         LINE#         231
  C:2631H         LINE#         232
  C:2631H         LINE#         233
  -------         ENDPROC       PCA_EXITTIMEEDITMODE
  -------         PROC          _PCA_INCREASETIMEVALUE
  D:0007H         SYMBOL        position
  C:1983H         LINE#         236
  C:1983H         LINE#         237
  C:1998H         LINE#         238
  C:1998H         LINE#         239
  C:19A0H         LINE#         240
  C:19AFH         LINE#         241
  C:19B1H         LINE#         242
  C:19B1H         LINE#         243
  C:19B3H         LINE#         244
  C:19BDH         LINE#         246
  C:19C6H         LINE#         247
  C:19CBH         LINE#         248
  C:19CBH         LINE#         249
  C:19CDH         LINE#         250
  C:19CDH         LINE#         251
  C:19CDH         LINE#         252
  C:19D6H         LINE#         253
  C:19D9H         LINE#         254
  C:19D9H         LINE#         255
  C:19DBH         LINE#         256
  C:19DBH         LINE#         257
  C:19ECH         LINE#         258
  C:19EEH         LINE#         259
  C:19EEH         LINE#         260
  C:19FFH         LINE#         261
  C:1A01H         LINE#         262
  C:1A01H         LINE#         263
  C:1A12H         LINE#         264
BL51 BANKED LINKER/LOCATER V6.22                                                      05/28/2025  16:35:39  PAGE 16


  C:1A12H         LINE#         265
  C:1A12H         LINE#         268
  C:1A16H         LINE#         269
  C:1A1FH         LINE#         270
  C:1A1FH         LINE#         271
  C:1A22H         LINE#         272
  C:1A22H         LINE#         273
  -------         ENDPROC       _PCA_INCREASETIMEVALUE
  -------         PROC          _PCA_SETTIME
  D:0007H         SYMBOL        hour
  D:0005H         SYMBOL        min
  D:0003H         SYMBOL        sec
  C:1F79H         LINE#         276
  C:1F79H         LINE#         278
  C:1F8BH         LINE#         279
  C:1F8DH         LINE#         280
  C:1F8FH         LINE#         281
  C:1F91H         LINE#         284
  C:1F97H         LINE#         286
  C:1FC2H         LINE#         288
  C:1FC2H         LINE#         289
  C:1FC8H         LINE#         290
  C:1FCAH         LINE#         291
  C:1FCFH         LINE#         292
  C:1FCFH         LINE#         293
  C:1FCFH         LINE#         296
  C:1FD9H         LINE#         297
  C:1FDDH         LINE#         298
  C:1FE0H         LINE#         299
  C:1FE0H         LINE#         300
  C:1FE0H         LINE#         301
  C:1FE0H         LINE#         302
  -------         ENDPROC       _PCA_SETTIME
  -------         PROC          _PCA_SETDATE
  D:0028H         SYMBOL        year
  D:002AH         SYMBOL        month
  D:002BH         SYMBOL        day
  C:21D1H         LINE#         305
  C:21D9H         LINE#         307
  C:220DH         LINE#         308
  C:220DH         LINE#         309
  C:2213H         LINE#         310
  C:2216H         LINE#         311
  C:2219H         LINE#         314
  C:2223H         LINE#         315
  C:2228H         LINE#         316
  C:222BH         LINE#         317
  C:222BH         LINE#         318
  C:222BH         LINE#         319
  C:222BH         LINE#         320
  -------         ENDPROC       _PCA_SETDATE
  -------         PROC          PCA_GETYEAR
  C:0006H         LINE#         323
  -------         ENDPROC       PCA_GETYEAR
  -------         PROC          PCA_GETMONTH
  C:2705H         LINE#         324
  -------         ENDPROC       PCA_GETMONTH
BL51 BANKED LINKER/LOCATER V6.22                                                      05/28/2025  16:35:39  PAGE 17


  -------         PROC          PCA_GETDAY
  C:2708H         LINE#         325
  -------         ENDPROC       PCA_GETDAY
  -------         PROC          PCA_GETHOUR
  C:270BH         LINE#         326
  -------         ENDPROC       PCA_GETHOUR
  -------         PROC          PCA_GETMIN
  C:270EH         LINE#         327
  -------         ENDPROC       PCA_GETMIN
  -------         PROC          PCA_GETSEC
  C:2711H         LINE#         328
  -------         ENDPROC       PCA_GETSEC
  -------         PROC          _PCA_SETDISPLAYMODE
  D:0007H         SYMBOL        mode
  C:25B2H         LINE#         331
  C:25B2H         LINE#         332
  C:25B4H         LINE#         333
  C:25B8H         LINE#         334
  C:25BBH         LINE#         335
  C:25C4H         LINE#         336
  C:25C4H         LINE#         337
  C:25C7H         LINE#         338
  C:25C7H         LINE#         339
  C:25C7H         LINE#         340
  -------         ENDPROC       _PCA_SETDISPLAYMODE
  -------         PROC          _PCA_ISLEAPYEAR
  D:0002H         SYMBOL        year
  C:247FH         LINE#         343
  C:2483H         LINE#         344
  C:24A5H         LINE#         345
  -------         ENDPROC       _PCA_ISLEAPYEAR
  C:252DH         SYMBOL        L?0140
  -------         PROC          L?0139
  -------         ENDPROC       L?0139
  C:252DH         SYMBOL        L?0140
  -------         PROC          _PCA_GETDAYSINMONTH
  D:0006H         SYMBOL        year
  D:0001H         SYMBOL        month
  -------         DO            
  C:2557H         SYMBOL        daysInMonth
  -------         ENDDO         
  C:2533H         LINE#         347
  C:2535H         LINE#         350
  C:253DH         LINE#         351
  C:2540H         LINE#         352
  C:2540H         LINE#         353
  C:2546H         LINE#         354
  -------         ENDPROC       _PCA_GETDAYSINMONTH
  -------         PROC          PCA_UPDATEDATETIME
  C:227FH         LINE#         357
  C:227FH         LINE#         359
  C:2281H         LINE#         360
  C:2288H         LINE#         361
  C:228BH         LINE#         364
  C:228DH         LINE#         365
  C:2293H         LINE#         366
  C:2296H         LINE#         369
BL51 BANKED LINKER/LOCATER V6.22                                                      05/28/2025  16:35:39  PAGE 18


  C:2298H         LINE#         370
  C:229EH         LINE#         371
  C:22A1H         LINE#         374
  C:22A1H         LINE#         375
  C:22AAH         LINE#         376
  C:22ADH         LINE#         379
  C:22AFH         LINE#         380
  C:22B6H         LINE#         381
  C:22B9H         LINE#         384
  C:22C1H         LINE#         385
  C:22CAH         LINE#         386
  C:22D0H         LINE#         387
  C:22D0H         LINE#         388
  C:22D0H         LINE#         389
  C:22D0H         LINE#         390
  C:22D0H         LINE#         391
  C:22D0H         LINE#         392
  C:22D0H         LINE#         393
  -------         ENDPROC       PCA_UPDATEDATETIME
  -------         PROC          PCA_ISR
  C:1529H         LINE#         395
  C:1546H         LINE#         397
  C:1549H         LINE#         398
  C:154BH         LINE#         399
  C:1554H         LINE#         400
  C:1557H         LINE#         401
  C:1562H         LINE#         402
  C:1565H         LINE#         403
  C:1565H         LINE#         405
  C:156BH         LINE#         406
  C:156DH         LINE#         407
  C:1576H         LINE#         408
  C:1579H         LINE#         409
  C:1584H         LINE#         410
  C:1586H         LINE#         412
  C:158DH         LINE#         413
  C:1590H         LINE#         414
  C:1592H         LINE#         417
  C:1594H         LINE#         420
  C:159BH         LINE#         421
  C:15A5H         LINE#         422
  C:15A5H         LINE#         423
  C:15A7H         LINE#         425
  C:15ADH         LINE#         427
  C:15B1H         LINE#         429
  C:15B7H         LINE#         432
  C:15BDH         LINE#         433
  C:15BFH         LINE#         434
  C:15CBH         LINE#         436
  C:15CBH         LINE#         439
  C:15CDH         LINE#         440
  C:15CFH         LINE#         442
  C:15D5H         LINE#         443
  C:15D7H         LINE#         444
  C:15D7H         LINE#         445
  C:15D7H         LINE#         446
  C:15D9H         LINE#         447
BL51 BANKED LINKER/LOCATER V6.22                                                      05/28/2025  16:35:39  PAGE 19


  C:15EAH         LINE#         449
  C:15F6H         LINE#         450
  C:15F8H         LINE#         451
  C:15F8H         LINE#         452
  C:15F8H         LINE#         453
  -------         ENDPROC       PCA_ISR
  -------         PROC          PCA_INIT
  C:1E3AH         LINE#         455
  C:1E3AH         LINE#         456
  C:1E3AH         LINE#         457
  C:1E3DH         LINE#         461
  C:1E3FH         LINE#         462
  C:1E41H         LINE#         463
  C:1E43H         LINE#         467
  C:1E4DH         LINE#         468
  C:1E56H         LINE#         469
  C:1E59H         LINE#         470
  C:1E64H         LINE#         471
  C:1E67H         LINE#         475
  C:1E70H         LINE#         476
  C:1E79H         LINE#         477
  C:1E7CH         LINE#         478
  C:1E87H         LINE#         479
  C:1E8AH         LINE#         482
  C:1E8CH         LINE#         483
  C:1E8EH         LINE#         484
  C:1E91H         LINE#         487
  C:1E93H         LINE#         488
  C:1E97H         LINE#         490
  C:1E9BH         LINE#         491
  C:1EA4H         LINE#         492
  C:1EA4H         LINE#         493
  C:1EA7H         LINE#         494
  C:1EA7H         LINE#         495
  -------         ENDPROC       PCA_INIT
  -------         PROC          PCA_RESETAUTOTOGGLE
  C:26EFH         LINE#         498
  C:26EFH         LINE#         499
  C:26F4H         LINE#         500
  -------         ENDPROC       PCA_RESETAUTOTOGGLE
  -------         PROC          PCA_PROCESSBLINKUPDATE
  C:2173H         LINE#         502
  C:2173H         LINE#         503
  C:2176H         LINE#         504
  C:2178H         LINE#         507
  C:217FH         LINE#         509
  C:2182H         LINE#         510
  C:2186H         LINE#         511
  C:2193H         LINE#         512
  C:2193H         LINE#         514
  C:2198H         LINE#         515
  C:219AH         LINE#         516
  C:219BH         LINE#         517
  C:219BH         LINE#         518
  C:219DH         LINE#         519
  C:219DH         LINE#         521
  C:21A1H         LINE#         522
BL51 BANKED LINKER/LOCATER V6.22                                                      05/28/2025  16:35:39  PAGE 20


  C:21A1H         LINE#         523
  C:21A3H         LINE#         524
  C:21A3H         LINE#         526
  C:21A7H         LINE#         527
  C:21A7H         LINE#         528
  C:21A9H         LINE#         529
  C:21A9H         LINE#         530
  C:21A9H         LINE#         531
  C:21A9H         LINE#         533
  C:21ACH         LINE#         534
  C:21B0H         LINE#         535
  C:21BDH         LINE#         536
  C:21BDH         LINE#         538
  C:21C1H         LINE#         539
  C:21C1H         LINE#         540
  C:21C3H         LINE#         541
  C:21C3H         LINE#         543
  C:21C7H         LINE#         544
  C:21C7H         LINE#         545
  C:21C9H         LINE#         546
  C:21C9H         LINE#         548
  C:21CEH         LINE#         549
  C:21D0H         LINE#         550
  C:21D0H         LINE#         551
  C:21D0H         LINE#         552
  C:21D0H         LINE#         553
  C:21D0H         LINE#         554
  C:21D0H         LINE#         555
  -------         ENDPROC       PCA_PROCESSBLINKUPDATE
  -------         PROC          PCA_PROCESSTIMEUPDATE
  C:2645H         LINE#         557
  C:2645H         LINE#         558
  C:2648H         LINE#         559
  C:264AH         LINE#         562
  C:264DH         LINE#         565
  C:2650H         LINE#         568
  C:2653H         LINE#         569
  C:2653H         LINE#         570
  -------         ENDPROC       PCA_PROCESSTIMEUPDATE
  -------         PROC          PCA_PROCESSDISPLAYUPDATE
  C:25C8H         LINE#         572
  C:25C8H         LINE#         573
  C:25CBH         LINE#         574
  C:25CDH         LINE#         577
  C:25D1H         LINE#         578
  C:25DAH         LINE#         579
  C:25DAH         LINE#         580
  C:25DDH         LINE#         581
  C:25DDH         LINE#         582
  C:25DDH         LINE#         583
  -------         ENDPROC       PCA_PROCESSDISPLAYUPDATE
  -------         ENDMOD        PCA

  -------         MODULE        RELAY
  C:0000H         SYMBOL        _ICE_DUMMY_
  D:0090H         PUBLIC        P1
  D:00B0H         PUBLIC        P3
BL51 BANKED LINKER/LOCATER V6.22                                                      05/28/2025  16:35:39  PAGE 21


  B:0090H.1       PUBLIC        RELAY_CTRL
  C:2714H         PUBLIC        Relay_On
  B:0090H.0       PUBLIC        RELAY_NODE1
  B:00B0H.2       PUBLIC        RELAY_NODE2
  C:26E2H         PUBLIC        Relay_Init
  C:2717H         PUBLIC        Relay_Off
  -------         PROC          RELAY_INIT
  C:26E2H         LINE#         10
  C:26E2H         LINE#         11
  C:26E4H         LINE#         12
  C:26E6H         LINE#         13
  C:26E8H         LINE#         19
  -------         ENDPROC       RELAY_INIT
  -------         PROC          RELAY_ON
  C:2714H         LINE#         21
  C:2714H         LINE#         22
  C:2716H         LINE#         23
  -------         ENDPROC       RELAY_ON
  -------         PROC          RELAY_OFF
  C:2717H         LINE#         25
  C:2717H         LINE#         26
  C:2719H         LINE#         27
  -------         ENDPROC       RELAY_OFF
  -------         ENDMOD        RELAY

  -------         MODULE        WAVEGEN
  C:0000H         SYMBOL        _ICE_DUMMY_
  D:0090H         PUBLIC        P1
  B:0090H.0       PUBLIC        WAVE_OUT
  C:2672H         PUBLIC        WaveGen_Start
  C:000EH         PUBLIC        WaveGen_Init
  D:0089H         PUBLIC        TMOD
  B:0021H.2       SYMBOL        isRunning
  B:00A8H.1       PUBLIC        ET0
  D:008CH         PUBLIC        TH0
  D:008AH         PUBLIC        TL0
  C:2680H         PUBLIC        T0_ISR
  B:0088H.4       PUBLIC        TR0
  -------         PROC          WAVEGEN_INIT
  C:000EH         LINE#         13
  C:000EH         LINE#         14
  C:0011H         LINE#         15
  C:0014H         LINE#         16
  C:0017H         LINE#         17
  C:001AH         LINE#         18
  C:001CH         LINE#         19
  C:001EH         LINE#         20
  C:0020H         LINE#         21
  C:0022H         LINE#         33
  -------         ENDPROC       WAVEGEN_INIT
  -------         PROC          WAVEGEN_START
  C:2672H         LINE#         36
  C:2672H         LINE#         37
  C:2675H         LINE#         38
  C:2678H         LINE#         39
  C:267BH         LINE#         40
  C:267DH         LINE#         41
BL51 BANKED LINKER/LOCATER V6.22                                                      05/28/2025  16:35:39  PAGE 22


  C:267FH         LINE#         42
  C:267FH         LINE#         43
  -------         ENDPROC       WAVEGEN_START
  -------         PROC          T0_ISR
  -------         DO            
  B:0021H.1       SYMBOL        divider
  -------         ENDDO         
  C:2680H         LINE#         47
  C:2680H         LINE#         51
  C:2683H         LINE#         52
  C:2686H         LINE#         55
  C:2688H         LINE#         56
  C:268BH         LINE#         57
  C:268DH         LINE#         58
  C:268DH         LINE#         59
  -------         ENDPROC       T0_ISR
  -------         ENDMOD        WAVEGEN

  -------         MODULE        FLOWMETER
  C:0000H         SYMBOL        _ICE_DUMMY_
  C:268EH         PUBLIC        FlowMeter_Reset
  D:00A0H         PUBLIC        P2
  C:114FH         PUBLIC        FlowMeter_CalcFlow
  C:257FH         PUBLIC        FlowMeter_Start
  C:0F28H         PUBLIC        FlowMeter_Init
  D:0017H         SYMBOL        saveCounter
  D:0018H         SYMBOL        currentFlow
  C:271AH         PUBLIC        FlowMeter_Stop
  C:271DH         PUBLIC        FlowMeter_GetMode
  C:26FBH         PUBLIC        _FlowMeter_SetMode
  D:001CH         SYMBOL        pulseCount
  D:001EH         SYMBOL        initialDisplayDelay
  C:25DEH         PUBLIC        FlowMeter_UpdateDisplay
  C:2654H         PUBLIC        FlowMeter_GetTotalFlow
  D:001FH         SYMBOL        flowMode
  B:0020H.4       SYMBOL        isRunning
  C:242FH         PUBLIC        SaveTotalFlowToEEPROM
  C:1348H         PUBLIC        UpdateCurrentFlowDisplay
  X:006EH         SYMBOL        lastSavedFlow
  B:00A8H.0       PUBLIC        EX0
  B:0088H.0       PUBLIC        IT0
  B:0020H.5       SYMBOL        needUpdateDisplay
  C:124CH         PUBLIC        UpdateTotalFlowDisplay
  C:26AAH         PUBLIC        INT0_ISR
  B:0020H.6       SYMBOL        totalFlowChanged
  -------         PROC          FLOWMETER_INIT
  -------         DO            
  D:0023H         SYMBOL        flowStr
  D:002FH         SYMBOL        temp
  D:003BH         SYMBOL        i
  D:003CH         SYMBOL        j
  D:003DH         SYMBOL        tempFlow
  -------         ENDDO         
  C:0F28H         LINE#         56
  C:0F28H         LINE#         68
  C:0F2DH         LINE#         71
  C:0F2FH         LINE#         72
BL51 BANKED LINKER/LOCATER V6.22                                                      05/28/2025  16:35:39  PAGE 23


  C:0F31H         LINE#         73
  C:0F35H         LINE#         74
  C:0F3DH         LINE#         79
  C:0F46H         LINE#         81
  C:0F5AH         LINE#         84
  C:0F63H         LINE#         86
  C:0F7CH         LINE#         87
  C:0F82H         LINE#         88
  C:0F85H         LINE#         89
  C:0F9AH         LINE#         90
  C:0F9DH         LINE#         93
  C:0FB6H         LINE#         94
  C:0FD5H         LINE#         95
  C:0FEEH         LINE#         96
  C:0FF0H         LINE#         99
  C:0FF4H         LINE#         100
  C:0FFEH         LINE#         101
  C:0FFEH         LINE#         104
  C:1001H         LINE#         105
  C:100EH         LINE#         106
  C:1021H         LINE#         107
  C:1023H         LINE#         108
  C:102AH         LINE#         110
  C:1032H         LINE#         111
  C:1032H         LINE#         113
  C:103BH         LINE#         115
  C:103DH         LINE#         116
  C:1040H         LINE#         117
  C:1042H         LINE#         118
  C:1044H         LINE#         119
  -------         ENDPROC       FLOWMETER_INIT
  -------         PROC          FLOWMETER_START
  C:257FH         LINE#         122
  C:257FH         LINE#         123
  C:2582H         LINE#         124
  C:2587H         LINE#         125
  C:2589H         LINE#         126
  C:258BH         LINE#         129
  C:2593H         LINE#         132
  C:2595H         LINE#         133
  C:2598H         LINE#         134
  C:2598H         LINE#         135
  -------         ENDPROC       FLOWMETER_START
  -------         PROC          FLOWMETER_STOP
  C:271AH         LINE#         138
  C:271AH         LINE#         139
  C:271CH         LINE#         141
  -------         ENDPROC       FLOWMETER_STOP
  -------         PROC          FLOWMETER_RESET
  C:268EH         LINE#         144
  C:268EH         LINE#         145
  C:2693H         LINE#         146
  C:269BH         LINE#         149
  -------         ENDPROC       FLOWMETER_RESET
  -------         PROC          FLOWMETER_CALCFLOW
  -------         DO            
  D:0016H         SYMBOL        updateCounter
BL51 BANKED LINKER/LOCATER V6.22                                                      05/28/2025  16:35:39  PAGE 24


  -------         DO            
  D:0023H         SYMBOL        oldTotalFlow
  -------         ENDDO         
  -------         DO            
  D:0015H         SYMBOL        displayToggle
  -------         ENDDO         
  -------         ENDDO         
  C:114FH         LINE#         242
  C:114FH         LINE#         245
  C:1156H         LINE#         246
  C:1159H         LINE#         247
  C:1159H         LINE#         248
  C:115BH         LINE#         249
  C:115BH         LINE#         250
  C:115BH         LINE#         253
  C:1167H         LINE#         254
  C:116AH         LINE#         256
  C:1170H         LINE#         257
  C:117AH         LINE#         260
  C:118FH         LINE#         261
  C:11A4H         LINE#         262
  C:11C0H         LINE#         265
  C:11DCH         LINE#         266
  C:11DEH         LINE#         267
  C:11DEH         LINE#         270
  C:1211H         LINE#         271
  C:1214H         LINE#         272
  C:1214H         LINE#         273
  C:1214H         LINE#         274
  C:1214H         LINE#         277
  C:121DH         LINE#         278
  C:1220H         LINE#         281
  C:1223H         LINE#         282
  C:1226H         LINE#         283
  C:1226H         LINE#         284
  C:1226H         LINE#         287
  C:122BH         LINE#         288
  C:122DH         LINE#         289
  C:122DH         LINE#         292
  C:1230H         LINE#         295
  C:1239H         LINE#         296
  C:123CH         LINE#         297
  C:1249H         LINE#         298
  C:124BH         LINE#         299
  C:124BH         LINE#         300
  C:124BH         LINE#         301
  -------         ENDPROC       FLOWMETER_CALCFLOW
  -------         PROC          SAVETOTALFLOWTOEEPROM
  C:242FH         LINE#         330
  C:242FH         LINE#         332
  C:2440H         LINE#         335
  C:2454H         LINE#         336
  C:2456H         LINE#         344
  -------         ENDPROC       SAVETOTALFLOWTOEEPROM
  -------         PROC          FLOWMETER_UPDATEDISPLAY
  C:25DEH         LINE#         347
  C:25DEH         LINE#         348
BL51 BANKED LINKER/LOCATER V6.22                                                      05/28/2025  16:35:39  PAGE 25


  C:25E1H         LINE#         349
  C:25E3H         LINE#         352
  C:25E8H         LINE#         353
  C:25EBH         LINE#         354
  C:25F0H         LINE#         355
  C:25F3H         LINE#         356
  C:25F3H         LINE#         357
  C:25F3H         LINE#         358
  -------         ENDPROC       FLOWMETER_UPDATEDISPLAY
  -------         PROC          UPDATECURRENTFLOWDISPLAY
  -------         DO            
  D:0023H         SYMBOL        val1
  D:0024H         SYMBOL        val2
  D:0025H         SYMBOL        val3
  D:0026H         SYMBOL        val4
  D:0027H         SYMBOL        val5
  D:0028H         SYMBOL        val6
  D:0029H         SYMBOL        val7
  D:0007H         SYMBOL        val8
  D:002AH         SYMBOL        flow_display
  -------         ENDDO         
  C:1348H         LINE#         361
  C:1348H         LINE#         365
  C:1354H         LINE#         368
  C:1357H         LINE#         369
  C:136CH         LINE#         370
  C:138AH         LINE#         371
  C:13A8H         LINE#         372
  C:13C7H         LINE#         373
  C:13E6H         LINE#         374
  C:1406H         LINE#         375
  C:1424H         LINE#         378
  -------         ENDPROC       UPDATECURRENTFLOWDISPLAY
  -------         PROC          UPDATETOTALFLOWDISPLAY
  -------         DO            
  D:0023H         SYMBOL        val1
  D:0024H         SYMBOL        val2
  D:0025H         SYMBOL        val3
  D:0026H         SYMBOL        val4
  D:0027H         SYMBOL        val5
  D:0028H         SYMBOL        val6
  D:0029H         SYMBOL        val7
  D:0007H         SYMBOL        val8
  D:002AH         SYMBOL        flow_ml
  -------         ENDDO         
  C:124CH         LINE#         382
  C:124CH         LINE#         386
  C:1261H         LINE#         389
  C:1264H         LINE#         390
  C:1279H         LINE#         391
  C:1297H         LINE#         392
  C:12B5H         LINE#         393
  C:12D4H         LINE#         394
  C:12F3H         LINE#         395
  C:1313H         LINE#         396
  C:1331H         LINE#         399
  -------         ENDPROC       UPDATETOTALFLOWDISPLAY
BL51 BANKED LINKER/LOCATER V6.22                                                      05/28/2025  16:35:39  PAGE 26


  -------         PROC          _FLOWMETER_SETMODE
  D:0007H         SYMBOL        mode
  C:26FBH         LINE#         403
  C:26FBH         LINE#         404
  C:26FDH         LINE#         407
  C:26FFH         LINE#         408
  -------         ENDPROC       _FLOWMETER_SETMODE
  -------         PROC          FLOWMETER_GETMODE
  C:271DH         LINE#         411
  C:271DH         LINE#         412
  C:271FH         LINE#         413
  -------         ENDPROC       FLOWMETER_GETMODE
  -------         PROC          FLOWMETER_GETTOTALFLOW
  C:2654H         LINE#         416
  C:2654H         LINE#         417
  C:2662H         LINE#         418
  -------         ENDPROC       FLOWMETER_GETTOTALFLOW
  -------         PROC          INT0_ISR
  C:26AAH         LINE#         421
  C:26ACH         LINE#         427
  C:26B4H         LINE#         428
  -------         ENDPROC       INT0_ISR
  -------         ENDMOD        FLOWMETER

  -------         MODULE        UART
  C:0000H         SYMBOL        _ICE_DUMMY_
  D:0090H         PUBLIC        P1
  B:00A8H.7       PUBLIC        EA
  C:1FE1H         PUBLIC        UART_ISR
  B:00A8H.4       PUBLIC        ES
  B:0098H.0       PUBLIC        RI
  X:0041H         SYMBOL        uart_buffer
  B:0098H.1       PUBLIC        TI
  C:003EH         SYMBOL        UART_CommandHandler
  C:240AH         PUBLIC        _UART_SendString
  C:2159H         SYMBOL        _Send2Digits
  D:0099H         PUBLIC        SBUF
  D:0087H         PUBLIC        PCON
  C:1EA8H         PUBLIC        UART_Init
  D:0098H         PUBLIC        SCON
  D:0089H         PUBLIC        TMOD
  C:1835H         PUBLIC        UART_SendManualWateringRecord
  C:24C2H         PUBLIC        _UART_SendByte
  C:2599H         PUBLIC        UART_ProcessCommand
  D:004EH         SYMBOL        uart_count
  D:008DH         PUBLIC        TH1
  D:008BH         PUBLIC        TL1
  B:0088H.6       PUBLIC        TR1
  C:20AFH         SYMBOL        _ParseNumber
  C:18DCH         PUBLIC        UART_SendAutoWateringRecord
  C:16E7H         SYMBOL        _SendNumber
  B:0021H.5       SYMBOL        uart_complete
  -------         PROC          UART_INIT
  C:1EA8H         LINE#         12
  C:1EA8H         LINE#         13
  C:1EABH         LINE#         14
  C:1EAEH         LINE#         17
BL51 BANKED LINKER/LOCATER V6.22                                                      05/28/2025  16:35:39  PAGE 27


  C:1EB1H         LINE#         18
  C:1EB4H         LINE#         21
  C:1EB7H         LINE#         22
  C:1EBAH         LINE#         24
  C:1EBCH         LINE#         25
  C:1EBEH         LINE#         26
  C:1EC0H         LINE#         29
  C:1EC3H         LINE#         30
  C:1EC5H         LINE#         31
  C:1ED2H         LINE#         34
  C:1EDBH         LINE#         35
  C:1EE4H         LINE#         36
  C:1EEDH         LINE#         37
  C:1EF6H         LINE#         38
  C:1EFFH         LINE#         39
  C:1F08H         LINE#         40
  -------         ENDPROC       UART_INIT
  C:24A8H         SYMBOL        L?0078
  -------         PROC          L?0077
  -------         ENDPROC       L?0077
  C:24A8H         SYMBOL        L?0078
  -------         PROC          _UART_SENDBYTE
  D:0007H         SYMBOL        dat
  C:24C2H         LINE#         44
  C:24C2H         LINE#         45
  C:24C4H         LINE#         46
  C:24C7H         LINE#         47
  C:24C9H         LINE#         48
  -------         ENDPROC       _UART_SENDBYTE
  C:2404H         SYMBOL        L?0082
  -------         PROC          L?0081
  -------         ENDPROC       L?0081
  C:2404H         SYMBOL        L?0082
  -------         PROC          _UART_SENDSTRING
  D:0041H         SYMBOL        s
  C:240AH         LINE#         51
  C:2410H         LINE#         52
  C:241BH         LINE#         53
  C:242CH         LINE#         54
  C:242EH         LINE#         55
  -------         ENDPROC       _UART_SENDSTRING
  C:16DCH         SYMBOL        L?0080
  -------         PROC          L?0079
  -------         ENDPROC       L?0079
  C:16DCH         SYMBOL        L?0080
  -------         PROC          _SENDNUMBER
  D:002FH         SYMBOL        num
  C:16E7H         LINE#         58
  C:16EFH         LINE#         59
  C:1702H         LINE#         60
  C:1707H         LINE#         62
  C:1707H         LINE#         65
  C:1724H         LINE#         66
  C:1741H         LINE#         67
  C:175AH         LINE#         68
  C:1773H         LINE#         69
  C:178BH         LINE#         70
BL51 BANKED LINKER/LOCATER V6.22                                                      05/28/2025  16:35:39  PAGE 28


  -------         ENDPROC       _SENDNUMBER
  C:2114H         SYMBOL        L?0076
  -------         PROC          L?0075
  -------         ENDPROC       L?0075
  C:2114H         SYMBOL        L?0076
  -------         PROC          _SEND2DIGITS
  D:0006H         SYMBOL        num
  C:2159H         LINE#         73
  C:215BH         LINE#         74
  C:2166H         LINE#         75
  -------         ENDPROC       _SEND2DIGITS
  -------         PROC          UART_SENDMANUALWATERINGRECORD
  C:1835H         LINE#         79
  C:1835H         LINE#         80
  C:183EH         LINE#         81
  C:1847H         LINE#         84
  C:1850H         LINE#         85
  C:1853H         LINE#         86
  C:1853H         LINE#         87
  C:1853H         LINE#         88
  C:1853H         LINE#         89
  C:1853H         LINE#         90
  C:1853H         LINE#         91
  C:1853H         LINE#         92
  C:1853H         LINE#         93
  C:1853H         LINE#         94
  C:1853H         LINE#         95
  C:1856H         LINE#         96
  C:1859H         LINE#         99
  C:1862H         LINE#         100
  C:1865H         LINE#         101
  C:1865H         LINE#         102
  C:1865H         LINE#         103
  C:1865H         LINE#         104
  C:1865H         LINE#         105
  C:1865H         LINE#         106
  C:1865H         LINE#         107
  C:1865H         LINE#         108
  C:1865H         LINE#         109
  C:1865H         LINE#         110
  C:1868H         LINE#         111
  C:186BH         LINE#         114
  C:1874H         LINE#         115
  C:187AH         LINE#         116
  C:1883H         LINE#         119
  C:188CH         LINE#         120
  C:1892H         LINE#         121
  C:189BH         LINE#         124
  C:18A4H         LINE#         125
  C:18AEH         LINE#         126
  C:18B5H         LINE#         127
  C:18BEH         LINE#         128
  C:18BEH         LINE#         129
  C:18CAH         LINE#         130
  C:18D3H         LINE#         132
  -------         ENDPROC       UART_SENDMANUALWATERINGRECORD
  -------         PROC          UART_SENDAUTOWATERINGRECORD
BL51 BANKED LINKER/LOCATER V6.22                                                      05/28/2025  16:35:39  PAGE 29


  C:18DCH         LINE#         136
  C:18DCH         LINE#         137
  C:18E5H         LINE#         138
  C:18EEH         LINE#         141
  C:18F7H         LINE#         142
  C:18FAH         LINE#         143
  C:18FAH         LINE#         144
  C:18FAH         LINE#         145
  C:18FAH         LINE#         146
  C:18FAH         LINE#         147
  C:18FAH         LINE#         148
  C:18FAH         LINE#         149
  C:18FAH         LINE#         150
  C:18FAH         LINE#         151
  C:18FAH         LINE#         152
  C:18FDH         LINE#         153
  C:1900H         LINE#         156
  C:1909H         LINE#         157
  C:190CH         LINE#         158
  C:190CH         LINE#         159
  C:190CH         LINE#         160
  C:190CH         LINE#         161
  C:190CH         LINE#         162
  C:190CH         LINE#         163
  C:190CH         LINE#         164
  C:190CH         LINE#         165
  C:190CH         LINE#         166
  C:190CH         LINE#         167
  C:190FH         LINE#         168
  C:1912H         LINE#         171
  C:191BH         LINE#         172
  C:1921H         LINE#         173
  C:192AH         LINE#         176
  C:1933H         LINE#         177
  C:1939H         LINE#         178
  C:1942H         LINE#         181
  C:194BH         LINE#         182
  C:1955H         LINE#         183
  C:195CH         LINE#         184
  C:1965H         LINE#         185
  C:1965H         LINE#         186
  C:1971H         LINE#         187
  C:197AH         LINE#         189
  -------         ENDPROC       UART_SENDAUTOWATERINGRECORD
  -------         PROC          _PARSENUMBER
  D:0028H         SYMBOL        str
  D:002BH         SYMBOL        len
  -------         DO            
  D:002CH         SYMBOL        result
  D:002EH         SYMBOL        i
  -------         ENDDO         
  C:20AFH         LINE#         193
  C:20B7H         LINE#         194
  C:20BCH         LINE#         196
  C:20C5H         LINE#         197
  C:20E4H         LINE#         198
  C:2104H         LINE#         199
BL51 BANKED LINKER/LOCATER V6.22                                                      05/28/2025  16:35:39  PAGE 30


  C:2106H         LINE#         200
  C:210BH         LINE#         201
  C:210BH         LINE#         202
  C:210FH         LINE#         203
  C:2113H         LINE#         204
  -------         ENDPROC       _PARSENUMBER
  -------         PROC          UART_COMMANDHANDLER
  -------         DO            
  D:0023H         SYMBOL        year
  D:0025H         SYMBOL        month
  D:0026H         SYMBOL        day
  D:0023H         SYMBOL        hour
  D:0024H         SYMBOL        min
  D:0025H         SYMBOL        sec
  D:0023H         SYMBOL        hour
  D:0024H         SYMBOL        min
  D:0025H         SYMBOL        sec
  D:0026H         SYMBOL        volume
  -------         ENDDO         
  -------         DO            
  D:0023H         SYMBOL        hour
  D:0024H         SYMBOL        min
  D:0025H         SYMBOL        sec
  D:0023H         SYMBOL        hour
  D:0024H         SYMBOL        min
  D:0025H         SYMBOL        sec
  D:0026H         SYMBOL        volume
  -------         ENDDO         
  -------         DO            
  D:0023H         SYMBOL        hour
  D:0024H         SYMBOL        min
  D:0025H         SYMBOL        sec
  D:0026H         SYMBOL        volume
  -------         ENDDO         
  C:003EH         LINE#         207
  C:003EH         LINE#         209
  C:005CH         LINE#         213
  C:0071H         LINE#         214
  C:0080H         LINE#         215
  C:008DH         LINE#         216
  C:009AH         LINE#         219
  C:00D4H         LINE#         220
  C:00D4H         LINE#         222
  C:00DFH         LINE#         224
  C:00E8H         LINE#         225
  C:00EEH         LINE#         226
  C:00F2H         LINE#         227
  C:00F6H         LINE#         228
  C:00F6H         LINE#         229
  C:00F6H         LINE#         230
  C:00F9H         LINE#         231
  C:0102H         LINE#         232
  C:0108H         LINE#         233
  C:0108H         LINE#         234
  C:010BH         LINE#         235
  C:0114H         LINE#         236
  C:011DH         LINE#         237
BL51 BANKED LINKER/LOCATER V6.22                                                      05/28/2025  16:35:39  PAGE 31


  C:0123H         LINE#         238
  C:0123H         LINE#         239
  C:0126H         LINE#         241
  C:0144H         LINE#         242
  C:014AH         LINE#         245
  C:015FH         LINE#         246
  C:0171H         LINE#         247
  C:0183H         LINE#         248
  C:0195H         LINE#         251
  C:01AAH         LINE#         253
  C:01B3H         LINE#         255
  C:01BCH         LINE#         257
  C:01C2H         LINE#         258
  C:01C6H         LINE#         259
  C:01CBH         LINE#         260
  C:01D4H         LINE#         261
  C:01DAH         LINE#         262
  C:01DDH         LINE#         263
  C:01DDH         LINE#         264
  C:01E6H         LINE#         265
  C:01ECH         LINE#         266
  C:01ECH         LINE#         267
  C:01EFH         LINE#         268
  C:01EFH         LINE#         269
  C:01F8H         LINE#         270
  C:0201H         LINE#         271
  C:0207H         LINE#         272
  C:0207H         LINE#         273
  C:020AH         LINE#         275
  C:0225H         LINE#         276
  C:0229H         LINE#         277
  C:022FH         LINE#         278
  C:0232H         LINE#         279
  C:024DH         LINE#         280
  C:0252H         LINE#         281
  C:0258H         LINE#         282
  C:025BH         LINE#         284
  C:0279H         LINE#         289
  C:028EH         LINE#         290
  C:02A0H         LINE#         291
  C:02B2H         LINE#         292
  C:02C4H         LINE#         295
  C:02C9H         LINE#         296
  C:02EBH         LINE#         297
  C:030BH         LINE#         298
  C:0329H         LINE#         299
  C:0342H         LINE#         302
  C:0376H         LINE#         304
  C:037CH         LINE#         305
  C:0380H         LINE#         306
  C:0384H         LINE#         307
  C:038CH         LINE#         308
  C:0392H         LINE#         309
  C:0397H         LINE#         311
  C:03A0H         LINE#         312
  C:03A9H         LINE#         313
  C:03AFH         LINE#         314
BL51 BANKED LINKER/LOCATER V6.22                                                      05/28/2025  16:35:39  PAGE 32


  C:03B3H         LINE#         315
  C:03B8H         LINE#         316
  C:03C1H         LINE#         317
  C:03CAH         LINE#         318
  C:03CFH         LINE#         319
  C:03D8H         LINE#         320
  C:03DEH         LINE#         321
  C:03E1H         LINE#         322
  C:03E1H         LINE#         323
  C:03EAH         LINE#         324
  C:03F3H         LINE#         325
  C:03F9H         LINE#         326
  C:03F9H         LINE#         327
  C:03FBH         LINE#         328
  C:03FBH         LINE#         329
  C:0404H         LINE#         330
  C:040DH         LINE#         331
  C:0413H         LINE#         332
  C:0413H         LINE#         333
  C:0415H         LINE#         335
  C:0430H         LINE#         336
  C:0433H         LINE#         337
  C:0439H         LINE#         338
  C:043BH         LINE#         339
  C:043BH         LINE#         340
  C:0444H         LINE#         341
  C:044DH         LINE#         342
  C:0456H         LINE#         343
  C:045FH         LINE#         344
  C:0468H         LINE#         345
  C:0471H         LINE#         346
  C:047AH         LINE#         347
  C:047AH         LINE#         348
  -------         ENDPROC       UART_COMMANDHANDLER
  -------         PROC          UART_PROCESSCOMMAND
  C:2599H         LINE#         351
  C:2599H         LINE#         352
  C:259CH         LINE#         353
  C:259FH         LINE#         354
  C:25A1H         LINE#         355
  C:25A4H         LINE#         356
  C:25B1H         LINE#         357
  C:25B1H         LINE#         358
  -------         ENDPROC       UART_PROCESSCOMMAND
  -------         PROC          UART_ISR
  -------         DO            
  D:0022H         SYMBOL        ch
  -------         ENDDO         
  C:1FE1H         LINE#         361
  C:1FEEH         LINE#         362
  C:1FF1H         LINE#         363
  C:1FF3H         LINE#         365
  C:1FF6H         LINE#         366
  C:1FF9H         LINE#         369
  C:1FFEH         LINE#         371
  C:2009H         LINE#         372
  C:2016H         LINE#         373
BL51 BANKED LINKER/LOCATER V6.22                                                      05/28/2025  16:35:39  PAGE 33


  C:201DH         LINE#         374
  C:201FH         LINE#         375
  C:201FH         LINE#         376
  C:2021H         LINE#         377
  C:2028H         LINE#         378
  C:2039H         LINE#         379
  C:2039H         LINE#         380
  C:2039H         LINE#         381
  C:2039H         LINE#         383
  C:203CH         LINE#         384
  C:203EH         LINE#         385
  C:203EH         LINE#         386
  -------         ENDPROC       UART_ISR
  -------         ENDMOD        UART

  -------         MODULE        KEYBOARD_CONTROL
  C:0000H         SYMBOL        _ICE_DUMMY_
  B:0090H.3       PUBLIC        KEY_TIME_UP
  D:0090H         PUBLIC        P1
  D:00A0H         PUBLIC        P2
  C:1045H         PUBLIC        TimedWatering_Update
  C:0DCDH         PUBLIC        KeyboardControl_Scan
  B:0090H.2       PUBLIC        KEY_AUTO
  C:23D1H         PUBLIC        KeyboardControl_Init
  B:0090H.4       PUBLIC        KEY_TIME_DOWN
  D:004BH         PUBLIC        param_mode
  C:26D9H         SYMBOL        KeyDelay
  C:2357H         PUBLIC        StartManualWateringRecord
  D:004CH         PUBLIC        auto_display_mode
  C:1CDDH         PUBLIC        EndManualWateringRecord
  C:143BH         PUBLIC        DisplayAutoWateringParams
  X:0000H         PUBLIC        manual_watering_record
  C:2563H         PUBLIC        TimedWatering_Start
  B:0090H.5       PUBLIC        KEY_VOL_UP
  C:1BD5H         SYMBOL        CalculateManualDuration
  C:250BH         PUBLIC        TimedWatering_Stop
  C:269CH         PUBLIC        CheckAndUpdateAutoDisplay
  B:0090H.6       PUBLIC        KEY_VOL_DOWN
  C:2315H         PUBLIC        StartAutoWateringRecord
  X:0019H         PUBLIC        timed_watering
  C:1D54H         PUBLIC        EndAutoWateringRecord
  B:0021H.6       PUBLIC        display_update_flag
  X:0040H         SYMBOL        key_prev_state
  B:0090H.7       PUBLIC        KEY_MODE
  C:1C59H         SYMBOL        CalculateAutoDuration
  -------         PROC          KEYDELAY
  -------         DO            
  D:0007H         SYMBOL        i
  -------         ENDDO         
  C:26D9H         LINE#         25
  C:26D9H         LINE#         26
  C:26DBH         LINE#         27
  C:26E1H         LINE#         28
  -------         ENDPROC       KEYDELAY
  -------         PROC          STARTMANUALWATERINGRECORD
  C:2357H         LINE#         31
  C:2357H         LINE#         33
BL51 BANKED LINKER/LOCATER V6.22                                                      05/28/2025  16:35:39  PAGE 34


  C:235CH         LINE#         34
  C:2367H         LINE#         35
  C:236FH         LINE#         36
  C:2377H         LINE#         37
  C:237FH         LINE#         38
  C:2387H         LINE#         39
  C:238FH         LINE#         42
  -------         ENDPROC       STARTMANUALWATERINGRECORD
  -------         PROC          STARTAUTOWATERINGRECORD
  C:2315H         LINE#         46
  C:2315H         LINE#         48
  C:231BH         LINE#         49
  C:2326H         LINE#         50
  C:232EH         LINE#         51
  C:2336H         LINE#         52
  C:233EH         LINE#         53
  C:2346H         LINE#         54
  C:234EH         LINE#         57
  -------         ENDPROC       STARTAUTOWATERINGRECORD
  -------         PROC          CALCULATEMANUALDURATION
  -------         DO            
  D:0002H         SYMBOL        start_total_sec
[...]
  -------         ENDDO         
  C:1BD5H         LINE#         61
  C:1BD5H         LINE#         65
  C:1BFEH         LINE#         68
  C:1C25H         LINE#         73
  C:1C2CH         LINE#         74
  C:1C34H         LINE#         75
  C:1C34H         LINE#         77
  C:1C3DH         LINE#         78
  C:1C4AH         LINE#         79
  C:1C58H         LINE#         80
  -------         ENDPROC       CALCULATEMANUALDURATION
  -------         PROC          CALCULATEAUTODURATION
  -------         DO            
  D:0002H         SYMBOL        start_total_sec
  D:0006H         SYMBOL        end_total_sec
  D:0002H         SYMBOL        duration
  -------         ENDDO         
  C:1C59H         LINE#         83
  C:1C59H         LINE#         87
  C:1C82H         LINE#         90
  C:1CA9H         LINE#         95
  C:1CB0H         LINE#         96
  C:1CB8H         LINE#         97
  C:1CB8H         LINE#         99
  C:1CC1H         LINE#         100
  C:1CCEH         LINE#         101
  C:1CDCH         LINE#         102
  -------         ENDPROC       CALCULATEAUTODURATION
  -------         PROC          ENDMANUALWATERINGRECORD
  -------         DO            
  D:0023H         SYMBOL        current_total_flow
  -------         ENDDO         
BL51 BANKED LINKER/LOCATER V6.22                                                      05/28/2025  16:35:39  PAGE 35


  C:1CDDH         LINE#         105
  C:1CDDH         LINE#         109
  C:1CE8H         LINE#         110
  C:1CF0H         LINE#         111
  C:1CF8H         LINE#         112
  C:1D00H         LINE#         113
  C:1D08H         LINE#         114
  C:1D10H         LINE#         117
  C:1D1BH         LINE#         118
  C:1D40H         LINE#         119
  C:1D4EH         LINE#         122
  C:1D51H         LINE#         125
  -------         ENDPROC       ENDMANUALWATERINGRECORD
  -------         PROC          ENDAUTOWATERINGRECORD
  -------         DO            
  D:002BH         SYMBOL        current_total_flow
  -------         ENDDO         
  C:1D54H         LINE#         129
  C:1D54H         LINE#         133
  C:1D5FH         LINE#         134
  C:1D67H         LINE#         135
  C:1D6FH         LINE#         136
  C:1D77H         LINE#         137
  C:1D7FH         LINE#         138
  C:1D87H         LINE#         141
  C:1D92H         LINE#         142
  C:1DB7H         LINE#         143
  C:1DC5H         LINE#         146
  C:1DC8H         LINE#         149
  -------         ENDPROC       ENDAUTOWATERINGRECORD
  -------         PROC          KEYBOARDCONTROL_INIT
  C:23D1H         LINE#         153
  C:23D1H         LINE#         155
  C:23D4H         LINE#         158
  C:23D7H         LINE#         161
  C:23DCH         LINE#         162
  C:23E0H         LINE#         163
  C:23E3H         LINE#         164
  C:23E6H         LINE#         165
  C:23EDH         LINE#         166
  C:23F0H         LINE#         167
  C:23F4H         LINE#         168
  C:23F6H         LINE#         169
  C:23FEH         LINE#         171
  C:2401H         LINE#         172
  C:2403H         LINE#         173
  -------         ENDPROC       KEYBOARDCONTROL_INIT
  -------         PROC          KEYBOARDCONTROL_SCAN
  -------         DO            
  D:0023H         SYMBOL        current_keys
  D:0024H         SYMBOL        key_pressed
  -------         ENDDO         
  C:0DCDH         LINE#         280
  C:0DCDH         LINE#         281
  C:0DD0H         LINE#         285
  C:0DD6H         LINE#         286
  C:0DDCH         LINE#         287
BL51 BANKED LINKER/LOCATER V6.22                                                      05/28/2025  16:35:39  PAGE 36


  C:0DE2H         LINE#         288
  C:0DE8H         LINE#         289
  C:0DEEH         LINE#         290
  C:0DF4H         LINE#         293
  C:0DFDH         LINE#         295
  C:0E00H         LINE#         296
  C:0E03H         LINE#         297
  C:0E06H         LINE#         298
  C:0E0CH         LINE#         299
  C:0E0FH         LINE#         300
  C:0E12H         LINE#         301
  C:0E1BH         LINE#         302
  C:0E1DH         LINE#         303
  C:0E1FH         LINE#         304
  C:0E22H         LINE#         305
  C:0E22H         LINE#         306
  C:0E22H         LINE#         307
  C:0E22H         LINE#         309
  C:0E27H         LINE#         310
  C:0E2AH         LINE#         311
  C:0E2DH         LINE#         312
  C:0E34H         LINE#         313
  C:0E37H         LINE#         314
  C:0E39H         LINE#         315
  C:0E39H         LINE#         316
  C:0E39H         LINE#         318
  C:0E3EH         LINE#         319
  C:0E41H         LINE#         320
  C:0E44H         LINE#         321
  C:0E53H         LINE#         322
  C:0E53H         LINE#         323
  C:0E61H         LINE#         324
  C:0E63H         LINE#         325
  C:0E63H         LINE#         326
  C:0E71H         LINE#         327
  C:0E73H         LINE#         328
  C:0E73H         LINE#         329
  C:0E86H         LINE#         330
  C:0E88H         LINE#         331
  C:0E88H         LINE#         332
  C:0E97H         LINE#         333
  C:0EA3H         LINE#         334
  C:0EA3H         LINE#         335
  C:0EA3H         LINE#         336
  C:0EA3H         LINE#         337
  C:0EA6H         LINE#         338
  C:0EA8H         LINE#         339
  C:0EA8H         LINE#         340
  C:0EA8H         LINE#         342
  C:0EADH         LINE#         343
  C:0EB0H         LINE#         344
  C:0EB3H         LINE#         345
  C:0EC2H         LINE#         346
  C:0EC2H         LINE#         347
  C:0ED5H         LINE#         348
  C:0ED7H         LINE#         349
  C:0ED7H         LINE#         350
BL51 BANKED LINKER/LOCATER V6.22                                                      05/28/2025  16:35:39  PAGE 37


  C:0EEAH         LINE#         351
  C:0EECH         LINE#         352
  C:0EECH         LINE#         353
  C:0EFFH         LINE#         354
  C:0F01H         LINE#         355
  C:0F01H         LINE#         356
  C:0F10H         LINE#         357
  C:0F1CH         LINE#         358
  C:0F1CH         LINE#         359
  C:0F1CH         LINE#         360
  C:0F1CH         LINE#         361
  C:0F1FH         LINE#         362
  C:0F21H         LINE#         363
  C:0F21H         LINE#         364
  C:0F21H         LINE#         366
  C:0F27H         LINE#         367
  -------         ENDPROC       KEYBOARDCONTROL_SCAN
  -------         PROC          TIMEDWATERING_START
  C:2563H         LINE#         370
  C:2563H         LINE#         371
  C:2569H         LINE#         372
  C:256EH         LINE#         373
  C:2572H         LINE#         376
  C:2574H         LINE#         377
  C:2576H         LINE#         380
  -------         ENDPROC       TIMEDWATERING_START
  -------         PROC          TIMEDWATERING_STOP
  C:250BH         LINE#         384
  C:250BH         LINE#         385
  C:2510H         LINE#         386
  C:2514H         LINE#         389
  C:251AH         LINE#         390
  C:251CH         LINE#         391
  C:251FH         LINE#         392
  C:2522H         LINE#         393
  C:2527H         LINE#         396
  C:252AH         LINE#         397
  C:252AH         LINE#         398
  -------         ENDPROC       TIMEDWATERING_STOP
  -------         PROC          TIMEDWATERING_UPDATE
  -------         DO            
  D:0023H         SYMBOL        current_total_flow
  D:0027H         SYMBOL        watered_volume
  -------         ENDDO         
  C:1045H         LINE#         401
  C:1045H         LINE#         405
  C:104EH         LINE#         407
  C:1057H         LINE#         409
  C:1062H         LINE#         410
  C:1085H         LINE#         412
  C:109EH         LINE#         414
  C:10A3H         LINE#         415
  C:10A8H         LINE#         417
  C:10ABH         LINE#         418
  C:10AEH         LINE#         419
  C:10B3H         LINE#         422
  C:10BEH         LINE#         425
BL51 BANKED LINKER/LOCATER V6.22                                                      05/28/2025  16:35:39  PAGE 38


  C:10C1H         LINE#         428
  C:10C4H         LINE#         429
  C:10CDH         LINE#         430
  C:10CFH         LINE#         431
  C:10D0H         LINE#         433
  C:10E5H         LINE#         434
  C:10EBH         LINE#         435
  C:10EEH         LINE#         436
  C:10F0H         LINE#         437
  C:10F0H         LINE#         438
  C:10F0H         LINE#         439
  C:10F1H         LINE#         441
  C:110AH         LINE#         444
  C:110AH         LINE#         447
  C:1110H         LINE#         448
  C:111FH         LINE#         449
  C:1128H         LINE#         452
  C:112BH         LINE#         454
  C:112EH         LINE#         455
  C:1131H         LINE#         456
  C:1136H         LINE#         458
  C:1139H         LINE#         459
  C:113BH         LINE#         460
  C:113BH         LINE#         463
  C:114DH         LINE#         464
  C:114DH         LINE#         465
  C:114EH         LINE#         466
  C:114EH         LINE#         467
  C:114EH         LINE#         468
  -------         ENDPROC       TIMEDWATERING_UPDATE
  -------         PROC          DISPLAYAUTOWATERINGPARAMS
  -------         DO            
  D:0023H         SYMBOL        val1
  D:0024H         SYMBOL        val2
  D:0025H         SYMBOL        val3
  D:0026H         SYMBOL        val4
  D:0027H         SYMBOL        val5
  D:0028H         SYMBOL        val6
  D:0029H         SYMBOL        val7
  D:002AH         SYMBOL        val8
  -------         DO            
  D:002BH         SYMBOL        remaining
  -------         ENDDO         
  -------         DO            
  D:002BH         SYMBOL        volume
  -------         ENDDO         
  -------         ENDDO         
  C:143BH         LINE#         471
  C:143BH         LINE#         474
  C:1441H         LINE#         476
  C:1442H         LINE#         477
  C:1442H         LINE#         478
  C:1442H         LINE#         479
  C:1442H         LINE#         480
  C:1442H         LINE#         481
  C:1442H         LINE#         482
  C:1442H         LINE#         483
BL51 BANKED LINKER/LOCATER V6.22                                                      05/28/2025  16:35:39  PAGE 39


  C:1442H         LINE#         484
  C:1442H         LINE#         485
  C:1444H         LINE#         487
  C:1456H         LINE#         488
  C:1456H         LINE#         490
  C:1459H         LINE#         491
  C:145CH         LINE#         492
  C:145CH         LINE#         493
  C:145CH         LINE#         494
  C:145EH         LINE#         496
  C:145EH         LINE#         498
  C:1461H         LINE#         499
  C:1464H         LINE#         500
  C:1464H         LINE#         501
  C:1464H         LINE#         502
  C:1466H         LINE#         504
  C:1466H         LINE#         506
  C:1469H         LINE#         507
  C:1475H         LINE#         508
  C:1481H         LINE#         509
  C:148CH         LINE#         510
  C:148FH         LINE#         512
  C:148FH         LINE#         513
  C:148FH         LINE#         515
  C:1499H         LINE#         516
  C:149CH         LINE#         517
  C:14A9H         LINE#         518
  C:14BDH         LINE#         519
  C:14D1H         LINE#         520
  C:14E5H         LINE#         521
  C:14F9H         LINE#         522
  C:14FCH         LINE#         523
  C:14FEH         LINE#         524
  C:14FEH         LINE#         525
  C:1500H         LINE#         527
  C:1500H         LINE#         528
  C:1511H         LINE#         529
  C:1511H         LINE#         530
  C:1511H         LINE#         531
  C:1511H         LINE#         534
  -------         ENDPROC       DISPLAYAUTOWATERINGPARAMS
  -------         PROC          CHECKANDUPDATEAUTODISPLAY
  C:269CH         LINE#         538
  C:269CH         LINE#         539
  C:269FH         LINE#         540
  C:26A1H         LINE#         542
  C:26A6H         LINE#         543
  C:26A9H         LINE#         544
  C:26A9H         LINE#         545
  C:26A9H         LINE#         546
  -------         ENDPROC       CHECKANDUPDATEAUTODISPLAY
  -------         ENDMOD        KEYBOARD_CONTROL

  -------         MODULE        I2C
  C:0000H         SYMBOL        _ICE_DUMMY_
  D:00A0H         PUBLIC        P2
  C:1A23H         PUBLIC        _EEPROM_ReadULong
BL51 BANKED LINKER/LOCATER V6.22                                                      05/28/2025  16:35:39  PAGE 40


  C:2398H         PUBLIC        _EEPROM_WriteULong
  C:26F5H         PUBLIC        AT24C02_ReadTotalFlow
  C:26B7H         PUBLIC        I2C_Start
  C:25F4H         PUBLIC        _AT24C02_WriteTotalFlow
  C:24CAH         PUBLIC        I2C_ReadByte
  C:2700H         PUBLIC        I2C_Init
  C:2663H         PUBLIC        I2C_SendAck
  X:0072H         PUBLIC        totalFlow
  C:2462H         PUBLIC        _I2C_WriteByte
  C:2632H         PUBLIC        I2C_WaitAck
  C:26CFH         PUBLIC        I2C_Stop
  B:00A0H.5       PUBLIC        SDA
  B:00A0H.6       PUBLIC        SCL
  -------         PROC          I2C_START
  C:26B7H         LINE#         13
  C:26B7H         LINE#         14
  C:26BAH         LINE#         15
  C:26BDH         LINE#         16
  C:26C0H         LINE#         17
  C:26C3H         LINE#         18
  -------         ENDPROC       I2C_START
  -------         PROC          I2C_STOP
  C:26CFH         LINE#         23
  C:26CFH         LINE#         24
  C:26D2H         LINE#         25
  C:26D5H         LINE#         26
  C:26D8H         LINE#         27
  -------         ENDPROC       I2C_STOP
  -------         PROC          I2C_SENDACK
  B:0021H.4       SYMBOL        ack
  C:2663H         LINE#         33
  C:2663H         LINE#         34
  C:2668H         LINE#         35
  C:266BH         LINE#         36
  C:266EH         LINE#         37
  C:2671H         LINE#         38
  -------         ENDPROC       I2C_SENDACK
  -------         PROC          I2C_WAITACK
  C:2632H         LINE#         44
  C:2632H         LINE#         45
  C:2635H         LINE#         46
  C:2638H         LINE#         47
  C:263BH         LINE#         48
  C:263EH         LINE#         49
  C:2640H         LINE#         50
  C:2640H         LINE#         51
  C:2643H         LINE#         52
  C:2644H         LINE#         53
  -------         ENDPROC       I2C_WAITACK
  -------         PROC          L?0021
  -------         ENDPROC       L?0021
  -------         PROC          _I2C_WRITEBYTE
  D:0007H         SYMBOL        dat
  -------         DO            
  D:0006H         SYMBOL        i
  -------         ENDDO         
  C:2462H         LINE#         59
BL51 BANKED LINKER/LOCATER V6.22                                                      05/28/2025  16:35:39  PAGE 41


  C:2462H         LINE#         61
  C:2464H         LINE#         62
  C:246EH         LINE#         63
  C:2471H         LINE#         64
  C:2474H         LINE#         65
  C:2478H         LINE#         66
  C:247CH         LINE#         67
  -------         ENDPROC       _I2C_WRITEBYTE
  -------         PROC          I2C_READBYTE
  B:0021H.3       SYMBOL        ack
  -------         DO            
  D:0006H         SYMBOL        i
  D:0007H         SYMBOL        dat
  -------         ENDDO         
  C:24CAH         LINE#         75
  C:24CAH         LINE#         76
  C:24CCH         LINE#         77
  C:24CEH         LINE#         78
  C:24CFH         LINE#         79
  C:24D2H         LINE#         80
  C:24D6H         LINE#         81
  C:24DCH         LINE#         82
  C:24DFH         LINE#         83
  C:24E3H         LINE#         84
  C:24EAH         LINE#         85
  C:24EAH         LINE#         86
  -------         ENDPROC       I2C_READBYTE
  -------         PROC          _EEPROM_WRITEULONG
  D:0005H         SYMBOL        addr
  D:0030H         SYMBOL        dat
  C:2398H         LINE#         94
  C:239AH         LINE#         95
  C:239DH         LINE#         96
  C:23A2H         LINE#         97
  C:23A7H         LINE#         100
  C:23ADH         LINE#         101
  C:23B2H         LINE#         102
  C:23B7H         LINE#         103
  C:23C7H         LINE#         105
  C:23CAH         LINE#         106
  -------         ENDPROC       _EEPROM_WRITEULONG
  -------         PROC          _EEPROM_READULONG
  D:0003H         SYMBOL        addr
  -------         DO            
  D:0041H         SYMBOL        dat
  -------         ENDDO         
  C:1A23H         LINE#         114
  C:1A25H         LINE#         115
  C:1A2EH         LINE#         116
  C:1A31H         LINE#         117
  C:1A36H         LINE#         118
  C:1A3BH         LINE#         120
  C:1A3EH         LINE#         121
  C:1A43H         LINE#         124
  C:1A51H         LINE#         125
  C:1A73H         LINE#         126
  C:1A95H         LINE#         127
BL51 BANKED LINKER/LOCATER V6.22                                                      05/28/2025  16:35:39  PAGE 42


  C:1AB7H         LINE#         129
  C:1ABAH         LINE#         130
  C:1AC2H         LINE#         131
  -------         ENDPROC       _EEPROM_READULONG
  -------         PROC          I2C_INIT
  C:2700H         LINE#         136
  C:2700H         LINE#         137
  C:2702H         LINE#         138
  C:2704H         LINE#         139
  -------         ENDPROC       I2C_INIT
  -------         PROC          _AT24C02_WRITETOTALFLOW
  D:002BH         SYMBOL        flow
  C:25F4H         LINE#         142
  C:25FCH         LINE#         143
  -------         ENDPROC       _AT24C02_WRITETOTALFLOW
  -------         PROC          AT24C02_READTOTALFLOW
  C:26F5H         LINE#         147
  C:26F5H         LINE#         148
  C:26FAH         LINE#         149
  -------         ENDPROC       AT24C02_READTOTALFLOW
  -------         ENDMOD        I2C

  -------         MODULE        ?C?CLDPTR
  C:08A7H         PUBLIC        ?C?CLDPTR
  -------         ENDMOD        ?C?CLDPTR

  -------         MODULE        ?C?CLDOPTR
  C:08C0H         PUBLIC        ?C?CLDOPTR
  -------         ENDMOD        ?C?CLDOPTR

  -------         MODULE        ?C?IMUL
  C:08EDH         PUBLIC        ?C?IMUL
  -------         ENDMOD        ?C?IMUL

  -------         MODULE        ?C?UIDIV
  C:08FFH         PUBLIC        ?C?UIDIV
  -------         ENDMOD        ?C?UIDIV

  -------         MODULE        ?C?ULDIV
  C:0990H         PUBLIC        ?C?ULDIV
  -------         ENDMOD        ?C?ULDIV

  -------         MODULE        ?C?ULCMP
  C:0A22H         PUBLIC        ?C?ULCMP
  -------         ENDMOD        ?C?ULCMP

  -------         MODULE        ?C?ULSHR
  C:0A33H         PUBLIC        ?C?ULSHR
  -------         ENDMOD        ?C?ULSHR

  -------         MODULE        ?C?LSHL
  C:0A46H         PUBLIC        ?C?LSHL
  -------         ENDMOD        ?C?LSHL

  -------         MODULE        ?C?LSTXDATA
  C:0A59H         PUBLIC        ?C?LSTXDATA
  -------         ENDMOD        ?C?LSTXDATA
BL51 BANKED LINKER/LOCATER V6.22                                                      05/28/2025  16:35:39  PAGE 43



  -------         MODULE        ?C?LSTKXDATA
  C:0A65H         PUBLIC        ?C?LSTKXDATA
  -------         ENDMOD        ?C?LSTKXDATA

  -------         MODULE        STRNCMP
  D:0028H         PUBLIC        ?_strncmp?BYTE
  C:1DCBH         PUBLIC        _strncmp
  -------         ENDMOD        STRNCMP

  -------         MODULE        STRLEN
  C:2609H         PUBLIC        _STRLEN
  -------         ENDMOD        STRLEN

  -------         MODULE        ?C?MEMSET
  C:0A96H         PUBLIC        ?C?MEMSET
  -------         ENDMOD        ?C?MEMSET

*** WARNING L16: UNCALLED SEGMENT, IGNORED FOR OVERLAY PROCESS
    SEGMENT: ?PR?_FILLCUSTOMDISPBUF?PCA

Program Size: data=79.7 xdata=120 code=10016
LINK/LOCATE RUN COMPLETE.  1 WARNING(S),  0 ERROR(S)
