C51 COMPILER V9.54   WAVEGEN                                                               05/28/2025 12:47:22 PAGE 1   


C51 COMPILER V9.54, COMPILATION OF MODULE WAVEGEN
OBJECT MODULE PLACED IN .\Objects\wavegen.obj
COMPILER INVOKED BY: D:\Keil5\C51\BIN\C51.EXE wavegen.c OPTIMIZE(8,SPEED) BROWSE DEBUG OBJECTEXTEND PRINT(.\Listings\wav
                    -egen.lst) OBJECT(.\Objects\wavegen.obj)

line level    source

   1          #include "wavegen.h"
   2          #include "intrins.h"
   3          
   4          // 方波输出引脚定义
   5          sbit WAVE_OUT = P1^0;  // 方波输出引脚 - 模拟流量计脉冲输出，通过继电器连接到INT0
   6          
   7          // 最小化状态变量
   8          static bit isRunning = 0;  // 只保留一个必要的状态位
   9          
  10          #define T0_INIT_VAL 0x4C00  // 50ms半周期，10Hz基频，软件2分频得到5Hz
  11          
  12          // 方波发生器初始化
  13          void WaveGen_Init(void) {
  14   1          TMOD &= 0xF0;          // 清除T0的设置位
  15   1          TMOD |= 0x01;          // 设置T0为模式1（16位定时器）
  16   1          TH0 = T0_INIT_VAL >> 8;  // 设置T0初值高字节
  17   1          TL0 = T0_INIT_VAL & 0xFF; // 设置T0初值低字节
  18   1          ET0 = 1;               // 允许T0中断
  19   1          WAVE_OUT = 0;          // 初始输出低电平
  20   1          isRunning = 0;         // 初始状态为停止
  21   1          TR0 = 0;               // T0不开始计时
  22   1      
  23   1          /* 方波发生器引脚连接说明：
  24   1           * - P1.0 (WAVE_OUT) 输出精确5Hz方波信号，模拟流量计脉冲
  25   1           * - 每个完整周期（高→低→高）为200ms，每个半周期100ms
  26   1           * - INT0设置为边沿触发，每个上升沿或下降沿产生一次中断
  27   1           * - 所以5Hz方波会产生10次中断/秒（每个周期2次中断）
  28   1           * - 但流量计算应该按完整周期计算，即5个脉冲/秒
  29   1           * - 该信号通过继电器的常开触点连接到INT0 (P3.2)
  30   1           * - 当继电器闭合（浇水开始）时，脉冲信号传导到INT0，模拟水流产生的脉冲
  31   1           * - 每个脉冲代表1毫升的水流过，5Hz频率意味着每秒5毫升的基础流量
  32   1           */
  33   1      }
  34          
  35          // 启动方波发生器
  36          void WaveGen_Start(void) {
  37   1          if (!isRunning) {
  38   2              TH0 = T0_INIT_VAL >> 8;
  39   2              TL0 = T0_INIT_VAL & 0xFF;
  40   2              TR0 = 1;           // 启动T0
  41   2              isRunning = 1;
  42   2          }
  43   1      }
  44          
  45          
  46          // T0中断服务函数 - 最简化版本
  47          void T0_ISR() interrupt 1 {
  48   1          static bit divider = 0;
  49   1          
  50   1          // 重新加载计数初值
  51   1          TH0 = T0_INIT_VAL >> 8;
  52   1          TL0 = T0_INIT_VAL & 0xFF;
  53   1          
  54   1          // 软件2分频
C51 COMPILER V9.54   WAVEGEN                                                               05/28/2025 12:47:22 PAGE 2   

  55   1          divider = !divider;
  56   1          if(!divider) {
  57   2              WAVE_OUT = !WAVE_OUT;
  58   2          }
  59   1      }


MODULE INFORMATION:   STATIC OVERLAYABLE
   CODE SIZE        =     49    ----
   CONSTANT SIZE    =   ----    ----
   XDATA SIZE       =   ----    ----
   PDATA SIZE       =   ----    ----
   DATA SIZE        =   ----    ----
   IDATA SIZE       =   ----    ----
   BIT SIZE         =      2    ----
END OF MODULE INFORMATION.


C51 COMPILATION COMPLETE.  0 WARNING(S),  0 ERROR(S)
